******************************************************************************
            TI ARM Clang Linker Unix v4.0.1                    
******************************************************************************
>> Linked Thu Jan 23 13:44:40 2025

OUTPUT FILE NAME:   <Tester.out>
ENTRY POINT SYMBOL: "_c_int00_noargs"  address: 00001795


MEMORY CONFIGURATION

         name            origin    length      used     unused   attr    fill
----------------------  --------  ---------  --------  --------  ----  --------
  FLASH                 00000000   00020000  00001e28  0001e1d8  R  X
  SRAM                  20200000   00008000  000007c5  0000783b  RW X
  BCR_CONFIG            41c00000   00000080  00000000  00000080  R   
  BSL_CONFIG            41c00100   00000080  00000000  00000080  R   


SEGMENT ALLOCATION MAP

run origin  load origin   length   init length attrs members
----------  ----------- ---------- ----------- ----- -------
00000000    00000000    00001e28   00001e28    r-x
  00000000    00000000    000000c0   000000c0    r-- .intvecs
  000000c0    000000c0    00001930   00001930    r-x .text
  000019f0    000019f0    000003a8   000003a8    r-- .rodata
  00001d98    00001d98    00000090   00000090    r-- .cinit
20200000    20200000    000005c5   00000000    rw-
  20200000    20200000    00000200   00000000    rw- .sysmem
  20200200    20200200    000001ec   00000000    rw- .bss
  202003ec    202003ec    000001d9   00000000    rw- .data
20207e00    20207e00    00000200   00000000    rw-
  20207e00    20207e00    00000200   00000000    rw- .stack


SECTION ALLOCATION MAP

 output                                  attributes/
section   page    origin      length       input sections
--------  ----  ----------  ----------   ----------------
.intvecs   0    00000000    000000c0     
                  00000000    000000c0     startup_mspm0g3507_ticlang.o (.intvecs)

.text      0    000000c0    00001930     
                  000000c0    00000328     Testermain.o (.text.Test)
                  000003e8    000001b4     Clock.o (.text.Clock_Init80MHz)
                  0000059c    00000154     libc.a : fopen.c.obj (.text._openfile)
                  000006f0    00000114            : memory.c.obj (.text.aligned_alloc)
                  00000804    00000104     Testermain.o (.text.main)
                  00000908    000000ec     libsysbm.a : add_device.c.obj (.text.add_device)
                  000009f4    000000e8     UARTbusywait.o (.text.UART_Init)
                  00000adc    000000e8     libc.a : memory.c.obj (.text.free)
                  00000bc4    000000e0            : setvbuf.c.obj (.text.setvbuf)
                  00000ca4    000000a0     libsysbm.a : open.c.obj (.text.open)
                  00000d44    00000094     UART.o (.text.UART_InitPrintf)
                  00000dd8    00000008     libclang_rt.builtins.a : aeabi_memcpy.S.obj (.text.__aeabi_memcpy)
                  00000de0    00000088     libc.a : strcmp-armv6m.S.obj (.text:strcmp)
                  00000e68    0000007c     LaunchPad.o (.text.LaunchPad_Init)
                  00000ee4    0000007c     libc.a : fclose.c.obj (.text.__TI_closefile)
                  00000f60    0000007c            : copy_decompress_lzss.c.obj (.text:decompress:lzss)
                  00000fdc    0000006c     libsysbm.a : hostlseek.c.obj (.text.HOSTlseek)
                  00001048    0000006c                : hostrename.c.obj (.text.HOSTrename)
                  000010b4    0000006c     libc.a : getdevice.c.obj (.text.getdevice)
                  00001120    00000064            : memory.c.obj (.text.split)
                  00001184    00000060     libsysbm.a : hostopen.c.obj (.text.HOSTopen)
                  000011e4    00000058                : hostread.c.obj (.text.HOSTread)
                  0000123c    00000058                : hostwrite.c.obj (.text.HOSTwrite)
                  00001294    00000052     libc.a : fflush.c.obj (.text.__TI_doflush)
                  000012e6    00000002     libclang_rt.builtins.a : aeabi_div0.c.obj (.text.__aeabi_idiv0)
                  000012e8    00000050     libsysbm.a : close.c.obj (.text.close)
                  00001338    00000048                : hostclose.c.obj (.text.HOSTclose)
                  00001380    00000048                : hostunlink.c.obj (.text.HOSTunlink)
                  000013c8    00000040     libclang_rt.builtins.a : aeabi_uidivmod.S.obj (.text.__aeabi_uidivmod)
                  00001408    00000040     libc.a : fopen.c.obj (.text._search_fp)
                  00001448    0000003c            : autoinit.c.obj (.text:__TI_auto_init_nobinit_nopinit)
                  00001484    00000038     LaunchPad.o (.text.ActivatePortA_B)
                  000014bc    00000036     UART.o (.text.UART_OutUDec)
                  000014f2    00000002     libc.a : _lock.c.obj (.text._nop)
                  000014f4    00000034     Clock.o (.text.Clock_Delay1ms)
                  00001528    00000034     libc.a : fopen.c.obj (.text.__TI_cleanup)
                  0000155c    00000034     libsysbm.a : trgmsg.c.obj (.text.__TI_readmsg)
                  00001590    00000034                : trgmsg.c.obj (.text.__TI_writemsg)
                  000015c4    00000034     libc.a : exit.c.obj (.text.exit)
                  000015f8    00000034            : getdevice.c.obj (.text.finddevice)
                  0000162c    00000034            : fopen.c.obj (.text.freopen)
                  00001660    00000034     UART.o (.text.uart_write)
                  00001694    00000030     libc.a : fopen.c.obj (.text.fopen)
                  000016c4    0000002c     UARTbusywait.o (.text.UART_OutChar)
                  000016f0    0000002c     libsysbm.a : unlink.c.obj (.text.unlink)
                  0000171c    00000028     LaunchPad.o (.text.LaunchPad_LED)
                  00001744    00000028     libc.a : memory.c.obj (.text.free_list_insert)
                  0000176c    00000028     libsysbm.a : write.c.obj (.text.write)
                  00001794    00000028     libc.a : boot_cortex_m.c.obj (.text:_c_int00_noargs)
                  000017bc    00000026     UART.o (.text.UART_OutString)
                  000017e2    00000026     UART.o (.text.uart_read)
                  00001808    00000020     LaunchPad.o (.text.LaunchPad_InS3)
                  00001828    00000020     UARTbusywait.o (.text.UART_InChar)
                  00001848    0000001c     startup_mspm0g3507_ticlang.o (.text.Default_Handler)
                  00001864    0000001c     startup_mspm0g3507_ticlang.o (.text.HardFault_Handler)
                  00001880    0000001c     LaunchPad.o (.text.LaunchPad_InS2)
                  0000189c    0000001c     libc.a : memory.c.obj (.text.free_list_remove)
                  000018b8    00000016            : copy_zero_init.c.obj (.text:decompress:ZI:__TI_zero_init_nomemset)
                  000018ce    00000014     UART.o (.text.uart_open)
                  000018e2    00000012     libc.a : memcpy16.S.obj (.text:TI_memcpy_small)
                  000018f4    00000012            : copy_decompress_none.c.obj (.text:decompress:none)
                  00001906    00000010     Clock.o (.text.Clock_Delay)
                  00001916    00000010     LaunchPad.o (.text.Delay)
                  00001926    00000002     --HOLE-- [fill = 0]
                  00001928    00000010     LaunchPad.o (.text.LaunchPad_LEDoff)
                  00001938    0000000e     libc.a : memory.c.obj (.text.OUTLINED_FUNCTION_0)
                  00001946    0000000e     libsysbm.a : hostrename.c.obj (.text.strcpy)
                  00001954    0000000e                : hostrename.c.obj (.text.strlen)
                  00001962    0000000e     UART.o (.text.uart_lseek)
                  00001970    0000000e     libc.a : memset16.S.obj (.text:TI_memset_small)
                  0000197e    00000002     --HOLE-- [fill = 0]
                  00001980    0000000c     Clock.o (.text.Clock_Freq)
                  0000198c    0000000c     LaunchPad.o (.text.LaunchPad_LED1off)
                  00001998    0000000c     LaunchPad.o (.text.LaunchPad_LED1on)
                  000019a4    0000000c     libclang_rt.builtins.a : aeabi_memset.S.obj (.text.__aeabi_memclr)
                  000019b0    0000000c     libc.a : memory.c.obj (.text.malloc)
                  000019bc    0000000c     UART.o (.text.uart_rename)
                  000019c8    0000000a     UART.o (.text.uart_close)
                  000019d2    0000000a     UART.o (.text.uart_unlink)
                  000019dc    00000008     libsysbm.a : remove.c.obj (.text.remove)
                  000019e4    00000004     startup_mspm0g3507_ticlang.o (.text.Reset_Handler)
                  000019e8    00000004     libc.a : pre_init.c.obj (.text._system_pre_init)
                  000019ec    00000004            : exit.c.obj (.text:abort)

.cinit     0    00001d98    00000090     
                  00001d98    00000066     (.cinit..data.load) [load image, compression = lzss]
                  00001dfe    00000002     --HOLE-- [fill = 0]
                  00001e00    0000000c     (__TI_handler_table)
                  00001e0c    00000008     (.cinit..bss.load) [load image, compression = zero_init]
                  00001e14    00000010     (__TI_cinit_table)
                  00001e24    00000004     --HOLE-- [fill = 0]

.rodata    0    000019f0    000003a8     
                  000019f0    000000a0     Testermain.o (.rodata.GroupB)
                  00001a90    00000078     Testermain.o (.rodata.GroupA)
                  00001b08    00000078     Testermain.o (.rodata.GroupE)
                  00001b80    00000064     Testermain.o (.rodata.GroupD)
                  00001be4    00000064     Testermain.o (.rodata.GroupF)
                  00001c48    0000004c     Testermain.o (.rodata.str1.54960906353982887881)
                  00001c94    0000003c     Testermain.o (.rodata.GroupC)
                  00001cd0    0000002e     Testermain.o (.rodata.str1.148771668641610438131)
                  00001cfe    0000001e     Testermain.o (.rodata.str1.104000171459266390301)
                  00001d1c    00000011     Testermain.o (.rodata.str1.156244903923593297241)
                  00001d2d    0000000f     Testermain.o (.rodata.str1.43085841353969072211)
                  00001d3c    0000000e     Testermain.o (.rodata.str1.104877427328732172981)
                  00001d4a    0000000b     Testermain.o (.rodata.str1.40281340918468331781)
                  00001d55    0000000a     Testermain.o (.rodata.str1.68252957873898210811)
                  00001d5f    00000009     Testermain.o (.rodata.str1.19350818935637064261)
                  00001d68    00000009     Testermain.o (.rodata.str1.43891401856282865731)
                  00001d71    00000008     Testermain.o (.rodata.str1.168276005376203088101)
                  00001d79    00000007     Testermain.o (.rodata.str1.4960678153017073641)
                  00001d80    00000006     Testermain.o (.rodata.str1.118160048216668222521)
                  00001d86    00000006     UART.o (.rodata.str1.21568822358977361881)
                  00001d8c    00000005     UART.o (.rodata.str1.89896698754139231731)
                  00001d91    00000002     UART.o (.rodata.str1.89113112096950938821)
                  00001d93    00000005     --HOLE-- [fill = 0]

.init_array 
*          0    00000000    00000000     UNINITIALIZED

.binit     0    00000000    00000000     

.sysmem    0    20200000    00000200     UNINITIALIZED
                  20200000    00000010     libc.a : memory.c.obj (.sysmem)
                  20200010    000001f0     --HOLE--

.bss       0    20200200    000001ec     UNINITIALIZED
                  20200200    00000120     libsysbm.a : trgmsg.c.obj (.bss:_CIOBUF_)
                  20200320    000000a0     libc.a : defs.c.obj (.bss.__TI_tmpnams)
                  202003c0    00000020     (.common:ErrCount)
                  202003e0    00000008     libsysbm.a : hostopen.c.obj (.bss.parmbuf)
                  202003e8    00000004     libc.a : memory.c.obj (.bss.sys_free)

.data      0    202003ec    000001d9     UNINITIALIZED
                  202003ec    000000f0     libc.a : defs.c.obj (.data._ftable)
                  202004dc    00000078     libsysbm.a : host_device.c.obj (.data._device)
                  20200554    00000050                : host_device.c.obj (.data._stream)
                  202005a4    00000008     libc.a : exit.c.obj (.data..L_MergedGlobals)
                  202005ac    00000004     Clock.o (.data.BusFreq)
                  202005b0    00000004     libc.a : defs.c.obj (.data.__TI_ft_end)
                  202005b4    00000004            : _lock.c.obj (.data._lock)
                  202005b8    00000004            : _lock.c.obj (.data._unlock)
                  202005bc    00000001     libsysbm.a : add_device.c.obj (.data.add_device.device_init)
                  202005bd    00000003     --HOLE--
                  202005c0    00000001     libc.a : memory.c.obj (.data.memory_is_initialized)
                  202005c1    00000003     --HOLE--
                  202005c4    00000001     libsysbm.a : open.c.obj (.data.open.stream_init)

.stack     0    20207e00    00000200     UNINITIALIZED
                  20207e00    00000004     libc.a : boot_cortex_m.c.obj (.stack)
                  20207e04    000001fc     --HOLE--

__llvm_prf_cnts 
*          0    20200000    00000000     UNINITIALIZED

__llvm_prf_bits 
*          0    20200000    00000000     UNINITIALIZED

MODULE SUMMARY

       Module                         code   ro data   rw data
       ------                         ----   -------   -------
    ./
       Testermain.o                   1068   918       32     
       Clock.o                        516    0         4      
       UART.o                         396    13        0      
       LaunchPad.o                    336    0         0      
       UARTbusywait.o                 308    0         0      
    +--+------------------------------+------+---------+---------+
       Total:                         2624   931       36     
                                                              
    ./ticlang/
       startup_mspm0g3507_ticlang.o   60     192       0      
    +--+------------------------------+------+---------+---------+
       Total:                         60     192       0      
                                                              
    /Applications/ti/ccs2000/ccs/tools/compiler/ti-cgt-armllvm_4.0.1.LTS/lib/armv6m-ti-none-eabi/c/libc.a
       memory.c.obj                   702    0         5      
       fopen.c.obj                    556    0         0      
       defs.c.obj                     0      0         404    
       setvbuf.c.obj                  224    0         0      
       getdevice.c.obj                160    0         0      
       strcmp-armv6m.S.obj            136    0         0      
       copy_decompress_lzss.c.obj     124    0         0      
       fclose.c.obj                   124    0         0      
       fflush.c.obj                   82     0         0      
       exit.c.obj                     56     0         8      
       autoinit.c.obj                 60     0         0      
       boot_cortex_m.c.obj            40     0         0      
       copy_zero_init.c.obj           22     0         0      
       copy_decompress_none.c.obj     18     0         0      
       memcpy16.S.obj                 18     0         0      
       memset16.S.obj                 14     0         0      
       _lock.c.obj                    2      0         8      
       pre_init.c.obj                 4      0         0      
    +--+------------------------------+------+---------+---------+
       Total:                         2342   0         425    
                                                              
    /Applications/ti/ccs2000/ccs/tools/compiler/ti-cgt-armllvm_4.0.1.LTS/lib/armv6m-ti-none-eabi/c/libsysbm.a
       trgmsg.c.obj                   104    0         288    
       add_device.c.obj               236    0         1      
       host_device.c.obj              0      0         200    
       open.c.obj                     160    0         1      
       hostrename.c.obj               136    0         0      
       hostlseek.c.obj                108    0         0      
       hostopen.c.obj                 96     0         8      
       hostread.c.obj                 88     0         0      
       hostwrite.c.obj                88     0         0      
       close.c.obj                    80     0         0      
       hostclose.c.obj                72     0         0      
       hostunlink.c.obj               72     0         0      
       unlink.c.obj                   44     0         0      
       write.c.obj                    40     0         0      
       remove.c.obj                   8      0         0      
    +--+------------------------------+------+---------+---------+
       Total:                         1332   0         498    
                                                              
    /Applications/ti/ccs2000/ccs/tools/compiler/ti-cgt-armllvm_4.0.1.LTS/lib/armv6m-ti-none-eabi/libclang_rt.builtins.a
       aeabi_uidivmod.S.obj           64     0         0      
       aeabi_memset.S.obj             12     0         0      
       aeabi_memcpy.S.obj             8      0         0      
       aeabi_div0.c.obj               2      0         0      
    +--+------------------------------+------+---------+---------+
       Total:                         86     0         0      
                                                              
       Heap:                          0      0         512    
       Stack:                         0      0         512    
       Linker Generated:              0      138       0      
    +--+------------------------------+------+---------+---------+
       Grand Total:                   6444   1261      1983   


LINKER GENERATED COPY TABLES

__TI_cinit_table @ 00001e14 records: 2, size/record: 8, table size: 16
	.data: load addr=00001d98, load size=00000066 bytes, run addr=202003ec, run size=000001d9 bytes, compression=lzss
	.bss: load addr=00001e0c, load size=00000008 bytes, run addr=20200200, run size=000001ec bytes, compression=zero_init


LINKER GENERATED HANDLER TABLE

__TI_handler_table @ 00001e00 records: 3, size/record: 4, table size: 12
	index: 0, handler: __TI_decompress_lzss
	index: 1, handler: __TI_decompress_none
	index: 2, handler: __TI_zero_init


GLOBAL SYMBOLS: SORTED ALPHABETICALLY BY Name 

address   name                          
-------   ----                          
00001849  ADC0_IRQHandler               
00001849  ADC1_IRQHandler               
00001849  AES_IRQHandler                
00001485  ActivatePortA_B               
202005ac  BusFreq                       
000019ec  C$$EXIT                       
000015bd  C$$IO$$                       
00001849  CANFD0_IRQHandler             
00001907  Clock_Delay                   
000014f5  Clock_Delay1ms                
00001981  Clock_Freq                    
000003e9  Clock_Init80MHz               
00001849  DAC0_IRQHandler               
00001849  DMA_IRQHandler                
00001849  Default_Handler               
00001917  Delay                         
202003c0  ErrCount                      
00001849  GROUP0_IRQHandler             
00001849  GROUP1_IRQHandler             
00001a90  GroupA                        
000019f0  GroupB                        
00001c94  GroupC                        
00001b80  GroupD                        
00001b08  GroupE                        
00001be4  GroupF                        
00001339  HOSTclose                     
00000fdd  HOSTlseek                     
00001185  HOSTopen                      
000011e5  HOSTread                      
00001049  HOSTrename                    
00001381  HOSTunlink                    
0000123d  HOSTwrite                     
00001865  HardFault_Handler             
00001849  I2C0_IRQHandler               
00001849  I2C1_IRQHandler               
00001881  LaunchPad_InS2                
00001809  LaunchPad_InS3                
00000e69  LaunchPad_Init                
0000171d  LaunchPad_LED                 
0000198d  LaunchPad_LED1off             
00001999  LaunchPad_LED1on              
00001929  LaunchPad_LEDoff              
00001849  NMI_Handler                   
00001849  PendSV_Handler                
00001849  RTC_IRQHandler                
000019e5  Reset_Handler                 
00001849  SPI0_IRQHandler               
00001849  SPI1_IRQHandler               
00001849  SVC_Handler                   
00001849  SysTick_Handler               
00001849  TIMA0_IRQHandler              
00001849  TIMA1_IRQHandler              
00001849  TIMG0_IRQHandler              
00001849  TIMG12_IRQHandler             
00001849  TIMG6_IRQHandler              
00001849  TIMG7_IRQHandler              
00001849  TIMG8_IRQHandler              
000018e3  TI_memcpy_small               
00001971  TI_memset_small               
000000c1  Test                          
00001849  UART0_IRQHandler              
00001849  UART1_IRQHandler              
00001849  UART2_IRQHandler              
00001849  UART3_IRQHandler              
00001829  UART_InChar                   
000009f5  UART_Init                     
00000d45  UART_InitPrintf               
000016c5  UART_OutChar                  
000017bd  UART_OutString                
000014bd  UART_OutUDec                  
20200200  _CIOBUF_                      
20200200  __CIOBUF_                     
20208000  __STACK_END                   
00000200  __STACK_SIZE                  
00000200  __SYSMEM_SIZE                 
00000000  __TI_ATRegion0_region_sz      
00000000  __TI_ATRegion0_src_addr       
00000000  __TI_ATRegion0_trg_addr       
00000000  __TI_ATRegion1_region_sz      
00000000  __TI_ATRegion1_src_addr       
00000000  __TI_ATRegion1_trg_addr       
00000000  __TI_ATRegion2_region_sz      
00000000  __TI_ATRegion2_src_addr       
00000000  __TI_ATRegion2_trg_addr       
00001e14  __TI_CINIT_Base               
00001e24  __TI_CINIT_Limit              
00001e24  __TI_CINIT_Warm               
00001e00  __TI_Handler_Table_Base       
00001e0c  __TI_Handler_Table_Limit      
00001449  __TI_auto_init_nobinit_nopinit
00001529  __TI_cleanup                  
202005a4  __TI_cleanup_ptr              
00000ee5  __TI_closefile                
00000f61  __TI_decompress_lzss          
000018f5  __TI_decompress_none          
00001295  __TI_doflush                  
202005a8  __TI_dtors_ptr                
202005b0  __TI_ft_end                   
ffffffff  __TI_pprof_out_hndl           
ffffffff  __TI_prof_data_size           
ffffffff  __TI_prof_data_start          
0000155d  __TI_readmsg                  
00000000  __TI_static_base__            
20200320  __TI_tmpnams                  
00001591  __TI_writemsg                 
000018b9  __TI_zero_init_nomemset       
000012e7  __aeabi_idiv0                 
000019a5  __aeabi_memclr                
000019a5  __aeabi_memclr4               
000019a5  __aeabi_memclr8               
00000dd9  __aeabi_memcpy                
00000dd9  __aeabi_memcpy4               
00000dd9  __aeabi_memcpy8               
000013c9  __aeabi_uidiv                 
000013c9  __aeabi_uidivmod              
ffffffff  __binit__                     
UNDEFED   __mpu_init                    
20207e00  __stack                       
20200000  __start___llvm_prf_bits       
20200000  __start___llvm_prf_cnts       
20200000  __stop___llvm_prf_bits        
20200000  __stop___llvm_prf_cnts        
00001795  _c_int00_noargs               
202004dc  _device                       
202003ec  _ftable                       
202005b4  _lock                         
000014f3  _nop                          
20200554  _stream                       
20200000  _sys_memory                   
UNDEFED   _system_post_cinit            
000019e9  _system_pre_init              
202005b8  _unlock                       
000019ed  abort                         
00000909  add_device                    
000006f1  aligned_alloc                 
ffffffff  binit                         
000012e9  close                         
000015c5  exit                          
000015f9  finddevice                    
00001695  fopen                         
00000add  free                          
0000162d  freopen                       
000010b5  getdevice                     
00000000  interruptVectors              
00000805  main                          
000019b1  malloc                        
000006f1  memalign                      
00000ca5  open                          
202003e0  parmbuf                       
000019dd  remove                        
00000bc5  setvbuf                       
00000de1  strcmp                        
000019c9  uart_close                    
00001963  uart_lseek                    
000018cf  uart_open                     
000017e3  uart_read                     
000019bd  uart_rename                   
000019d3  uart_unlink                   
00001661  uart_write                    
000016f1  unlink                        
0000176d  write                         


GLOBAL SYMBOLS: SORTED BY Symbol Address 

address   name                          
-------   ----                          
00000000  __TI_ATRegion0_region_sz      
00000000  __TI_ATRegion0_src_addr       
00000000  __TI_ATRegion0_trg_addr       
00000000  __TI_ATRegion1_region_sz      
00000000  __TI_ATRegion1_src_addr       
00000000  __TI_ATRegion1_trg_addr       
00000000  __TI_ATRegion2_region_sz      
00000000  __TI_ATRegion2_src_addr       
00000000  __TI_ATRegion2_trg_addr       
00000000  __TI_static_base__            
00000000  interruptVectors              
000000c1  Test                          
00000200  __STACK_SIZE                  
00000200  __SYSMEM_SIZE                 
000003e9  Clock_Init80MHz               
000006f1  aligned_alloc                 
000006f1  memalign                      
00000805  main                          
00000909  add_device                    
000009f5  UART_Init                     
00000add  free                          
00000bc5  setvbuf                       
00000ca5  open                          
00000d45  UART_InitPrintf               
00000dd9  __aeabi_memcpy                
00000dd9  __aeabi_memcpy4               
00000dd9  __aeabi_memcpy8               
00000de1  strcmp                        
00000e69  LaunchPad_Init                
00000ee5  __TI_closefile                
00000f61  __TI_decompress_lzss          
00000fdd  HOSTlseek                     
00001049  HOSTrename                    
000010b5  getdevice                     
00001185  HOSTopen                      
000011e5  HOSTread                      
0000123d  HOSTwrite                     
00001295  __TI_doflush                  
000012e7  __aeabi_idiv0                 
000012e9  close                         
00001339  HOSTclose                     
00001381  HOSTunlink                    
000013c9  __aeabi_uidiv                 
000013c9  __aeabi_uidivmod              
00001449  __TI_auto_init_nobinit_nopinit
00001485  ActivatePortA_B               
000014bd  UART_OutUDec                  
000014f3  _nop                          
000014f5  Clock_Delay1ms                
00001529  __TI_cleanup                  
0000155d  __TI_readmsg                  
00001591  __TI_writemsg                 
000015bd  C$$IO$$                       
000015c5  exit                          
000015f9  finddevice                    
0000162d  freopen                       
00001661  uart_write                    
00001695  fopen                         
000016c5  UART_OutChar                  
000016f1  unlink                        
0000171d  LaunchPad_LED                 
0000176d  write                         
00001795  _c_int00_noargs               
000017bd  UART_OutString                
000017e3  uart_read                     
00001809  LaunchPad_InS3                
00001829  UART_InChar                   
00001849  ADC0_IRQHandler               
00001849  ADC1_IRQHandler               
00001849  AES_IRQHandler                
00001849  CANFD0_IRQHandler             
00001849  DAC0_IRQHandler               
00001849  DMA_IRQHandler                
00001849  Default_Handler               
00001849  GROUP0_IRQHandler             
00001849  GROUP1_IRQHandler             
00001849  I2C0_IRQHandler               
00001849  I2C1_IRQHandler               
00001849  NMI_Handler                   
00001849  PendSV_Handler                
00001849  RTC_IRQHandler                
00001849  SPI0_IRQHandler               
00001849  SPI1_IRQHandler               
00001849  SVC_Handler                   
00001849  SysTick_Handler               
00001849  TIMA0_IRQHandler              
00001849  TIMA1_IRQHandler              
00001849  TIMG0_IRQHandler              
00001849  TIMG12_IRQHandler             
00001849  TIMG6_IRQHandler              
00001849  TIMG7_IRQHandler              
00001849  TIMG8_IRQHandler              
00001849  UART0_IRQHandler              
00001849  UART1_IRQHandler              
00001849  UART2_IRQHandler              
00001849  UART3_IRQHandler              
00001865  HardFault_Handler             
00001881  LaunchPad_InS2                
000018b9  __TI_zero_init_nomemset       
000018cf  uart_open                     
000018e3  TI_memcpy_small               
000018f5  __TI_decompress_none          
00001907  Clock_Delay                   
00001917  Delay                         
00001929  LaunchPad_LEDoff              
00001963  uart_lseek                    
00001971  TI_memset_small               
00001981  Clock_Freq                    
0000198d  LaunchPad_LED1off             
00001999  LaunchPad_LED1on              
000019a5  __aeabi_memclr                
000019a5  __aeabi_memclr4               
000019a5  __aeabi_memclr8               
000019b1  malloc                        
000019bd  uart_rename                   
000019c9  uart_close                    
000019d3  uart_unlink                   
000019dd  remove                        
000019e5  Reset_Handler                 
000019e9  _system_pre_init              
000019ec  C$$EXIT                       
000019ed  abort                         
000019f0  GroupB                        
00001a90  GroupA                        
00001b08  GroupE                        
00001b80  GroupD                        
00001be4  GroupF                        
00001c94  GroupC                        
00001e00  __TI_Handler_Table_Base       
00001e0c  __TI_Handler_Table_Limit      
00001e14  __TI_CINIT_Base               
00001e24  __TI_CINIT_Limit              
00001e24  __TI_CINIT_Warm               
20200000  __start___llvm_prf_bits       
20200000  __start___llvm_prf_cnts       
20200000  __stop___llvm_prf_bits        
20200000  __stop___llvm_prf_cnts        
20200000  _sys_memory                   
20200200  _CIOBUF_                      
20200200  __CIOBUF_                     
20200320  __TI_tmpnams                  
202003c0  ErrCount                      
202003e0  parmbuf                       
202003ec  _ftable                       
202004dc  _device                       
20200554  _stream                       
202005a4  __TI_cleanup_ptr              
202005a8  __TI_dtors_ptr                
202005ac  BusFreq                       
202005b0  __TI_ft_end                   
202005b4  _lock                         
202005b8  _unlock                       
20207e00  __stack                       
20208000  __STACK_END                   
ffffffff  __TI_pprof_out_hndl           
ffffffff  __TI_prof_data_size           
ffffffff  __TI_prof_data_start          
ffffffff  __binit__                     
ffffffff  binit                         
UNDEFED   __mpu_init                    
UNDEFED   _system_post_cinit            

[161 symbols]
