******************************************************************************
            TI ARM Clang Linker Unix v4.0.1                    
******************************************************************************
>> Linked Thu Apr  3 15:31:41 2025

OUTPUT FILE NAME:   <ECE319K_Lab7H.out>
ENTRY POINT SYMBOL: "_c_int00_noargs"  address: 00003d45


MEMORY CONFIGURATION

         name            origin    length      used     unused   attr    fill
----------------------  --------  ---------  --------  --------  ----  --------
  FLASH                 00000000   00020000  00004818  0001b7e8  R  X
  SRAM                  20200000   00008000  000007f2  0000780e  RW X
  BCR_CONFIG            41c00000   00000080  00000000  00000080  R   
  BSL_CONFIG            41c00100   00000080  00000000  00000080  R   


SEGMENT ALLOCATION MAP

run origin  load origin   length   init length attrs members
----------  ----------- ---------- ----------- ----- -------
00000000    00000000    00004818   00004818    r-x
  00000000    00000000    000000c0   000000c0    r-- .intvecs
  000000c0    000000c0    00003fd0   00003fd0    r-x .text
  00004090    00004090    000006f0   000006f0    r-- .rodata
  00004780    00004780    00000008   00000008    r-- .init_array
  00004788    00004788    00000090   00000090    r-- .cinit
20200000    20200000    000005f5   00000000    rw-
  20200000    20200000    00000200   00000000    rw- .sysmem
  20200200    20200200    000001fd   00000000    rw- .data
  20200400    20200400    000001f5   00000000    rw- .bss
20207e00    20207e00    00000200   00000000    rw-
  20207e00    20207e00    00000200   00000000    rw- .stack


SECTION ALLOCATION MAP

 output                                  attributes/
section   page    origin      length       input sections
--------  ----  ----------  ----------   ----------------
.intvecs   0    00000000    000000c0     
                  00000000    000000c0     startup_mspm0g3507_ticlang.o (.intvecs)

.binit     0    00000000    00000000     

.text      0    000000c0    00003fd0     
                  000000c0    000009d0     libc.a : _printfi.c.obj (.text:__TI_printfi)
                  00000a90    00000220            : _printfi.c.obj (.text._pconv_a)
                  00000cb0    000001dc            : _printfi.c.obj (.text._pconv_g)
                  00000e8c    000001b4     Clock.o (.text._Z15Clock_Init80MHzi)
                  00001040    000001a8     ST7735.o (.text._Z15ST7735_DrawCharsscssh)
                  000011e8    00000192     libclang_rt.builtins.a : adddf3.S.obj (.text.adddf3_subdf3)
                  0000137a    00000002                            : aeabi_div0.c.obj (.text.__aeabi_idiv0)
                  0000137c    00000154     libc.a : fopen.c.obj (.text._openfile)
                  000014d0    0000013c            : _printfi.c.obj (.text.fcvt)
                  0000160c    00000120            : _printfi.c.obj (.text._pconv_e)
                  0000172c    00000118     ST7735.o (.text._Z15ST7735_FillRectsssst)
                  00001844    00000114     libc.a : memory.c.obj (.text.aligned_alloc)
                  00001958    0000010c     ST7735.o (.text._Z16ST7735_PlotPointi)
                  00001a64    0000010c     libclang_rt.builtins.a : divdf3.S.obj (.text.__divdf3)
                  00001b70    000000f8     SPI.o (.text._Z8SPI_Initv)
                  00001c68    000000f8     libc.a : fputs.c.obj (.text.fputs)
                  00001d60    000000ec     libsysbm.a : add_device.c.obj (.text.add_device)
                  00001e4c    000000e8     ST7735.o (.text._Z14ST7735_OutCharc)
                  00001f34    000000e8     libc.a : memory.c.obj (.text.free)
                  0000201c    000000e4     libclang_rt.builtins.a : muldf3.S.obj (.text.__muldf3)
                  00002100    000000e0     libc.a : setvbuf.c.obj (.text.setvbuf)
                  000021e0    000000d8            : s_scalbn.c.obj (.text.scalbn)
                  000022b8    000000c4     Lab7HMain.o (.text.main)
                  0000237c    000000b0     ST7735.o (.text._Z20ST7735_DrawFastVLinessst)
                  0000242c    000000a2     ST7735.o (.text._ZL11commandListPKh)
                  000024ce    00000002     libclang_rt.builtins.a : aeabi_div0.c.obj (.text.__aeabi_ldiv0)
                  000024d0    000000a2                            : udivmoddi4.S.obj (.text)
                  00002572    00000002     libc.a : _lock.c.obj (.text._nop)
                  00002574    000000a0     ST7735.o (.text._Z12ST7735_InitR10initRFlags)
                  00002614    000000a0     ST7735.o (.text._Z17ST7735_InitPrintf10initRFlags)
                  000026b4    000000a0     libsysbm.a : open.c.obj (.text.open)
                  00002754    0000009c     libc.a : fputc.c.obj (.text.fputc)
                  000027f0    00000094     Timer.o (.text._Z15TimerG12_IntArmjj)
                  00002884    00000088     ST7735.o (.text._ZL13setAddrWindowhhhh)
                  0000290c    00000004     libc.a : pre_init.c.obj (.text._system_pre_init)
                  00002910    00000088            : strcmp-armv6m.S.obj (.text:strcmp)
                  00002998    00000084     ST7735.o (.text._Z17ST7735_DrawStringttPcs)
                  00002a1c    0000007c     LaunchPad.o (.text._Z14LaunchPad_Initv)
                  00002a98    0000007c     SlidePot.o (.text._ZN8SlidePot4InitEv)
                  00002b14    0000007c     libc.a : fclose.c.obj (.text.__TI_closefile)
                  00002b90    0000007c            : copy_decompress_lzss.c.obj (.text:decompress:lzss)
                  00002c0c    00000074     ST7735.o (.text._Z16ST7735_PlotClearii)
                  00002c80    00000074     libclang_rt.builtins.a : comparedf2.c.obj (.text.__gedf2)
                  00002cf4    00000070     ST7735.o (.text._Z16ST7735_DrawPixelsst)
                  00002d64    0000006c     libsysbm.a : hostlseek.c.obj (.text.HOSTlseek)
                  00002dd0    0000006c                : hostrename.c.obj (.text.HOSTrename)
                  00002e3c    0000006c     libc.a : fseek.c.obj (.text.fseeko)
                  00002ea8    0000006c            : getdevice.c.obj (.text.getdevice)
                  00002f14    00000068     libclang_rt.builtins.a : comparedf2.c.obj (.text.__ledf2)
                  00002f7c    00000066     libc.a : _printfi.c.obj (.text._mcpy)
                  00002fe2    00000064            : _io_perm.c.obj (.text.__TI_wrt_ok)
                  00003046    00000002     --HOLE-- [fill = 0]
                  00003048    00000064            : memory.c.obj (.text.split)
                  000030ac    00000062     libclang_rt.builtins.a : aeabi_dcmp.S.obj (.text.__aeabi_dcmp)
                  0000310e    00000002     --HOLE-- [fill = 0]
                  00003110    00000060     libsysbm.a : hostopen.c.obj (.text.HOSTopen)
                  00003170    0000005c     Lab7HMain.o (.text.TIMG12_IRQHandler)
                  000031cc    0000005c     Lab7HMain.o (.text._Z6OutFixj)
                  00003228    0000005c     libc.a : s_frexp.c.obj (.text.frexp)
                  00003284    0000005c            : printf.c.obj (.text.printf)
                  000032e0    00000058     libsysbm.a : hostread.c.obj (.text.HOSTread)
                  00003338    00000058                : hostwrite.c.obj (.text.HOSTwrite)
                  00003390    00000058     libc.a : _ltoa.c.obj (.text.__TI_ltoa)
                  000033e8    00000058            : _printfi.c.obj (.text._pconv_f)
                  00003440    00000056     libclang_rt.builtins.a : aeabi_idivmod.S.obj (.text.__aeabi_idivmod)
                  00003496    00000002     --HOLE-- [fill = 0]
                  00003498    00000054     libc.a : autoinit.c.obj (.text:__TI_auto_init_nobinit)
                  000034ec    00000052            : fflush.c.obj (.text.__TI_doflush)
                  0000353e    00000052            : _printfi.c.obj (.text._ecpy)
                  00003590    00000050     libsysbm.a : close.c.obj (.text.close)
                  000035e0    0000004a     libclang_rt.builtins.a : fixdfsi.S.obj (.text.__fixdfsi)
                  0000362a    00000002     --HOLE-- [fill = 0]
                  0000362c    00000048     libsysbm.a : hostclose.c.obj (.text.HOSTclose)
                  00003674    00000048                : hostunlink.c.obj (.text.HOSTunlink)
                  000036bc    00000048     SPI.o (.text._Z14SPI_OutCommandc)
                  00003704    00000048     ST7735.o (.text._Z20ST7735_PlotNextErasev)
                  0000374c    00000048     SlidePot.o (.text._ZN8SlidePot2InEv)
                  00003794    00000040     TExaS.o (.text.TIMG7_IRQHandler)
                  000037d4    00000040     SPI.o (.text._Z9SPI_Resetv)
                  00003814    00000040     libclang_rt.builtins.a : aeabi_uidivmod.S.obj (.text.__aeabi_uidivmod)
                  00003854    00000040     libc.a : fopen.c.obj (.text._search_fp)
                  00003894    00000040            : atoi.c.obj (.text.atoi)
                  000038d4    0000003a     libclang_rt.builtins.a : muldsi3.S.obj (.text.__muldsi3)
                  0000390e    00000002     --HOLE-- [fill = 0]
                  00003910    00000038     SPI.o (.text._Z11SPI_OutDatac)
                  00003948    00000038     LaunchPad.o (.text._Z15ActivatePortA_Bv)
                  00003980    00000034     ST7735.o (.text._Z12ST7735_writeiPKcj)
                  000039b4    00000034     Clock.o (.text._Z14Clock_Delay1msj)
                  000039e8    00000034     ST7735.o (.text._Z16ST7735_SetCursorjj)
                  00003a1c    00000034     libc.a : fopen.c.obj (.text.__TI_cleanup)
                  00003a50    00000034     libsysbm.a : trgmsg.c.obj (.text.__TI_readmsg)
                  00003a84    00000034                : trgmsg.c.obj (.text.__TI_writemsg)
                  00003ab8    00000034     libc.a : exit.c.obj (.text.exit)
                  00003aec    00000034            : getdevice.c.obj (.text.finddevice)
                  00003b20    00000034            : fopen.c.obj (.text.freopen)
                  00003b54    00000032     ST7735.o (.text._Z15ST7735_Color565hhh)
                  00003b86    00000002     --HOLE-- [fill = 0]
                  00003b88    00000030     ST7735.o (.text._ZL10commonInitPKh)
                  00003bb8    00000030     SlidePot.o (.text._ZN8SlidePot7ConvertEj)
                  00003be8    00000030     libc.a : _printfi.c.obj (.text._fcpy)
                  00003c18    00000030            : fopen.c.obj (.text.fopen)
                  00003c48    0000002c     ST7735.o (.text._Z17ST7735_FillScreent)
                  00003c74    0000002c     libclang_rt.builtins.a : floatsidf.S.obj (.text.__floatsidf)
                  00003ca0    0000002c     libsysbm.a : unlink.c.obj (.text.unlink)
                  00003ccc    00000028     libc.a : memory.c.obj (.text.free_list_insert)
                  00003cf4    00000028     libsysbm.a : lseek.c.obj (.text.lseek)
                  00003d1c    00000028                : write.c.obj (.text.write)
                  00003d44    00000028     libc.a : boot_cortex_m.c.obj (.text:_c_int00_noargs)
                  00003d6c    00000024     libclang_rt.builtins.a : muldi3.S.obj (.text.__muldi3)
                  00003d90    00000022     SlidePot.o (.text._ZN8SlidePot4SaveEj)
                  00003db2    00000022     libc.a : memccpy.c.obj (.text.memccpy)
                  00003dd4    00000020     SlidePot.o (.text._ZN8SlidePot4SyncEv)
                  00003df4    0000001e     ST7735.o (.text._ZL9pushColort)
                  00003e12    0000001e     SlidePot.o (.text._ZN8SlidePotC2Ejj)
                  00003e30    0000001e     libclang_rt.builtins.a : ashldi3.S.obj (.text.__ashldi3)
                  00003e4e    00000002     --HOLE-- [fill = 0]
                  00003e50    0000001c     startup_mspm0g3507_ticlang.o (.text.Default_Handler)
                  00003e6c    0000001c     startup_mspm0g3507_ticlang.o (.text.HardFault_Handler)
                  00003e88    0000001c     ST7735.o (.text._Z11ST7735_openPKcji)
                  00003ea4    0000001c     libc.a : memory.c.obj (.text.free_list_remove)
                  00003ec0    00000018     Lab7HMain.o (.text.__cxx_global_var_init)
                  00003ed8    00000016     ST7735.o (.text._Z11ST7735_readiPcj)
                  00003eee    00000016     libc.a : copy_zero_init.c.obj (.text:decompress:ZI:__TI_zero_init_nomemset)
                  00003f04    00000014     libclang_rt.builtins.a : aeabi_uldivmod.S.obj (.text.__aeabi_uldivmod)
                  00003f18    00000014     libc.a : _printfi.c.obj (.text.strchr)
                  00003f2c    00000012            : memcpy16.S.obj (.text:TI_memcpy_small)
                  00003f3e    00000012            : copy_decompress_none.c.obj (.text:decompress:none)
                  00003f50    00000010     Clock.o (.text._Z11Clock_Delayj)
                  00003f60    00000010     libc.a : wcslen.c.obj (.text.wcslen)
                  00003f70    0000000e            : memory.c.obj (.text.OUTLINED_FUNCTION_0)
                  00003f7e    0000000e     ST7735.o (.text._Z12ST7735_lseekili)
                  00003f8c    0000000e     libclang_rt.builtins.a : aeabi_memset.S.obj (.text.__aeabi_memset)
                  00003f9a    0000000e     libsysbm.a : hostrename.c.obj (.text.strcpy)
                  00003fa8    0000000e     libc.a : _printfi.c.obj (.text.strlen)
                  00003fb6    0000000e     libsysbm.a : hostrename.c.obj (.text.strlen)
                  00003fc4    0000000e     libc.a : memset16.S.obj (.text:TI_memset_small)
                  00003fd2    00000002     --HOLE-- [fill = 0]
                  00003fd4    0000000c     Clock.o (.text._Z10Clock_Freqv)
                  00003fe0    0000000c     ST7735.o (.text._Z13ST7735_renamePKcS0_)
                  00003fec    0000000c     libclang_rt.builtins.a : aeabi_memset.S.obj (.text.__aeabi_memclr)
                  00003ff8    0000000c     libc.a : memory.c.obj (.text.malloc)
                  00004004    0000000a            : _printfi.c.obj (.text.OUTLINED_FUNCTION_0)
                  0000400e    00000002     --HOLE-- [fill = 0]
                  00004010    00000010     libclang_rt.builtins.a : adddf3.S.obj (.tramp.__aeabi_dsub.1)
                  00004020    0000000a     libc.a : _printfi.c.obj (.text.OUTLINED_FUNCTION_1)
                  0000402a    0000000a     ST7735.o (.text._Z12ST7735_closei)
                  00004034    0000000a     ST7735.o (.text._Z13ST7735_unlinkPKc)
                  0000403e    0000000a     Lab7HMain.o (.text._Z8PLL_Initv)
                  00004048    00000008     Lab7HMain.o (.text._GLOBAL__sub_I_Lab7HMain.cpp)
                  00004050    00000008     libc.a : aeabi_portable.c.obj (.text.__aeabi_errno_addr)
                  00004058    00000008     libclang_rt.builtins.a : aeabi_memcpy.S.obj (.text.__aeabi_memcpy)
                  00004060    00000008     libc.a : printf.c.obj (.text._outc)
                  00004068    00000008            : printf.c.obj (.text._outs)
                  00004070    00000008            : fseek.c.obj (.text.fseek)
                  00004078    00000008     libsysbm.a : remove.c.obj (.text.remove)
                  00004080    00000004     startup_mspm0g3507_ticlang.o (.text.Reset_Handler)
                  00004084    00000004     libc.a : exit.c.obj (.text:abort)
                  00004088    00000008     --HOLE-- [fill = 0]

.cinit     0    00004788    00000090     
                  00004788    0000006b     (.cinit..data.load) [load image, compression = lzss]
                  000047f3    00000001     --HOLE-- [fill = 0]
                  000047f4    0000000c     (__TI_handler_table)
                  00004800    00000008     (.cinit..bss.load) [load image, compression = zero_init]
                  00004808    00000010     (__TI_cinit_table)

.rodata    0    00004090    000006f0     
                  00004090    000004fb     ST7735.o (.rodata._ZL4Font)
                  0000458b    00000002     ST7735.o (.rodata.str1.21722789313237470961)
                  0000458d    00000003     --HOLE-- [fill = 0]
                  00004590    00000101     libc.a : aeabi_ctype.S.obj (.rodata:__aeabi_ctype_table_)
                  00004691    0000003b     ST7735.o (.rodata._ZL5Rcmd1)
                  000046cc    0000002b     ST7735.o (.rodata._ZL5Rcmd3)
                  000046f7    0000001a     Lab7HMain.o (.rodata.str1.829500576906130701)
                  00004711    00000016     ST7735.o (.rodata.str1.122836920652059128081)
                  00004727    00000011     libc.a : _printfi.c.obj (.rodata.str1.103488685894817597201)
                  00004738    00000011            : _printfi.c.obj (.rodata.str1.153638888446227384661)
                  00004749    0000000d     ST7735.o (.rodata._ZL10Rcmd2green)
                  00004756    0000000d     ST7735.o (.rodata._ZL8Rcmd2red)
                  00004763    00000008     ST7735.o (.rodata.str1.25256184779576059001)
                  0000476b    00000007     ST7735.o (.rodata.str1.101350367053095507441)
                  00004772    00000007     ST7735.o (.rodata.str1.69399471580638778771)
                  00004779    00000007     --HOLE-- [fill = 0]

.init_array 
*          0    00004780    00000008     
                  00004780    00000004     Lab7HMain.o (.init_array)
                  00004784    00000004     --HOLE-- [fill = 0]

.sysmem    0    20200000    00000200     UNINITIALIZED
                  20200000    00000010     libc.a : memory.c.obj (.sysmem)
                  20200010    000001f0     --HOLE--

.data      0    20200200    000001fd     UNINITIALIZED
                  20200200    000000f0     libc.a : defs.c.obj (.data._ftable)
                  202002f0    00000078     libsysbm.a : host_device.c.obj (.data._device)
                  20200368    00000050                : host_device.c.obj (.data._stream)
                  202003b8    00000014     Lab7HMain.o (.data.Sensor)
                  202003cc    00000008     libc.a : exit.c.obj (.data..L_MergedGlobals)
                  202003d4    00000004     Clock.o (.data.BusFreq)
                  202003d8    00000004     ST7735.o (.data.StX)
                  202003dc    00000004     ST7735.o (.data.StY)
                  202003e0    00000004     libc.a : defs.c.obj (.data.__TI_ft_end)
                  202003e4    00000004            : aeabi_portable.c.obj (.data.__aeabi_errno)
                  202003e8    00000004            : _lock.c.obj (.data._lock)
                  202003ec    00000004            : _lock.c.obj (.data._unlock)
                  202003f0    00000002     ST7735.o (.data._ZL6_width)
                  202003f2    00000002     ST7735.o (.data._ZL7_height)
                  202003f4    00000001     libsysbm.a : add_device.c.obj (.data.add_device.device_init)
                  202003f5    00000003     --HOLE--
                  202003f8    00000001     libc.a : memory.c.obj (.data.memory_is_initialized)
                  202003f9    00000003     --HOLE--
                  202003fc    00000001     libsysbm.a : open.c.obj (.data.open.stream_init)

.bss       0    20200400    000001f5     UNINITIALIZED
                  20200400    00000120     libsysbm.a : trgmsg.c.obj (.bss:_CIOBUF_)
                  20200520    000000a0     libc.a : defs.c.obj (.bss.__TI_tmpnams)
                  202005c0    00000008     libsysbm.a : hostopen.c.obj (.bss.parmbuf)
                  202005c8    00000004     Lab7HMain.o (.bss.Data)
                  202005cc    00000004     Lab7HMain.o (.bss.Position)
                  202005d0    00000004     TExaS.o (.bss.TExaSLogic)
                  202005d4    00000004     TExaS.o (.bss.TExaSadc)
                  202005d8    00000004     Lab7HMain.o (.bss.Time)
                  202005dc    00000004     ST7735.o (.bss.X)
                  202005e0    00000004     ST7735.o (.bss.Ymax)
                  202005e4    00000004     ST7735.o (.bss.Ymin)
                  202005e8    00000004     ST7735.o (.bss.Yrange)
                  202005ec    00000004     libc.a : memory.c.obj (.bss.sys_free)
                  202005f0    00000002     ST7735.o (.bss.StTextColor)
                  202005f2    00000001     ST7735.o (.bss._ZL8ColStart)
                  202005f3    00000001     ST7735.o (.bss._ZL8RowStart)
                  202005f4    00000001     ST7735.o (.bss._ZL8TabColor)

.stack     0    20207e00    00000200     UNINITIALIZED
                  20207e00    00000004     libc.a : boot_cortex_m.c.obj (.stack)
                  20207e04    000001fc     --HOLE--

__llvm_prf_cnts 
*          0    20200000    00000000     UNINITIALIZED

__llvm_prf_bits 
*          0    20200000    00000000     UNINITIALIZED

MODULE SUMMARY

       Module                         code    ro data   rw data
       ------                         ----    -------   -------
    ./
       ST7735.o                       2802    1449      33     
       Clock.o                        516     0         4      
       Lab7HMain.o                    422     30        32     
       SPI.o                          440     0         0      
       SlidePot.o                     340     0         0      
       LaunchPad.o                    180     0         0      
       Timer.o                        148     0         0      
       TExaS.o                        64      0         8      
    +--+------------------------------+-------+---------+---------+
       Total:                         4912    1479      77     
                                                               
    ./ticlang/
       startup_mspm0g3507_ticlang.o   60      192       0      
    +--+------------------------------+-------+---------+---------+
       Total:                         60      192       0      
                                                               
    /Applications/ti/ccs2000/ccs/tools/compiler/ti-cgt-armllvm_4.0.1.LTS/lib/armv6m-ti-none-eabi/c/libc.a
       _printfi.c.obj                 4510    34        0      
       memory.c.obj                   702     0         5      
       fopen.c.obj                    556     0         0      
       defs.c.obj                     0       0         404    
       aeabi_ctype.S.obj              0       257       0      
       fputs.c.obj                    248     0         0      
       setvbuf.c.obj                  224     0         0      
       s_scalbn.c.obj                 216     0         0      
       getdevice.c.obj                160     0         0      
       fputc.c.obj                    156     0         0      
       strcmp-armv6m.S.obj            136     0         0      
       copy_decompress_lzss.c.obj     124     0         0      
       fclose.c.obj                   124     0         0      
       fseek.c.obj                    116     0         0      
       printf.c.obj                   108     0         0      
       _io_perm.c.obj                 100     0         0      
       s_frexp.c.obj                  92      0         0      
       _ltoa.c.obj                    88      0         0      
       autoinit.c.obj                 84      0         0      
       fflush.c.obj                   82      0         0      
       atoi.c.obj                     64      0         0      
       exit.c.obj                     56      0         8      
       boot_cortex_m.c.obj            40      0         0      
       memccpy.c.obj                  34      0         0      
       copy_zero_init.c.obj           22      0         0      
       copy_decompress_none.c.obj     18      0         0      
       memcpy16.S.obj                 18      0         0      
       wcslen.c.obj                   16      0         0      
       memset16.S.obj                 14      0         0      
       aeabi_portable.c.obj           8       0         4      
       _lock.c.obj                    2       0         8      
       pre_init.c.obj                 4       0         0      
    +--+------------------------------+-------+---------+---------+
       Total:                         8122    291       429    
                                                               
    /Applications/ti/ccs2000/ccs/tools/compiler/ti-cgt-armllvm_4.0.1.LTS/lib/armv6m-ti-none-eabi/c/libsysbm.a
       trgmsg.c.obj                   104     0         288    
       add_device.c.obj               236     0         1      
       host_device.c.obj              0       0         200    
       open.c.obj                     160     0         1      
       hostrename.c.obj               136     0         0      
       hostlseek.c.obj                108     0         0      
       hostopen.c.obj                 96      0         8      
       hostread.c.obj                 88      0         0      
       hostwrite.c.obj                88      0         0      
       close.c.obj                    80      0         0      
       hostclose.c.obj                72      0         0      
       hostunlink.c.obj               72      0         0      
       unlink.c.obj                   44      0         0      
       lseek.c.obj                    40      0         0      
       write.c.obj                    40      0         0      
       remove.c.obj                   8       0         0      
    +--+------------------------------+-------+---------+---------+
       Total:                         1372    0         498    
                                                               
    /Applications/ti/ccs2000/ccs/tools/compiler/ti-cgt-armllvm_4.0.1.LTS/lib/armv6m-ti-none-eabi/libclang_rt.builtins.a
       adddf3.S.obj                   418     0         0      
       divdf3.S.obj                   268     0         0      
       muldf3.S.obj                   228     0         0      
       comparedf2.c.obj               220     0         0      
       udivmoddi4.S.obj               162     0         0      
       aeabi_dcmp.S.obj               98      0         0      
       aeabi_idivmod.S.obj            86      0         0      
       fixdfsi.S.obj                  74      0         0      
       aeabi_uidivmod.S.obj           64      0         0      
       muldsi3.S.obj                  58      0         0      
       floatsidf.S.obj                44      0         0      
       muldi3.S.obj                   36      0         0      
       ashldi3.S.obj                  30      0         0      
       aeabi_memset.S.obj             26      0         0      
       aeabi_uldivmod.S.obj           20      0         0      
       aeabi_memcpy.S.obj             8       0         0      
       aeabi_div0.c.obj               4       0         0      
    +--+------------------------------+-------+---------+---------+
       Total:                         1844    0         0      
                                                               
       Heap:                          0       0         512    
       Stack:                         0       0         512    
       Linker Generated:              0       143       0      
    +--+------------------------------+-------+---------+---------+
       Grand Total:                   16310   2105      2028   


LINKER GENERATED COPY TABLES

__TI_cinit_table @ 00004808 records: 2, size/record: 8, table size: 16
	.data: load addr=00004788, load size=0000006b bytes, run addr=20200200, run size=000001fd bytes, compression=lzss
	.bss: load addr=00004800, load size=00000008 bytes, run addr=20200400, run size=000001f5 bytes, compression=zero_init


LINKER GENERATED HANDLER TABLE

__TI_handler_table @ 000047f4 records: 3, size/record: 4, table size: 12
	index: 0, handler: __TI_decompress_lzss
	index: 1, handler: __TI_decompress_none
	index: 2, handler: __TI_zero_init


FAR CALL TRAMPOLINES

callee name               trampoline name
   callee addr  tramp addr   call addr  call info
--------------  -----------  ---------  ----------------
__aeabi_dsub              $Tramp$TT$L$PI$$__aeabi_dsub
   000011e9     00004010     0000400c   libc.a : _printfi.c.obj (.text.OUTLINED_FUNCTION_0)

[1 trampolines]
[1 trampoline calls]


GLOBAL SYMBOLS: SORTED ALPHABETICALLY BY Name 

address   name                             
-------   ----                             
00003e51  ADC0_IRQHandler                  
00003e51  ADC1_IRQHandler                  
00003e51  AES_IRQHandler                   
202003d4  BusFreq                          
00004084  C$$EXIT                          
00003ab1  C$$IO$$                          
00003e51  CANFD0_IRQHandler                
00003e51  DAC0_IRQHandler                  
00003e51  DMA_IRQHandler                   
202005c8  Data                             
00003e51  Default_Handler                  
00003e51  GROUP0_IRQHandler                
00003e51  GROUP1_IRQHandler                
0000362d  HOSTclose                        
00002d65  HOSTlseek                        
00003111  HOSTopen                         
000032e1  HOSTread                         
00002dd1  HOSTrename                       
00003675  HOSTunlink                       
00003339  HOSTwrite                        
00003e6d  HardFault_Handler                
00003e51  I2C0_IRQHandler                  
00003e51  I2C1_IRQHandler                  
00003e51  NMI_Handler                      
00003e51  PendSV_Handler                   
202005cc  Position                         
00003e51  RTC_IRQHandler                   
00004081  Reset_Handler                    
00004780  SHT$$INIT_ARRAY$$Base            
00004784  SHT$$INIT_ARRAY$$Limit           
00003e51  SPI0_IRQHandler                  
00003e51  SPI1_IRQHandler                  
00003e51  SVC_Handler                      
202003b8  Sensor                           
202005f0  StTextColor                      
202003d8  StX                              
202003dc  StY                              
00003e51  SysTick_Handler                  
202005d0  TExaSLogic                       
202005d4  TExaSadc                         
00003e51  TIMA0_IRQHandler                 
00003e51  TIMA1_IRQHandler                 
00003e51  TIMG0_IRQHandler                 
00003171  TIMG12_IRQHandler                
00003e51  TIMG6_IRQHandler                 
00003795  TIMG7_IRQHandler                 
00003e51  TIMG8_IRQHandler                 
00003f2d  TI_memcpy_small                  
00003fc5  TI_memset_small                  
202005d8  Time                             
00003e51  UART0_IRQHandler                 
00003e51  UART1_IRQHandler                 
00003e51  UART2_IRQHandler                 
00003e51  UART3_IRQHandler                 
202005dc  X                                
202005e0  Ymax                             
202005e4  Ymin                             
202005e8  Yrange                           
20200400  _CIOBUF_                         
00003fd5  _Z10Clock_Freqv                  
00003f51  _Z11Clock_Delayj                 
00003911  _Z11SPI_OutDatac                 
00003e89  _Z11ST7735_openPKcji             
00003ed9  _Z11ST7735_readiPcj              
00002575  _Z12ST7735_InitR10initRFlags     
0000402b  _Z12ST7735_closei                
00003f7f  _Z12ST7735_lseekili              
00003981  _Z12ST7735_writeiPKcj            
00003fe1  _Z13ST7735_renamePKcS0_          
00004035  _Z13ST7735_unlinkPKc             
000039b5  _Z14Clock_Delay1msj              
00002a1d  _Z14LaunchPad_Initv              
000036bd  _Z14SPI_OutCommandc              
00001e4d  _Z14ST7735_OutCharc              
00003949  _Z15ActivatePortA_Bv             
00000e8d  _Z15Clock_Init80MHzi             
00003b55  _Z15ST7735_Color565hhh           
00001041  _Z15ST7735_DrawCharsscssh        
0000172d  _Z15ST7735_FillRectsssst         
000027f1  _Z15TimerG12_IntArmjj            
00002cf5  _Z16ST7735_DrawPixelsst          
00002c0d  _Z16ST7735_PlotClearii           
00001959  _Z16ST7735_PlotPointi            
000039e9  _Z16ST7735_SetCursorjj           
00002999  _Z17ST7735_DrawStringttPcs       
00003c49  _Z17ST7735_FillScreent           
00002615  _Z17ST7735_InitPrintf10initRFlags
0000237d  _Z20ST7735_DrawFastVLinessst     
00003705  _Z20ST7735_PlotNextErasev        
000031cd  _Z6OutFixj                       
0000403f  _Z8PLL_Initv                     
00001b71  _Z8SPI_Initv                     
000037d5  _Z9SPI_Resetv                    
0000374d  _ZN8SlidePot2InEv                
00002a99  _ZN8SlidePot4InitEv              
00003d91  _ZN8SlidePot4SaveEj              
00003dd5  _ZN8SlidePot4SyncEv              
00003bb9  _ZN8SlidePot7ConvertEj           
00003e13  _ZN8SlidePotC1Ejj                
00003e13  _ZN8SlidePotC2Ejj                
20200400  __CIOBUF_                        
20208000  __STACK_END                      
00000200  __STACK_SIZE                     
00000200  __SYSMEM_SIZE                    
00000000  __TI_ATRegion0_region_sz         
00000000  __TI_ATRegion0_src_addr          
00000000  __TI_ATRegion0_trg_addr          
00000000  __TI_ATRegion1_region_sz         
00000000  __TI_ATRegion1_src_addr          
00000000  __TI_ATRegion1_trg_addr          
00000000  __TI_ATRegion2_region_sz         
00000000  __TI_ATRegion2_src_addr          
00000000  __TI_ATRegion2_trg_addr          
00004808  __TI_CINIT_Base                  
00004818  __TI_CINIT_Limit                 
00004818  __TI_CINIT_Warm                  
000047f4  __TI_Handler_Table_Base          
00004800  __TI_Handler_Table_Limit         
00003499  __TI_auto_init_nobinit           
00003a1d  __TI_cleanup                     
202003cc  __TI_cleanup_ptr                 
00002b15  __TI_closefile                   
00002b91  __TI_decompress_lzss             
00003f3f  __TI_decompress_none             
000034ed  __TI_doflush                     
202003d0  __TI_dtors_ptr                   
202003e0  __TI_ft_end                      
00003391  __TI_ltoa                        
ffffffff  __TI_pprof_out_hndl              
000000c1  __TI_printfi                     
ffffffff  __TI_prof_data_size              
ffffffff  __TI_prof_data_start             
00003a51  __TI_readmsg                     
00000000  __TI_static_base__               
20200520  __TI_tmpnams                     
00003a85  __TI_writemsg                    
00002fe3  __TI_wrt_ok                      
00003eef  __TI_zero_init_nomemset          
000011f3  __adddf3                         
00004590  __aeabi_ctype_table_             
00004590  __aeabi_ctype_table_C            
000035e1  __aeabi_d2iz                     
000011f3  __aeabi_dadd                     
000030ad  __aeabi_dcmpeq                   
000030e9  __aeabi_dcmpge                   
000030fd  __aeabi_dcmpgt                   
000030d5  __aeabi_dcmple                   
000030c1  __aeabi_dcmplt                   
00001a65  __aeabi_ddiv                     
0000201d  __aeabi_dmul                     
000011e9  __aeabi_dsub                     
202003e4  __aeabi_errno                    
00004051  __aeabi_errno_addr               
00003c75  __aeabi_i2d                      
00003441  __aeabi_idiv                     
0000137b  __aeabi_idiv0                    
00003441  __aeabi_idivmod                  
000024cf  __aeabi_ldiv0                    
00003e31  __aeabi_llsl                     
00003d6d  __aeabi_lmul                     
00003fed  __aeabi_memclr                   
00003fed  __aeabi_memclr4                  
00003fed  __aeabi_memclr8                  
00004059  __aeabi_memcpy                   
00004059  __aeabi_memcpy4                  
00004059  __aeabi_memcpy8                  
00003f8d  __aeabi_memset                   
00003f8d  __aeabi_memset4                  
00003f8d  __aeabi_memset8                  
00003815  __aeabi_uidiv                    
00003815  __aeabi_uidivmod                 
00003f05  __aeabi_uldivmod                 
00003e31  __ashldi3                        
ffffffff  __binit__                        
00002f15  __cmpdf2                         
00001a65  __divdf3                         
00002f15  __eqdf2                          
000035e1  __fixdfsi                        
00003c75  __floatsidf                      
00002c81  __gedf2                          
00002c81  __gtdf2                          
00002f15  __ledf2                          
00002f15  __ltdf2                          
UNDEFED   __mpu_init                       
0000201d  __muldf3                         
00003d6d  __muldi3                         
000038d5  __muldsi3                        
00002f15  __nedf2                          
20207e00  __stack                          
20200000  __start___llvm_prf_bits          
20200000  __start___llvm_prf_cnts          
20200000  __stop___llvm_prf_bits           
20200000  __stop___llvm_prf_cnts           
000011e9  __subdf3                         
000024d1  __udivmoddi4                     
00003d45  _c_int00_noargs                  
202002f0  _device                          
20200200  _ftable                          
202003e8  _lock                            
00002573  _nop                             
20200368  _stream                          
20200000  _sys_memory                      
UNDEFED   _system_post_cinit               
0000290d  _system_pre_init                 
202003ec  _unlock                          
00004085  abort                            
00001d61  add_device                       
00001845  aligned_alloc                    
00003895  atoi                             
ffffffff  binit                            
00003591  close                            
00003ab9  exit                             
00003aed  finddevice                       
00003c19  fopen                            
00002755  fputc                            
00001c69  fputs                            
00001f35  free                             
00003b21  freopen                          
00003229  frexp                            
00003229  frexpl                           
00004071  fseek                            
00002e3d  fseeko                           
00002ea9  getdevice                        
00000000  interruptVectors                 
000021e1  ldexp                            
000021e1  ldexpl                           
00003cf5  lseek                            
000022b9  main                             
00003ff9  malloc                           
00001845  memalign                         
00003db3  memccpy                          
000026b5  open                             
202005c0  parmbuf                          
00003285  printf                           
00004079  remove                           
000021e1  scalbn                           
000021e1  scalbnl                          
00002101  setvbuf                          
00002911  strcmp                           
00003ca1  unlink                           
00003f61  wcslen                           
00003d1d  write                            


GLOBAL SYMBOLS: SORTED BY Symbol Address 

address   name                             
-------   ----                             
00000000  __TI_ATRegion0_region_sz         
00000000  __TI_ATRegion0_src_addr          
00000000  __TI_ATRegion0_trg_addr          
00000000  __TI_ATRegion1_region_sz         
00000000  __TI_ATRegion1_src_addr          
00000000  __TI_ATRegion1_trg_addr          
00000000  __TI_ATRegion2_region_sz         
00000000  __TI_ATRegion2_src_addr          
00000000  __TI_ATRegion2_trg_addr          
00000000  __TI_static_base__               
00000000  interruptVectors                 
000000c1  __TI_printfi                     
00000200  __STACK_SIZE                     
00000200  __SYSMEM_SIZE                    
00000e8d  _Z15Clock_Init80MHzi             
00001041  _Z15ST7735_DrawCharsscssh        
000011e9  __aeabi_dsub                     
000011e9  __subdf3                         
000011f3  __adddf3                         
000011f3  __aeabi_dadd                     
0000137b  __aeabi_idiv0                    
0000172d  _Z15ST7735_FillRectsssst         
00001845  aligned_alloc                    
00001845  memalign                         
00001959  _Z16ST7735_PlotPointi            
00001a65  __aeabi_ddiv                     
00001a65  __divdf3                         
00001b71  _Z8SPI_Initv                     
00001c69  fputs                            
00001d61  add_device                       
00001e4d  _Z14ST7735_OutCharc              
00001f35  free                             
0000201d  __aeabi_dmul                     
0000201d  __muldf3                         
00002101  setvbuf                          
000021e1  ldexp                            
000021e1  ldexpl                           
000021e1  scalbn                           
000021e1  scalbnl                          
000022b9  main                             
0000237d  _Z20ST7735_DrawFastVLinessst     
000024cf  __aeabi_ldiv0                    
000024d1  __udivmoddi4                     
00002573  _nop                             
00002575  _Z12ST7735_InitR10initRFlags     
00002615  _Z17ST7735_InitPrintf10initRFlags
000026b5  open                             
00002755  fputc                            
000027f1  _Z15TimerG12_IntArmjj            
0000290d  _system_pre_init                 
00002911  strcmp                           
00002999  _Z17ST7735_DrawStringttPcs       
00002a1d  _Z14LaunchPad_Initv              
00002a99  _ZN8SlidePot4InitEv              
00002b15  __TI_closefile                   
00002b91  __TI_decompress_lzss             
00002c0d  _Z16ST7735_PlotClearii           
00002c81  __gedf2                          
00002c81  __gtdf2                          
00002cf5  _Z16ST7735_DrawPixelsst          
00002d65  HOSTlseek                        
00002dd1  HOSTrename                       
00002e3d  fseeko                           
00002ea9  getdevice                        
00002f15  __cmpdf2                         
00002f15  __eqdf2                          
00002f15  __ledf2                          
00002f15  __ltdf2                          
00002f15  __nedf2                          
00002fe3  __TI_wrt_ok                      
000030ad  __aeabi_dcmpeq                   
000030c1  __aeabi_dcmplt                   
000030d5  __aeabi_dcmple                   
000030e9  __aeabi_dcmpge                   
000030fd  __aeabi_dcmpgt                   
00003111  HOSTopen                         
00003171  TIMG12_IRQHandler                
000031cd  _Z6OutFixj                       
00003229  frexp                            
00003229  frexpl                           
00003285  printf                           
000032e1  HOSTread                         
00003339  HOSTwrite                        
00003391  __TI_ltoa                        
00003441  __aeabi_idiv                     
00003441  __aeabi_idivmod                  
00003499  __TI_auto_init_nobinit           
000034ed  __TI_doflush                     
00003591  close                            
000035e1  __aeabi_d2iz                     
000035e1  __fixdfsi                        
0000362d  HOSTclose                        
00003675  HOSTunlink                       
000036bd  _Z14SPI_OutCommandc              
00003705  _Z20ST7735_PlotNextErasev        
0000374d  _ZN8SlidePot2InEv                
00003795  TIMG7_IRQHandler                 
000037d5  _Z9SPI_Resetv                    
00003815  __aeabi_uidiv                    
00003815  __aeabi_uidivmod                 
00003895  atoi                             
000038d5  __muldsi3                        
00003911  _Z11SPI_OutDatac                 
00003949  _Z15ActivatePortA_Bv             
00003981  _Z12ST7735_writeiPKcj            
000039b5  _Z14Clock_Delay1msj              
000039e9  _Z16ST7735_SetCursorjj           
00003a1d  __TI_cleanup                     
00003a51  __TI_readmsg                     
00003a85  __TI_writemsg                    
00003ab1  C$$IO$$                          
00003ab9  exit                             
00003aed  finddevice                       
00003b21  freopen                          
00003b55  _Z15ST7735_Color565hhh           
00003bb9  _ZN8SlidePot7ConvertEj           
00003c19  fopen                            
00003c49  _Z17ST7735_FillScreent           
00003c75  __aeabi_i2d                      
00003c75  __floatsidf                      
00003ca1  unlink                           
00003cf5  lseek                            
00003d1d  write                            
00003d45  _c_int00_noargs                  
00003d6d  __aeabi_lmul                     
00003d6d  __muldi3                         
00003d91  _ZN8SlidePot4SaveEj              
00003db3  memccpy                          
00003dd5  _ZN8SlidePot4SyncEv              
00003e13  _ZN8SlidePotC1Ejj                
00003e13  _ZN8SlidePotC2Ejj                
00003e31  __aeabi_llsl                     
00003e31  __ashldi3                        
00003e51  ADC0_IRQHandler                  
00003e51  ADC1_IRQHandler                  
00003e51  AES_IRQHandler                   
00003e51  CANFD0_IRQHandler                
00003e51  DAC0_IRQHandler                  
00003e51  DMA_IRQHandler                   
00003e51  Default_Handler                  
00003e51  GROUP0_IRQHandler                
00003e51  GROUP1_IRQHandler                
00003e51  I2C0_IRQHandler                  
00003e51  I2C1_IRQHandler                  
00003e51  NMI_Handler                      
00003e51  PendSV_Handler                   
00003e51  RTC_IRQHandler                   
00003e51  SPI0_IRQHandler                  
00003e51  SPI1_IRQHandler                  
00003e51  SVC_Handler                      
00003e51  SysTick_Handler                  
00003e51  TIMA0_IRQHandler                 
00003e51  TIMA1_IRQHandler                 
00003e51  TIMG0_IRQHandler                 
00003e51  TIMG6_IRQHandler                 
00003e51  TIMG8_IRQHandler                 
00003e51  UART0_IRQHandler                 
00003e51  UART1_IRQHandler                 
00003e51  UART2_IRQHandler                 
00003e51  UART3_IRQHandler                 
00003e6d  HardFault_Handler                
00003e89  _Z11ST7735_openPKcji             
00003ed9  _Z11ST7735_readiPcj              
00003eef  __TI_zero_init_nomemset          
00003f05  __aeabi_uldivmod                 
00003f2d  TI_memcpy_small                  
00003f3f  __TI_decompress_none             
00003f51  _Z11Clock_Delayj                 
00003f61  wcslen                           
00003f7f  _Z12ST7735_lseekili              
00003f8d  __aeabi_memset                   
00003f8d  __aeabi_memset4                  
00003f8d  __aeabi_memset8                  
00003fc5  TI_memset_small                  
00003fd5  _Z10Clock_Freqv                  
00003fe1  _Z13ST7735_renamePKcS0_          
00003fed  __aeabi_memclr                   
00003fed  __aeabi_memclr4                  
00003fed  __aeabi_memclr8                  
00003ff9  malloc                           
0000402b  _Z12ST7735_closei                
00004035  _Z13ST7735_unlinkPKc             
0000403f  _Z8PLL_Initv                     
00004051  __aeabi_errno_addr               
00004059  __aeabi_memcpy                   
00004059  __aeabi_memcpy4                  
00004059  __aeabi_memcpy8                  
00004071  fseek                            
00004079  remove                           
00004081  Reset_Handler                    
00004084  C$$EXIT                          
00004085  abort                            
00004590  __aeabi_ctype_table_             
00004590  __aeabi_ctype_table_C            
00004780  SHT$$INIT_ARRAY$$Base            
00004784  SHT$$INIT_ARRAY$$Limit           
000047f4  __TI_Handler_Table_Base          
00004800  __TI_Handler_Table_Limit         
00004808  __TI_CINIT_Base                  
00004818  __TI_CINIT_Limit                 
00004818  __TI_CINIT_Warm                  
20200000  __start___llvm_prf_bits          
20200000  __start___llvm_prf_cnts          
20200000  __stop___llvm_prf_bits           
20200000  __stop___llvm_prf_cnts           
20200000  _sys_memory                      
20200200  _ftable                          
202002f0  _device                          
20200368  _stream                          
202003b8  Sensor                           
202003cc  __TI_cleanup_ptr                 
202003d0  __TI_dtors_ptr                   
202003d4  BusFreq                          
202003d8  StX                              
202003dc  StY                              
202003e0  __TI_ft_end                      
202003e4  __aeabi_errno                    
202003e8  _lock                            
202003ec  _unlock                          
20200400  _CIOBUF_                         
20200400  __CIOBUF_                        
20200520  __TI_tmpnams                     
202005c0  parmbuf                          
202005c8  Data                             
202005cc  Position                         
202005d0  TExaSLogic                       
202005d4  TExaSadc                         
202005d8  Time                             
202005dc  X                                
202005e0  Ymax                             
202005e4  Ymin                             
202005e8  Yrange                           
202005f0  StTextColor                      
20207e00  __stack                          
20208000  __STACK_END                      
ffffffff  __TI_pprof_out_hndl              
ffffffff  __TI_prof_data_size              
ffffffff  __TI_prof_data_start             
ffffffff  __binit__                        
ffffffff  binit                            
UNDEFED   __mpu_init                       
UNDEFED   _system_post_cinit               

[242 symbols]
