<?xml version="1.0" encoding="ISO-8859-1" ?>
<link_info>
   <banner>TI ARM Clang Linker Unix v4.0.1.LTS</banner>
   <copyright>Copyright (c) 1996-2018 Texas Instruments Incorporated</copyright>
   <command_line>/Applications/ti/ccs2000/ccs/tools/compiler/ti-cgt-armllvm_4.0.1.LTS/bin/tiarmlnk -I/Applications/ti/ccs2000/ccs/tools/compiler/ti-cgt-armllvm_4.0.1.LTS/lib -o ECE319K_Lab4.out -mECE319K_Lab4.map --heap_size=512 --stack_size=512 -i/Users/manaspathak11/Desktop/MSPM0_ValvanoWare/ECE319K_Lab4/Debug/syscfg -i/Applications/ti/ccs2000/ccs/tools/compiler/ti-cgt-armllvm_4.0.1.LTS/lib --diag_wrap=off --display_error_number --warn_sections --xml_link_info=ECE319K_Lab4_linkInfo.xml --rom_model ./Clock.o ./Dump.o ./ECE319K_Lab4Grader.o ./ECE319K_Lab4main.o ./FIFO.o ./LaunchPad.o ./Timer.o ./UART.o ./UARTints.o ./ticlang/startup_mspm0g3507_ticlang.o ../mspm0g3507.cmd -l/Applications/ti/mspm0_sdk_2_03_00_07/source/ti/driverlib/lib/ticlang/m0p/mspm0g1x0x_g3x0x/driverlib.a -llibc.a --start-group -llibc++.a -llibc++abi.a -llibc.a -llibsys.a -llibsysbm.a -llibclang_rt.builtins.a -llibclang_rt.profile.a --end-group --cg_opt_level=0</command_line>
   <link_time>0x67c0d87c</link_time>
   <link_errors>0x0</link_errors>
   <output_file>/Users/manaspathak11/Desktop/MSPM0_ValvanoWare/ECE319K_Lab4/Debug/ECE319K_Lab4.out</output_file>
   <entry_point>
      <name>_c_int00_noargs</name>
      <address>0x1545</address>
   </entry_point>
   <input_file_list>
      <input_file id="fl-1">
         <path>/Users/manaspathak11/Desktop/MSPM0_ValvanoWare/ECE319K_Lab4/Debug/./</path>
         <kind>object</kind>
         <file>Clock.o</file>
         <name>Clock.o</name>
      </input_file>
      <input_file id="fl-2">
         <path>/Users/manaspathak11/Desktop/MSPM0_ValvanoWare/ECE319K_Lab4/Debug/./</path>
         <kind>object</kind>
         <file>Dump.o</file>
         <name>Dump.o</name>
      </input_file>
      <input_file id="fl-3">
         <path>/Users/manaspathak11/Desktop/MSPM0_ValvanoWare/ECE319K_Lab4/Debug/./</path>
         <kind>object</kind>
         <file>ECE319K_Lab4Grader.o</file>
         <name>ECE319K_Lab4Grader.o</name>
      </input_file>
      <input_file id="fl-4">
         <path>/Users/manaspathak11/Desktop/MSPM0_ValvanoWare/ECE319K_Lab4/Debug/./</path>
         <kind>object</kind>
         <file>ECE319K_Lab4main.o</file>
         <name>ECE319K_Lab4main.o</name>
      </input_file>
      <input_file id="fl-5">
         <path>/Users/manaspathak11/Desktop/MSPM0_ValvanoWare/ECE319K_Lab4/Debug/./</path>
         <kind>object</kind>
         <file>FIFO.o</file>
         <name>FIFO.o</name>
      </input_file>
      <input_file id="fl-6">
         <path>/Users/manaspathak11/Desktop/MSPM0_ValvanoWare/ECE319K_Lab4/Debug/./</path>
         <kind>object</kind>
         <file>LaunchPad.o</file>
         <name>LaunchPad.o</name>
      </input_file>
      <input_file id="fl-7">
         <path>/Users/manaspathak11/Desktop/MSPM0_ValvanoWare/ECE319K_Lab4/Debug/./</path>
         <kind>object</kind>
         <file>Timer.o</file>
         <name>Timer.o</name>
      </input_file>
      <input_file id="fl-8">
         <path>/Users/manaspathak11/Desktop/MSPM0_ValvanoWare/ECE319K_Lab4/Debug/./</path>
         <kind>object</kind>
         <file>UART.o</file>
         <name>UART.o</name>
      </input_file>
      <input_file id="fl-9">
         <path>/Users/manaspathak11/Desktop/MSPM0_ValvanoWare/ECE319K_Lab4/Debug/./</path>
         <kind>object</kind>
         <file>UARTints.o</file>
         <name>UARTints.o</name>
      </input_file>
      <input_file id="fl-a">
         <path>/Users/manaspathak11/Desktop/MSPM0_ValvanoWare/ECE319K_Lab4/Debug/./ticlang/</path>
         <kind>object</kind>
         <file>startup_mspm0g3507_ticlang.o</file>
         <name>startup_mspm0g3507_ticlang.o</name>
      </input_file>
      <input_file id="fl-16">
         <path>/Users/manaspathak11/Desktop/MSPM0_ValvanoWare/ECE319K_Lab4/Debug/</path>
         <kind>object</kind>
         <file>&lt;internal&gt;</file>
         <name>&lt;internal&gt;</name>
      </input_file>
      <input_file id="fl-2b">
         <path>/Applications/ti/ccs2000/ccs/tools/compiler/ti-cgt-armllvm_4.0.1.LTS/lib/armv6m-ti-none-eabi/c/</path>
         <kind>archive</kind>
         <file>libc.a</file>
         <name>fopen.c.obj</name>
      </input_file>
      <input_file id="fl-2c">
         <path>/Applications/ti/ccs2000/ccs/tools/compiler/ti-cgt-armllvm_4.0.1.LTS/lib/armv6m-ti-none-eabi/c/</path>
         <kind>archive</kind>
         <file>libc.a</file>
         <name>setvbuf.c.obj</name>
      </input_file>
      <input_file id="fl-2d">
         <path>/Applications/ti/ccs2000/ccs/tools/compiler/ti-cgt-armllvm_4.0.1.LTS/lib/armv6m-ti-none-eabi/c/</path>
         <kind>archive</kind>
         <file>libc.a</file>
         <name>strcmp-armv6m.S.obj</name>
      </input_file>
      <input_file id="fl-2e">
         <path>/Applications/ti/ccs2000/ccs/tools/compiler/ti-cgt-armllvm_4.0.1.LTS/lib/armv6m-ti-none-eabi/c/</path>
         <kind>archive</kind>
         <file>libc.a</file>
         <name>aeabi_portable.c.obj</name>
      </input_file>
      <input_file id="fl-2f">
         <path>/Applications/ti/ccs2000/ccs/tools/compiler/ti-cgt-armllvm_4.0.1.LTS/lib/armv6m-ti-none-eabi/c/</path>
         <kind>archive</kind>
         <file>libc.a</file>
         <name>exit.c.obj</name>
      </input_file>
      <input_file id="fl-30">
         <path>/Applications/ti/ccs2000/ccs/tools/compiler/ti-cgt-armllvm_4.0.1.LTS/lib/armv6m-ti-none-eabi/c/</path>
         <kind>archive</kind>
         <file>libc.a</file>
         <name>_lock.c.obj</name>
      </input_file>
      <input_file id="fl-31">
         <path>/Applications/ti/ccs2000/ccs/tools/compiler/ti-cgt-armllvm_4.0.1.LTS/lib/armv6m-ti-none-eabi/c/</path>
         <kind>archive</kind>
         <file>libc.a</file>
         <name>assert.c.obj</name>
      </input_file>
      <input_file id="fl-32">
         <path>/Applications/ti/ccs2000/ccs/tools/compiler/ti-cgt-armllvm_4.0.1.LTS/lib/armv6m-ti-none-eabi/c/</path>
         <kind>archive</kind>
         <file>libc.a</file>
         <name>defs.c.obj</name>
      </input_file>
      <input_file id="fl-33">
         <path>/Applications/ti/ccs2000/ccs/tools/compiler/ti-cgt-armllvm_4.0.1.LTS/lib/armv6m-ti-none-eabi/c/</path>
         <kind>archive</kind>
         <file>libc.a</file>
         <name>memory.c.obj</name>
      </input_file>
      <input_file id="fl-34">
         <path>/Applications/ti/ccs2000/ccs/tools/compiler/ti-cgt-armllvm_4.0.1.LTS/lib/armv6m-ti-none-eabi/c/</path>
         <kind>archive</kind>
         <file>libc.a</file>
         <name>copy_zero_init.c.obj</name>
      </input_file>
      <input_file id="fl-35">
         <path>/Applications/ti/ccs2000/ccs/tools/compiler/ti-cgt-armllvm_4.0.1.LTS/lib/armv6m-ti-none-eabi/c/</path>
         <kind>archive</kind>
         <file>libc.a</file>
         <name>copy_decompress_none.c.obj</name>
      </input_file>
      <input_file id="fl-36">
         <path>/Applications/ti/ccs2000/ccs/tools/compiler/ti-cgt-armllvm_4.0.1.LTS/lib/armv6m-ti-none-eabi/c/</path>
         <kind>archive</kind>
         <file>libc.a</file>
         <name>copy_decompress_lzss.c.obj</name>
      </input_file>
      <input_file id="fl-37">
         <path>/Applications/ti/ccs2000/ccs/tools/compiler/ti-cgt-armllvm_4.0.1.LTS/lib/armv6m-ti-none-eabi/c/</path>
         <kind>archive</kind>
         <file>libc.a</file>
         <name>boot_cortex_m.c.obj</name>
      </input_file>
      <input_file id="fl-38">
         <path>/Applications/ti/ccs2000/ccs/tools/compiler/ti-cgt-armllvm_4.0.1.LTS/lib/armv6m-ti-none-eabi/c/</path>
         <kind>archive</kind>
         <file>libc.a</file>
         <name>mathacl_init.c.obj</name>
      </input_file>
      <input_file id="fl-39">
         <path>/Applications/ti/ccs2000/ccs/tools/compiler/ti-cgt-armllvm_4.0.1.LTS/lib/armv6m-ti-none-eabi/c/</path>
         <kind>archive</kind>
         <file>libc.a</file>
         <name>sprintf.c.obj</name>
      </input_file>
      <input_file id="fl-3a">
         <path>/Applications/ti/ccs2000/ccs/tools/compiler/ti-cgt-armllvm_4.0.1.LTS/lib/armv6m-ti-none-eabi/c/</path>
         <kind>archive</kind>
         <file>libc.a</file>
         <name>fclose.c.obj</name>
      </input_file>
      <input_file id="fl-3b">
         <path>/Applications/ti/ccs2000/ccs/tools/compiler/ti-cgt-armllvm_4.0.1.LTS/lib/armv6m-ti-none-eabi/c/</path>
         <kind>archive</kind>
         <file>libc.a</file>
         <name>fflush.c.obj</name>
      </input_file>
      <input_file id="fl-3c">
         <path>/Applications/ti/ccs2000/ccs/tools/compiler/ti-cgt-armllvm_4.0.1.LTS/lib/armv6m-ti-none-eabi/c/</path>
         <kind>archive</kind>
         <file>libc.a</file>
         <name>fputs.c.obj</name>
      </input_file>
      <input_file id="fl-3d">
         <path>/Applications/ti/ccs2000/ccs/tools/compiler/ti-cgt-armllvm_4.0.1.LTS/lib/armv6m-ti-none-eabi/c/</path>
         <kind>archive</kind>
         <file>libc.a</file>
         <name>_io_perm.c.obj</name>
      </input_file>
      <input_file id="fl-3e">
         <path>/Applications/ti/ccs2000/ccs/tools/compiler/ti-cgt-armllvm_4.0.1.LTS/lib/armv6m-ti-none-eabi/c/</path>
         <kind>archive</kind>
         <file>libc.a</file>
         <name>args_main.c.obj</name>
      </input_file>
      <input_file id="fl-3f">
         <path>/Applications/ti/ccs2000/ccs/tools/compiler/ti-cgt-armllvm_4.0.1.LTS/lib/armv6m-ti-none-eabi/c/</path>
         <kind>archive</kind>
         <file>libc.a</file>
         <name>autoinit.c.obj</name>
      </input_file>
      <input_file id="fl-40">
         <path>/Applications/ti/ccs2000/ccs/tools/compiler/ti-cgt-armllvm_4.0.1.LTS/lib/armv6m-ti-none-eabi/c/</path>
         <kind>archive</kind>
         <file>libc.a</file>
         <name>pre_init.c.obj</name>
      </input_file>
      <input_file id="fl-41">
         <path>/Applications/ti/ccs2000/ccs/tools/compiler/ti-cgt-armllvm_4.0.1.LTS/lib/armv6m-ti-none-eabi/c/</path>
         <kind>archive</kind>
         <file>libc.a</file>
         <name>cpy_tbl.c.obj</name>
      </input_file>
      <input_file id="fl-42">
         <path>/Applications/ti/ccs2000/ccs/tools/compiler/ti-cgt-armllvm_4.0.1.LTS/lib/armv6m-ti-none-eabi/c/</path>
         <kind>archive</kind>
         <file>libc.a</file>
         <name>_printfi.c.obj</name>
      </input_file>
      <input_file id="fl-43">
         <path>/Applications/ti/ccs2000/ccs/tools/compiler/ti-cgt-armllvm_4.0.1.LTS/lib/armv6m-ti-none-eabi/c/</path>
         <kind>archive</kind>
         <file>libc.a</file>
         <name>fseek.c.obj</name>
      </input_file>
      <input_file id="fl-44">
         <path>/Applications/ti/ccs2000/ccs/tools/compiler/ti-cgt-armllvm_4.0.1.LTS/lib/armv6m-ti-none-eabi/c/</path>
         <kind>archive</kind>
         <file>libc.a</file>
         <name>s_frexp.c.obj</name>
      </input_file>
      <input_file id="fl-45">
         <path>/Applications/ti/ccs2000/ccs/tools/compiler/ti-cgt-armllvm_4.0.1.LTS/lib/armv6m-ti-none-eabi/c/</path>
         <kind>archive</kind>
         <file>libc.a</file>
         <name>s_scalbn.c.obj</name>
      </input_file>
      <input_file id="fl-46">
         <path>/Applications/ti/ccs2000/ccs/tools/compiler/ti-cgt-armllvm_4.0.1.LTS/lib/armv6m-ti-none-eabi/c/</path>
         <kind>archive</kind>
         <file>libc.a</file>
         <name>_ltoa.c.obj</name>
      </input_file>
      <input_file id="fl-47">
         <path>/Applications/ti/ccs2000/ccs/tools/compiler/ti-cgt-armllvm_4.0.1.LTS/lib/armv6m-ti-none-eabi/c/</path>
         <kind>archive</kind>
         <file>libc.a</file>
         <name>atoi.c.obj</name>
      </input_file>
      <input_file id="fl-48">
         <path>/Applications/ti/ccs2000/ccs/tools/compiler/ti-cgt-armllvm_4.0.1.LTS/lib/armv6m-ti-none-eabi/c/</path>
         <kind>archive</kind>
         <file>libc.a</file>
         <name>memccpy.c.obj</name>
      </input_file>
      <input_file id="fl-49">
         <path>/Applications/ti/ccs2000/ccs/tools/compiler/ti-cgt-armllvm_4.0.1.LTS/lib/armv6m-ti-none-eabi/c/</path>
         <kind>archive</kind>
         <file>libc.a</file>
         <name>wcslen.c.obj</name>
      </input_file>
      <input_file id="fl-4a">
         <path>/Applications/ti/ccs2000/ccs/tools/compiler/ti-cgt-armllvm_4.0.1.LTS/lib/armv6m-ti-none-eabi/c/</path>
         <kind>archive</kind>
         <file>libc.a</file>
         <name>aeabi_ctype.S.obj</name>
      </input_file>
      <input_file id="fl-e0">
         <path>/Applications/ti/ccs2000/ccs/tools/compiler/ti-cgt-armllvm_4.0.1.LTS/lib/armv6m-ti-none-eabi/c/</path>
         <kind>archive</kind>
         <file>libsysbm.a</file>
         <name>write.c.obj</name>
      </input_file>
      <input_file id="fl-e1">
         <path>/Applications/ti/ccs2000/ccs/tools/compiler/ti-cgt-armllvm_4.0.1.LTS/lib/armv6m-ti-none-eabi/c/</path>
         <kind>archive</kind>
         <file>libsysbm.a</file>
         <name>host_device.c.obj</name>
      </input_file>
      <input_file id="fl-e2">
         <path>/Applications/ti/ccs2000/ccs/tools/compiler/ti-cgt-armllvm_4.0.1.LTS/lib/armv6m-ti-none-eabi/c/</path>
         <kind>archive</kind>
         <file>libsysbm.a</file>
         <name>remove.c.obj</name>
      </input_file>
      <input_file id="fl-e3">
         <path>/Applications/ti/ccs2000/ccs/tools/compiler/ti-cgt-armllvm_4.0.1.LTS/lib/armv6m-ti-none-eabi/c/</path>
         <kind>archive</kind>
         <file>libsysbm.a</file>
         <name>open.c.obj</name>
      </input_file>
      <input_file id="fl-e4">
         <path>/Applications/ti/ccs2000/ccs/tools/compiler/ti-cgt-armllvm_4.0.1.LTS/lib/armv6m-ti-none-eabi/c/</path>
         <kind>archive</kind>
         <file>libsysbm.a</file>
         <name>lseek.c.obj</name>
      </input_file>
      <input_file id="fl-e5">
         <path>/Applications/ti/ccs2000/ccs/tools/compiler/ti-cgt-armllvm_4.0.1.LTS/lib/armv6m-ti-none-eabi/c/</path>
         <kind>archive</kind>
         <file>libsysbm.a</file>
         <name>close.c.obj</name>
      </input_file>
      <input_file id="fl-e6">
         <path>/Applications/ti/ccs2000/ccs/tools/compiler/ti-cgt-armllvm_4.0.1.LTS/lib/armv6m-ti-none-eabi/c/</path>
         <kind>archive</kind>
         <file>libsysbm.a</file>
         <name>add_device.c.obj</name>
      </input_file>
      <input_file id="fl-e7">
         <path>/Applications/ti/ccs2000/ccs/tools/compiler/ti-cgt-armllvm_4.0.1.LTS/lib/armv6m-ti-none-eabi/c/</path>
         <kind>archive</kind>
         <file>libsysbm.a</file>
         <name>unlink.c.obj</name>
      </input_file>
      <input_file id="fl-e8">
         <path>/Applications/ti/ccs2000/ccs/tools/compiler/ti-cgt-armllvm_4.0.1.LTS/lib/armv6m-ti-none-eabi/c/</path>
         <kind>archive</kind>
         <file>libsysbm.a</file>
         <name>hostclose.c.obj</name>
      </input_file>
      <input_file id="fl-e9">
         <path>/Applications/ti/ccs2000/ccs/tools/compiler/ti-cgt-armllvm_4.0.1.LTS/lib/armv6m-ti-none-eabi/c/</path>
         <kind>archive</kind>
         <file>libsysbm.a</file>
         <name>hostlseek.c.obj</name>
      </input_file>
      <input_file id="fl-ea">
         <path>/Applications/ti/ccs2000/ccs/tools/compiler/ti-cgt-armllvm_4.0.1.LTS/lib/armv6m-ti-none-eabi/c/</path>
         <kind>archive</kind>
         <file>libsysbm.a</file>
         <name>hostopen.c.obj</name>
      </input_file>
      <input_file id="fl-eb">
         <path>/Applications/ti/ccs2000/ccs/tools/compiler/ti-cgt-armllvm_4.0.1.LTS/lib/armv6m-ti-none-eabi/c/</path>
         <kind>archive</kind>
         <file>libsysbm.a</file>
         <name>hostread.c.obj</name>
      </input_file>
      <input_file id="fl-ec">
         <path>/Applications/ti/ccs2000/ccs/tools/compiler/ti-cgt-armllvm_4.0.1.LTS/lib/armv6m-ti-none-eabi/c/</path>
         <kind>archive</kind>
         <file>libsysbm.a</file>
         <name>hostrename.c.obj</name>
      </input_file>
      <input_file id="fl-ed">
         <path>/Applications/ti/ccs2000/ccs/tools/compiler/ti-cgt-armllvm_4.0.1.LTS/lib/armv6m-ti-none-eabi/c/</path>
         <kind>archive</kind>
         <file>libsysbm.a</file>
         <name>hostunlink.c.obj</name>
      </input_file>
      <input_file id="fl-ee">
         <path>/Applications/ti/ccs2000/ccs/tools/compiler/ti-cgt-armllvm_4.0.1.LTS/lib/armv6m-ti-none-eabi/c/</path>
         <kind>archive</kind>
         <file>libsysbm.a</file>
         <name>hostwrite.c.obj</name>
      </input_file>
      <input_file id="fl-ef">
         <path>/Applications/ti/ccs2000/ccs/tools/compiler/ti-cgt-armllvm_4.0.1.LTS/lib/armv6m-ti-none-eabi/c/</path>
         <kind>archive</kind>
         <file>libsysbm.a</file>
         <name>trgmsg.c.obj</name>
      </input_file>
      <input_file id="fl-f0">
         <path>/Applications/ti/ccs2000/ccs/tools/compiler/ti-cgt-armllvm_4.0.1.LTS/lib/armv6m-ti-none-eabi/</path>
         <kind>archive</kind>
         <file>libclang_rt.builtins.a</file>
         <name>adddf3.S.obj</name>
      </input_file>
      <input_file id="fl-f1">
         <path>/Applications/ti/ccs2000/ccs/tools/compiler/ti-cgt-armllvm_4.0.1.LTS/lib/armv6m-ti-none-eabi/</path>
         <kind>archive</kind>
         <file>libclang_rt.builtins.a</file>
         <name>muldf3.S.obj</name>
      </input_file>
      <input_file id="fl-f2">
         <path>/Applications/ti/ccs2000/ccs/tools/compiler/ti-cgt-armllvm_4.0.1.LTS/lib/armv6m-ti-none-eabi/</path>
         <kind>archive</kind>
         <file>libclang_rt.builtins.a</file>
         <name>muldsi3.S.obj</name>
      </input_file>
      <input_file id="fl-f3">
         <path>/Applications/ti/ccs2000/ccs/tools/compiler/ti-cgt-armllvm_4.0.1.LTS/lib/armv6m-ti-none-eabi/</path>
         <kind>archive</kind>
         <file>libclang_rt.builtins.a</file>
         <name>divdf3.S.obj</name>
      </input_file>
      <input_file id="fl-f4">
         <path>/Applications/ti/ccs2000/ccs/tools/compiler/ti-cgt-armllvm_4.0.1.LTS/lib/armv6m-ti-none-eabi/</path>
         <kind>archive</kind>
         <file>libclang_rt.builtins.a</file>
         <name>fixdfsi.S.obj</name>
      </input_file>
      <input_file id="fl-f5">
         <path>/Applications/ti/ccs2000/ccs/tools/compiler/ti-cgt-armllvm_4.0.1.LTS/lib/armv6m-ti-none-eabi/</path>
         <kind>archive</kind>
         <file>libclang_rt.builtins.a</file>
         <name>floatsidf.S.obj</name>
      </input_file>
      <input_file id="fl-f6">
         <path>/Applications/ti/ccs2000/ccs/tools/compiler/ti-cgt-armllvm_4.0.1.LTS/lib/armv6m-ti-none-eabi/</path>
         <kind>archive</kind>
         <file>libclang_rt.builtins.a</file>
         <name>muldi3.S.obj</name>
      </input_file>
      <input_file id="fl-f7">
         <path>/Applications/ti/ccs2000/ccs/tools/compiler/ti-cgt-armllvm_4.0.1.LTS/lib/armv6m-ti-none-eabi/</path>
         <kind>archive</kind>
         <file>libclang_rt.builtins.a</file>
         <name>aeabi_dcmp.S.obj</name>
      </input_file>
      <input_file id="fl-f8">
         <path>/Applications/ti/ccs2000/ccs/tools/compiler/ti-cgt-armllvm_4.0.1.LTS/lib/armv6m-ti-none-eabi/</path>
         <kind>archive</kind>
         <file>libclang_rt.builtins.a</file>
         <name>aeabi_idivmod.S.obj</name>
      </input_file>
      <input_file id="fl-f9">
         <path>/Applications/ti/ccs2000/ccs/tools/compiler/ti-cgt-armllvm_4.0.1.LTS/lib/armv6m-ti-none-eabi/</path>
         <kind>archive</kind>
         <file>libclang_rt.builtins.a</file>
         <name>aeabi_memcpy.S.obj</name>
      </input_file>
      <input_file id="fl-fa">
         <path>/Applications/ti/ccs2000/ccs/tools/compiler/ti-cgt-armllvm_4.0.1.LTS/lib/armv6m-ti-none-eabi/</path>
         <kind>archive</kind>
         <file>libclang_rt.builtins.a</file>
         <name>aeabi_memset.S.obj</name>
      </input_file>
      <input_file id="fl-fb">
         <path>/Applications/ti/ccs2000/ccs/tools/compiler/ti-cgt-armllvm_4.0.1.LTS/lib/armv6m-ti-none-eabi/</path>
         <kind>archive</kind>
         <file>libclang_rt.builtins.a</file>
         <name>aeabi_uidivmod.S.obj</name>
      </input_file>
      <input_file id="fl-fc">
         <path>/Applications/ti/ccs2000/ccs/tools/compiler/ti-cgt-armllvm_4.0.1.LTS/lib/armv6m-ti-none-eabi/</path>
         <kind>archive</kind>
         <file>libclang_rt.builtins.a</file>
         <name>aeabi_uldivmod.S.obj</name>
      </input_file>
      <input_file id="fl-fd">
         <path>/Applications/ti/ccs2000/ccs/tools/compiler/ti-cgt-armllvm_4.0.1.LTS/lib/armv6m-ti-none-eabi/</path>
         <kind>archive</kind>
         <file>libclang_rt.builtins.a</file>
         <name>udivmoddi4.S.obj</name>
      </input_file>
      <input_file id="fl-fe">
         <path>/Applications/ti/ccs2000/ccs/tools/compiler/ti-cgt-armllvm_4.0.1.LTS/lib/armv6m-ti-none-eabi/</path>
         <kind>archive</kind>
         <file>libclang_rt.builtins.a</file>
         <name>ashldi3.S.obj</name>
      </input_file>
      <input_file id="fl-ff">
         <path>/Applications/ti/ccs2000/ccs/tools/compiler/ti-cgt-armllvm_4.0.1.LTS/lib/armv6m-ti-none-eabi/</path>
         <kind>archive</kind>
         <file>libclang_rt.builtins.a</file>
         <name>comparedf2.c.obj</name>
      </input_file>
      <input_file id="fl-100">
         <path>/Applications/ti/ccs2000/ccs/tools/compiler/ti-cgt-armllvm_4.0.1.LTS/lib/armv6m-ti-none-eabi/</path>
         <kind>archive</kind>
         <file>libclang_rt.builtins.a</file>
         <name>aeabi_div0.c.obj</name>
      </input_file>
      <input_file id="fl-101">
         <path>/Applications/ti/ccs2000/ccs/tools/compiler/ti-cgt-armllvm_4.0.1.LTS/lib/armv6m-ti-none-eabi/c/</path>
         <kind>archive</kind>
         <file>libc.a</file>
         <name>getdevice.c.obj</name>
      </input_file>
      <input_file id="fl-102">
         <path>/Applications/ti/ccs2000/ccs/tools/compiler/ti-cgt-armllvm_4.0.1.LTS/lib/armv6m-ti-none-eabi/c/</path>
         <kind>archive</kind>
         <file>libc.a</file>
         <name>memcpy16.S.obj</name>
      </input_file>
      <input_file id="fl-103">
         <path>/Applications/ti/ccs2000/ccs/tools/compiler/ti-cgt-armllvm_4.0.1.LTS/lib/armv6m-ti-none-eabi/c/</path>
         <kind>archive</kind>
         <file>libc.a</file>
         <name>memset16.S.obj</name>
      </input_file>
   </input_file_list>
   <object_component_list>
      <object_component id="oc-18">
         <name>.intvecs</name>
         <load_address>0x0</load_address>
         <readonly>true</readonly>
         <run_address>0x0</run_address>
         <size>0xc0</size>
         <alignment>0x4</alignment>
         <input_file_ref idref="fl-a"/>
      </object_component>
      <object_component id="oc-3c">
         <name>.text.TIMG7_IRQHandler</name>
         <load_address>0xc0</load_address>
         <readonly>true</readonly>
         <executable>true</executable>
         <run_address>0xc0</run_address>
         <size>0x31c</size>
         <alignment>0x4</alignment>
         <input_file_ref idref="fl-3"/>
      </object_component>
      <object_component id="oc-11f">
         <name>.text.CheckInitialization</name>
         <load_address>0x3dc</load_address>
         <readonly>true</readonly>
         <executable>true</executable>
         <run_address>0x3dc</run_address>
         <size>0x298</size>
         <alignment>0x4</alignment>
         <input_file_ref idref="fl-3"/>
      </object_component>
      <object_component id="oc-df">
         <name>.text.Lab4Grader</name>
         <load_address>0x674</load_address>
         <readonly>true</readonly>
         <executable>true</executable>
         <run_address>0x674</run_address>
         <size>0x294</size>
         <alignment>0x4</alignment>
         <input_file_ref idref="fl-3"/>
      </object_component>
      <object_component id="oc-d1">
         <name>.text.Clock_Init80MHz</name>
         <load_address>0x908</load_address>
         <readonly>true</readonly>
         <executable>true</executable>
         <run_address>0x908</run_address>
         <size>0x1b4</size>
         <alignment>0x4</alignment>
         <input_file_ref idref="fl-1"/>
      </object_component>
      <object_component id="oc-118">
         <name>.text.UART_Init</name>
         <load_address>0xabc</load_address>
         <readonly>true</readonly>
         <executable>true</executable>
         <run_address>0xabc</run_address>
         <size>0x130</size>
         <alignment>0x4</alignment>
         <input_file_ref idref="fl-9"/>
      </object_component>
      <object_component id="oc-dd">
         <name>.text.Traffic_Init</name>
         <load_address>0xbec</load_address>
         <readonly>true</readonly>
         <executable>true</executable>
         <run_address>0xbec</run_address>
         <size>0xe8</size>
         <alignment>0x4</alignment>
         <input_file_ref idref="fl-4"/>
      </object_component>
      <object_component id="oc-120">
         <name>.text.TimerG7_IntArm</name>
         <load_address>0xcd4</load_address>
         <readonly>true</readonly>
         <executable>true</executable>
         <run_address>0xcd4</run_address>
         <size>0xa8</size>
         <alignment>0x4</alignment>
         <input_file_ref idref="fl-7"/>
      </object_component>
      <object_component id="oc-31">
         <name>.text.Reset_Handler</name>
         <load_address>0xd7c</load_address>
         <readonly>true</readonly>
         <executable>true</executable>
         <run_address>0xd7c</run_address>
         <size>0x4</size>
         <alignment>0x2</alignment>
         <input_file_ref idref="fl-a"/>
      </object_component>
      <object_component id="oc-119">
         <name>.text:strcmp</name>
         <load_address>0xd80</load_address>
         <readonly>true</readonly>
         <executable>true</executable>
         <run_address>0xd80</run_address>
         <size>0x88</size>
         <alignment>0x10</alignment>
         <input_file_ref idref="fl-2d"/>
      </object_component>
      <object_component id="oc-d6">
         <name>.text.LaunchPad_Init</name>
         <load_address>0xe08</load_address>
         <readonly>true</readonly>
         <executable>true</executable>
         <run_address>0xe08</run_address>
         <size>0x7c</size>
         <alignment>0x4</alignment>
         <input_file_ref idref="fl-6"/>
      </object_component>
      <object_component id="oc-78">
         <name>.text.ReadSensor</name>
         <load_address>0xe84</load_address>
         <readonly>true</readonly>
         <executable>true</executable>
         <run_address>0xe84</run_address>
         <size>0x7c</size>
         <alignment>0x4</alignment>
         <input_file_ref idref="fl-3"/>
      </object_component>
      <object_component id="oc-1c">
         <name>.text:decompress:lzss</name>
         <load_address>0xf00</load_address>
         <readonly>true</readonly>
         <executable>true</executable>
         <run_address>0xf00</run_address>
         <size>0x7c</size>
         <alignment>0x4</alignment>
         <input_file_ref idref="fl-36"/>
      </object_component>
      <object_component id="oc-e0">
         <name>.text.Traffic_Out</name>
         <load_address>0xf7c</load_address>
         <readonly>true</readonly>
         <executable>true</executable>
         <run_address>0xf7c</run_address>
         <size>0x68</size>
         <alignment>0x4</alignment>
         <input_file_ref idref="fl-4"/>
      </object_component>
      <object_component id="oc-7c">
         <name>.text.GetState</name>
         <load_address>0xfe4</load_address>
         <readonly>true</readonly>
         <executable>true</executable>
         <run_address>0xfe4</run_address>
         <size>0x64</size>
         <alignment>0x4</alignment>
         <input_file_ref idref="fl-3"/>
      </object_component>
      <object_component id="oc-a5">
         <name>.text.main</name>
         <load_address>0x1048</load_address>
         <readonly>true</readonly>
         <executable>true</executable>
         <run_address>0x1048</run_address>
         <size>0x64</size>
         <alignment>0x4</alignment>
         <input_file_ref idref="fl-4"/>
      </object_component>
      <object_component id="oc-79">
         <name>.text.ReadSouth</name>
         <load_address>0x10ac</load_address>
         <readonly>true</readonly>
         <executable>true</executable>
         <run_address>0x10ac</run_address>
         <size>0x5c</size>
         <alignment>0x4</alignment>
         <input_file_ref idref="fl-3"/>
      </object_component>
      <object_component id="oc-37">
         <name>.text.UART0_IRQHandler</name>
         <load_address>0x1108</load_address>
         <readonly>true</readonly>
         <executable>true</executable>
         <run_address>0x1108</run_address>
         <size>0x5c</size>
         <alignment>0x4</alignment>
         <input_file_ref idref="fl-9"/>
      </object_component>
      <object_component id="oc-68">
         <name>.text.copyHardwareToSoftware</name>
         <load_address>0x1164</load_address>
         <readonly>true</readonly>
         <executable>true</executable>
         <run_address>0x1164</run_address>
         <size>0x58</size>
         <alignment>0x4</alignment>
         <input_file_ref idref="fl-9"/>
      </object_component>
      <object_component id="oc-7a">
         <name>.text.ReadWest</name>
         <load_address>0x11bc</load_address>
         <readonly>true</readonly>
         <executable>true</executable>
         <run_address>0x11bc</run_address>
         <size>0x4c</size>
         <alignment>0x4</alignment>
         <input_file_ref idref="fl-3"/>
      </object_component>
      <object_component id="oc-b5">
         <name>.text.RxFifo_Put</name>
         <load_address>0x1208</load_address>
         <readonly>true</readonly>
         <executable>true</executable>
         <run_address>0x1208</run_address>
         <size>0x4c</size>
         <alignment>0x4</alignment>
         <input_file_ref idref="fl-5"/>
      </object_component>
      <object_component id="oc-b6">
         <name>.text.TxFifo_Get</name>
         <load_address>0x1254</load_address>
         <readonly>true</readonly>
         <executable>true</executable>
         <run_address>0x1254</run_address>
         <size>0x4c</size>
         <alignment>0x4</alignment>
         <input_file_ref idref="fl-5"/>
      </object_component>
      <object_component id="oc-104">
         <name>.text.TxFifo_Put</name>
         <load_address>0x12a0</load_address>
         <readonly>true</readonly>
         <executable>true</executable>
         <run_address>0x12a0</run_address>
         <size>0x4c</size>
         <alignment>0x4</alignment>
         <input_file_ref idref="fl-5"/>
      </object_component>
      <object_component id="oc-69">
         <name>.text.copySoftwareToHardware</name>
         <load_address>0x12ec</load_address>
         <readonly>true</readonly>
         <executable>true</executable>
         <run_address>0x12ec</run_address>
         <size>0x4c</size>
         <alignment>0x4</alignment>
         <input_file_ref idref="fl-9"/>
      </object_component>
      <object_component id="oc-bb">
         <name>.text.UART_OutChar</name>
         <load_address>0x1338</load_address>
         <readonly>true</readonly>
         <executable>true</executable>
         <run_address>0x1338</run_address>
         <size>0x40</size>
         <alignment>0x4</alignment>
         <input_file_ref idref="fl-9"/>
      </object_component>
      <object_component id="oc-be">
         <name>.text.__aeabi_uidivmod</name>
         <load_address>0x1378</load_address>
         <readonly>true</readonly>
         <executable>true</executable>
         <run_address>0x1378</run_address>
         <size>0x40</size>
         <alignment>0x4</alignment>
         <input_file_ref idref="fl-fb"/>
      </object_component>
      <object_component id="oc-ee">
         <name>.text:__TI_auto_init_nobinit_nopinit</name>
         <load_address>0x13b8</load_address>
         <readonly>true</readonly>
         <executable>true</executable>
         <run_address>0x13b8</run_address>
         <size>0x3c</size>
         <alignment>0x4</alignment>
         <input_file_ref idref="fl-3f"/>
      </object_component>
      <object_component id="oc-115">
         <name>.text.ActivatePortA_B</name>
         <load_address>0x13f4</load_address>
         <readonly>true</readonly>
         <executable>true</executable>
         <run_address>0x13f4</run_address>
         <size>0x38</size>
         <alignment>0x4</alignment>
         <input_file_ref idref="fl-6"/>
      </object_component>
      <object_component id="oc-76">
         <name>.text.UART_OutUDec</name>
         <load_address>0x142c</load_address>
         <readonly>true</readonly>
         <executable>true</executable>
         <run_address>0x142c</run_address>
         <size>0x36</size>
         <alignment>0x2</alignment>
         <input_file_ref idref="fl-8"/>
      </object_component>
      <object_component id="oc-105">
         <name>.text.__aeabi_idiv0</name>
         <load_address>0x1462</load_address>
         <readonly>true</readonly>
         <executable>true</executable>
         <run_address>0x1462</run_address>
         <size>0x2</size>
         <alignment>0x2</alignment>
         <input_file_ref idref="fl-100"/>
      </object_component>
      <object_component id="oc-134">
         <name>.text.SysTick_Wait</name>
         <load_address>0x1464</load_address>
         <readonly>true</readonly>
         <executable>true</executable>
         <run_address>0x1464</run_address>
         <size>0x34</size>
         <alignment>0x4</alignment>
         <input_file_ref idref="fl-1"/>
      </object_component>
      <object_component id="oc-11d">
         <name>.text.setUpper</name>
         <load_address>0x1498</load_address>
         <readonly>true</readonly>
         <executable>true</executable>
         <run_address>0x1498</run_address>
         <size>0x34</size>
         <alignment>0x2</alignment>
         <input_file_ref idref="fl-3"/>
      </object_component>
      <object_component id="oc-db">
         <name>.text.Grader_Init</name>
         <load_address>0x14cc</load_address>
         <readonly>true</readonly>
         <executable>true</executable>
         <run_address>0x14cc</run_address>
         <size>0x28</size>
         <alignment>0x4</alignment>
         <input_file_ref idref="fl-3"/>
      </object_component>
      <object_component id="oc-7b">
         <name>.text.ReadWalk</name>
         <load_address>0x14f4</load_address>
         <readonly>true</readonly>
         <executable>true</executable>
         <run_address>0x14f4</run_address>
         <size>0x28</size>
         <alignment>0x4</alignment>
         <input_file_ref idref="fl-3"/>
      </object_component>
      <object_component id="oc-e1">
         <name>.text.SysTick_Wait10ms</name>
         <load_address>0x151c</load_address>
         <readonly>true</readonly>
         <executable>true</executable>
         <run_address>0x151c</run_address>
         <size>0x28</size>
         <alignment>0x4</alignment>
         <input_file_ref idref="fl-1"/>
      </object_component>
      <object_component id="oc-5c">
         <name>.text:_c_int00_noargs</name>
         <load_address>0x1544</load_address>
         <readonly>true</readonly>
         <executable>true</executable>
         <run_address>0x1544</run_address>
         <size>0x28</size>
         <alignment>0x4</alignment>
         <input_file_ref idref="fl-37"/>
      </object_component>
      <object_component id="oc-71">
         <name>.text.UART_OutString</name>
         <load_address>0x156c</load_address>
         <readonly>true</readonly>
         <executable>true</executable>
         <run_address>0x156c</run_address>
         <size>0x26</size>
         <alignment>0x2</alignment>
         <input_file_ref idref="fl-8"/>
      </object_component>
      <object_component id="oc-11e">
         <name>.text.Random32</name>
         <load_address>0x1594</load_address>
         <readonly>true</readonly>
         <executable>true</executable>
         <run_address>0x1594</run_address>
         <size>0x20</size>
         <alignment>0x4</alignment>
         <input_file_ref idref="fl-3"/>
      </object_component>
      <object_component id="oc-de">
         <name>.text.SysTick_Init</name>
         <load_address>0x15b4</load_address>
         <readonly>true</readonly>
         <executable>true</executable>
         <run_address>0x15b4</run_address>
         <size>0x20</size>
         <alignment>0x4</alignment>
         <input_file_ref idref="fl-1"/>
      </object_component>
      <object_component id="oc-35">
         <name>.text.Default_Handler</name>
         <load_address>0x15d4</load_address>
         <readonly>true</readonly>
         <executable>true</executable>
         <run_address>0x15d4</run_address>
         <size>0x1c</size>
         <alignment>0x4</alignment>
         <input_file_ref idref="fl-a"/>
      </object_component>
      <object_component id="oc-36">
         <name>.text.HardFault_Handler</name>
         <load_address>0x15f0</load_address>
         <readonly>true</readonly>
         <executable>true</executable>
         <run_address>0x15f0</run_address>
         <size>0x1c</size>
         <alignment>0x4</alignment>
         <input_file_ref idref="fl-a"/>
      </object_component>
      <object_component id="oc-b4">
         <name>.text.RxFifo_Size</name>
         <load_address>0x160c</load_address>
         <readonly>true</readonly>
         <executable>true</executable>
         <run_address>0x160c</run_address>
         <size>0x18</size>
         <alignment>0x4</alignment>
         <input_file_ref idref="fl-5"/>
      </object_component>
      <object_component id="oc-6a">
         <name>.text.TxFifo_Size</name>
         <load_address>0x1624</load_address>
         <readonly>true</readonly>
         <executable>true</executable>
         <run_address>0x1624</run_address>
         <size>0x18</size>
         <alignment>0x4</alignment>
         <input_file_ref idref="fl-5"/>
      </object_component>
      <object_component id="oc-53">
         <name>.text:decompress:ZI:__TI_zero_init_nomemset</name>
         <load_address>0x163c</load_address>
         <readonly>true</readonly>
         <executable>true</executable>
         <run_address>0x163c</run_address>
         <size>0x16</size>
         <alignment>0x2</alignment>
         <input_file_ref idref="fl-34"/>
      </object_component>
      <object_component id="oc-149">
         <name>.text.RxFifo_Init</name>
         <load_address>0x1654</load_address>
         <readonly>true</readonly>
         <executable>true</executable>
         <run_address>0x1654</run_address>
         <size>0x14</size>
         <alignment>0x4</alignment>
         <input_file_ref idref="fl-5"/>
      </object_component>
      <object_component id="oc-e2">
         <name>.text.Traffic_In</name>
         <load_address>0x1668</load_address>
         <readonly>true</readonly>
         <executable>true</executable>
         <run_address>0x1668</run_address>
         <size>0x14</size>
         <alignment>0x4</alignment>
         <input_file_ref idref="fl-4"/>
      </object_component>
      <object_component id="oc-148">
         <name>.text.TxFifo_Init</name>
         <load_address>0x167c</load_address>
         <readonly>true</readonly>
         <executable>true</executable>
         <run_address>0x167c</run_address>
         <size>0x14</size>
         <alignment>0x4</alignment>
         <input_file_ref idref="fl-5"/>
      </object_component>
      <object_component id="oc-c7">
         <name>.text:TI_memcpy_small</name>
         <load_address>0x1690</load_address>
         <readonly>true</readonly>
         <executable>true</executable>
         <run_address>0x1690</run_address>
         <size>0x12</size>
         <alignment>0x1</alignment>
         <input_file_ref idref="fl-102"/>
      </object_component>
      <object_component id="oc-20">
         <name>.text:decompress:none</name>
         <load_address>0x16a2</load_address>
         <readonly>true</readonly>
         <executable>true</executable>
         <run_address>0x16a2</run_address>
         <size>0x12</size>
         <alignment>0x2</alignment>
         <input_file_ref idref="fl-35"/>
      </object_component>
      <object_component id="oc-147">
         <name>.text.Clock_Delay</name>
         <load_address>0x16b4</load_address>
         <readonly>true</readonly>
         <executable>true</executable>
         <run_address>0x16b4</run_address>
         <size>0x10</size>
         <alignment>0x2</alignment>
         <input_file_ref idref="fl-1"/>
      </object_component>
      <object_component id="oc-146">
         <name>.text.Delay</name>
         <load_address>0x16c4</load_address>
         <readonly>true</readonly>
         <executable>true</executable>
         <run_address>0x16c4</run_address>
         <size>0x10</size>
         <alignment>0x2</alignment>
         <input_file_ref idref="fl-6"/>
      </object_component>
      <object_component id="oc-77">
         <name>.text.OutCRLF</name>
         <load_address>0x16d4</load_address>
         <readonly>true</readonly>
         <executable>true</executable>
         <run_address>0x16d4</run_address>
         <size>0x10</size>
         <alignment>0x2</alignment>
         <input_file_ref idref="fl-3"/>
      </object_component>
      <object_component id="oc-14a">
         <name>.text.Clock_Freq</name>
         <load_address>0x16e4</load_address>
         <readonly>true</readonly>
         <executable>true</executable>
         <run_address>0x16e4</run_address>
         <size>0xc</size>
         <alignment>0x4</alignment>
         <input_file_ref idref="fl-1"/>
      </object_component>
      <object_component id="oc-dc">
         <name>.text.LaunchPad_LED1off</name>
         <load_address>0x16f0</load_address>
         <readonly>true</readonly>
         <executable>true</executable>
         <run_address>0x16f0</run_address>
         <size>0xc</size>
         <alignment>0x4</alignment>
         <input_file_ref idref="fl-6"/>
      </object_component>
      <object_component id="oc-4c">
         <name>.text.__aeabi_memcpy</name>
         <load_address>0x16fc</load_address>
         <readonly>true</readonly>
         <executable>true</executable>
         <run_address>0x16fc</run_address>
         <size>0x8</size>
         <alignment>0x4</alignment>
         <input_file_ref idref="fl-f9"/>
      </object_component>
      <object_component id="oc-a1">
         <name>.text._system_pre_init</name>
         <load_address>0x1704</load_address>
         <readonly>true</readonly>
         <executable>true</executable>
         <run_address>0x1704</run_address>
         <size>0x4</size>
         <alignment>0x2</alignment>
         <input_file_ref idref="fl-40"/>
      </object_component>
      <object_component id="oc-e7">
         <name>.text:abort</name>
         <load_address>0x1708</load_address>
         <readonly>true</readonly>
         <executable>true</executable>
         <run_address>0x1708</run_address>
         <size>0x4</size>
         <alignment>0x2</alignment>
         <input_file_ref idref="fl-2f"/>
      </object_component>
      <object_component id="oc-19f">
         <name>.cinit..data.load</name>
         <load_address>0x20b8</load_address>
         <readonly>true</readonly>
         <run_address>0x20b8</run_address>
         <size>0x11</size>
         <alignment>0x1</alignment>
      </object_component>
      <object_component id="oc-19d">
         <name>__TI_handler_table</name>
         <load_address>0x20cc</load_address>
         <readonly>true</readonly>
         <run_address>0x20cc</run_address>
         <size>0xc</size>
         <alignment>0x4</alignment>
      </object_component>
      <object_component id="oc-1a0">
         <name>.cinit..bss.load</name>
         <load_address>0x20d8</load_address>
         <readonly>true</readonly>
         <run_address>0x20d8</run_address>
         <size>0x8</size>
         <alignment>0x4</alignment>
      </object_component>
      <object_component id="oc-19e">
         <name>__TI_cinit_table</name>
         <load_address>0x20e0</load_address>
         <readonly>true</readonly>
         <run_address>0x20e0</run_address>
         <size>0x10</size>
         <alignment>0x4</alignment>
      </object_component>
      <object_component id="oc-135">
         <name>.rodata.FSM</name>
         <load_address>0x1710</load_address>
         <readonly>true</readonly>
         <run_address>0x1710</run_address>
         <size>0x270</size>
         <alignment>0x4</alignment>
         <input_file_ref idref="fl-4"/>
      </object_component>
      <object_component id="oc-12f">
         <name>.rodata.SensorProblem</name>
         <load_address>0x1980</load_address>
         <readonly>true</readonly>
         <run_address>0x1980</run_address>
         <size>0x140</size>
         <alignment>0x1</alignment>
         <input_file_ref idref="fl-3"/>
      </object_component>
      <object_component id="oc-12d">
         <name>.rodata.SouthProblem</name>
         <load_address>0x1ac0</load_address>
         <readonly>true</readonly>
         <run_address>0x1ac0</run_address>
         <size>0xf0</size>
         <alignment>0x1</alignment>
         <input_file_ref idref="fl-3"/>
      </object_component>
      <object_component id="oc-130">
         <name>.rodata.PatternProblem</name>
         <load_address>0x1bb0</load_address>
         <readonly>true</readonly>
         <run_address>0x1bb0</run_address>
         <size>0xc8</size>
         <alignment>0x1</alignment>
         <input_file_ref idref="fl-3"/>
      </object_component>
      <object_component id="oc-8c">
         <name>.rodata.pat</name>
         <load_address>0x1c78</load_address>
         <readonly>true</readonly>
         <run_address>0x1c78</run_address>
         <size>0xc4</size>
         <alignment>0x4</alignment>
         <input_file_ref idref="fl-3"/>
      </object_component>
      <object_component id="oc-12e">
         <name>.rodata.WestProblem</name>
         <load_address>0x1d3c</load_address>
         <readonly>true</readonly>
         <run_address>0x1d3c</run_address>
         <size>0xa0</size>
         <alignment>0x1</alignment>
         <input_file_ref idref="fl-3"/>
      </object_component>
      <object_component id="oc-150">
         <name>.rodata.str1.33178702382128063511</name>
         <load_address>0x1ddc</load_address>
         <readonly>true</readonly>
         <run_address>0x1ddc</run_address>
         <size>0x3c</size>
         <alignment>0x1</alignment>
         <input_file_ref idref="fl-3"/>
      </object_component>
      <object_component id="oc-14d">
         <name>.rodata.str1.34338108663945114111</name>
         <load_address>0x1e18</load_address>
         <readonly>true</readonly>
         <run_address>0x1e18</run_address>
         <size>0x3b</size>
         <alignment>0x1</alignment>
         <input_file_ref idref="fl-3"/>
      </object_component>
      <object_component id="oc-14e">
         <name>.rodata.str1.83965500955376455081</name>
         <load_address>0x1e53</load_address>
         <readonly>true</readonly>
         <run_address>0x1e53</run_address>
         <size>0x3b</size>
         <alignment>0x1</alignment>
         <input_file_ref idref="fl-3"/>
      </object_component>
      <object_component id="oc-151">
         <name>.rodata.str1.46641900071989434961</name>
         <load_address>0x1e8e</load_address>
         <readonly>true</readonly>
         <run_address>0x1e8e</run_address>
         <size>0x3a</size>
         <alignment>0x1</alignment>
         <input_file_ref idref="fl-3"/>
      </object_component>
      <object_component id="oc-14f">
         <name>.rodata.str1.101786750012153853561</name>
         <load_address>0x1ec8</load_address>
         <readonly>true</readonly>
         <run_address>0x1ec8</run_address>
         <size>0x39</size>
         <alignment>0x1</alignment>
         <input_file_ref idref="fl-3"/>
      </object_component>
      <object_component id="oc-12a">
         <name>.rodata.str1.89826471332389254811</name>
         <load_address>0x1f01</load_address>
         <readonly>true</readonly>
         <run_address>0x1f01</run_address>
         <size>0x37</size>
         <alignment>0x1</alignment>
         <input_file_ref idref="fl-3"/>
      </object_component>
      <object_component id="oc-152">
         <name>.rodata.str1.72217892764431003391</name>
         <load_address>0x1f38</load_address>
         <readonly>true</readonly>
         <run_address>0x1f38</run_address>
         <size>0x2f</size>
         <alignment>0x1</alignment>
         <input_file_ref idref="fl-3"/>
      </object_component>
      <object_component id="oc-132">
         <name>.rodata.str1.126612601997215824021</name>
         <load_address>0x1f67</load_address>
         <readonly>true</readonly>
         <run_address>0x1f67</run_address>
         <size>0x2d</size>
         <alignment>0x1</alignment>
         <input_file_ref idref="fl-3"/>
      </object_component>
      <object_component id="oc-c6">
         <name>.rodata.validPatterns</name>
         <load_address>0x1f94</load_address>
         <readonly>true</readonly>
         <run_address>0x1f94</run_address>
         <size>0x1c</size>
         <alignment>0x4</alignment>
         <input_file_ref idref="fl-3"/>
      </object_component>
      <object_component id="oc-89">
         <name>.rodata.Patterns</name>
         <load_address>0x1fb0</load_address>
         <readonly>true</readonly>
         <run_address>0x1fb0</run_address>
         <size>0x18</size>
         <alignment>0x4</alignment>
         <input_file_ref idref="fl-3"/>
      </object_component>
      <object_component id="oc-126">
         <name>.rodata.str1.116433098454076486001</name>
         <load_address>0x1fc8</load_address>
         <readonly>true</readonly>
         <run_address>0x1fc8</run_address>
         <size>0x15</size>
         <alignment>0x1</alignment>
         <input_file_ref idref="fl-3"/>
      </object_component>
      <object_component id="oc-92">
         <name>.rodata.str1.144391106505873079501</name>
         <load_address>0x1fdd</load_address>
         <readonly>true</readonly>
         <run_address>0x1fdd</run_address>
         <size>0x14</size>
         <alignment>0x1</alignment>
         <input_file_ref idref="fl-3"/>
      </object_component>
      <object_component id="oc-95">
         <name>.rodata.str1.6113954655642233881</name>
         <load_address>0x1ff1</load_address>
         <readonly>true</readonly>
         <run_address>0x1ff1</run_address>
         <size>0x14</size>
         <alignment>0x1</alignment>
         <input_file_ref idref="fl-3"/>
      </object_component>
      <object_component id="oc-c5">
         <name>.rodata.str1.114852366240512568111</name>
         <load_address>0x2005</load_address>
         <readonly>true</readonly>
         <run_address>0x2005</run_address>
         <size>0x11</size>
         <alignment>0x1</alignment>
         <input_file_ref idref="fl-3"/>
      </object_component>
      <object_component id="oc-133">
         <name>.rodata.str1.159714553038272807631</name>
         <load_address>0x2016</load_address>
         <readonly>true</readonly>
         <run_address>0x2016</run_address>
         <size>0x11</size>
         <alignment>0x1</alignment>
         <input_file_ref idref="fl-3"/>
      </object_component>
      <object_component id="oc-14c">
         <name>.rodata.str1.26264556204412158021</name>
         <load_address>0x2027</load_address>
         <readonly>true</readonly>
         <run_address>0x2027</run_address>
         <size>0x11</size>
         <alignment>0x1</alignment>
         <input_file_ref idref="fl-3"/>
      </object_component>
      <object_component id="oc-94">
         <name>.rodata.str1.100997235355534114531</name>
         <load_address>0x2038</load_address>
         <readonly>true</readonly>
         <run_address>0x2038</run_address>
         <size>0x10</size>
         <alignment>0x1</alignment>
         <input_file_ref idref="fl-3"/>
      </object_component>
      <object_component id="oc-7e">
         <name>.rodata.str1.178541419972375408971</name>
         <load_address>0x2048</load_address>
         <readonly>true</readonly>
         <run_address>0x2048</run_address>
         <size>0x10</size>
         <alignment>0x1</alignment>
         <input_file_ref idref="fl-3"/>
      </object_component>
      <object_component id="oc-87">
         <name>.rodata.str1.23889265132940433811</name>
         <load_address>0x2058</load_address>
         <readonly>true</readonly>
         <run_address>0x2058</run_address>
         <size>0xd</size>
         <alignment>0x1</alignment>
         <input_file_ref idref="fl-3"/>
      </object_component>
      <object_component id="oc-8f">
         <name>.rodata.str1.26563150357451494811</name>
         <load_address>0x2065</load_address>
         <readonly>true</readonly>
         <run_address>0x2065</run_address>
         <size>0xa</size>
         <alignment>0x1</alignment>
         <input_file_ref idref="fl-3"/>
      </object_component>
      <object_component id="oc-93">
         <name>.rodata.str1.69906889678196165881</name>
         <load_address>0x206f</load_address>
         <readonly>true</readonly>
         <run_address>0x206f</run_address>
         <size>0xa</size>
         <alignment>0x1</alignment>
         <input_file_ref idref="fl-3"/>
      </object_component>
      <object_component id="oc-127">
         <name>.rodata.EID1</name>
         <load_address>0x2079</load_address>
         <readonly>true</readonly>
         <run_address>0x2079</run_address>
         <size>0x8</size>
         <alignment>0x1</alignment>
         <input_file_ref idref="fl-4"/>
      </object_component>
      <object_component id="oc-129">
         <name>.rodata.EID2</name>
         <load_address>0x2081</load_address>
         <readonly>true</readonly>
         <run_address>0x2081</run_address>
         <size>0x8</size>
         <alignment>0x1</alignment>
         <input_file_ref idref="fl-4"/>
      </object_component>
      <object_component id="oc-12c">
         <name>.rodata.str1.168399637756820142381</name>
         <load_address>0x2089</load_address>
         <readonly>true</readonly>
         <run_address>0x2089</run_address>
         <size>0x8</size>
         <alignment>0x1</alignment>
         <input_file_ref idref="fl-3"/>
      </object_component>
      <object_component id="oc-128">
         <name>.rodata.str1.142566647173898256291</name>
         <load_address>0x2091</load_address>
         <readonly>true</readonly>
         <run_address>0x2091</run_address>
         <size>0x7</size>
         <alignment>0x1</alignment>
         <input_file_ref idref="fl-3"/>
      </object_component>
      <object_component id="oc-131">
         <name>.rodata.str1.80107736207525412591</name>
         <load_address>0x2098</load_address>
         <readonly>true</readonly>
         <run_address>0x2098</run_address>
         <size>0x7</size>
         <alignment>0x1</alignment>
         <input_file_ref idref="fl-3"/>
      </object_component>
      <object_component id="oc-91">
         <name>.rodata.str1.85906719155229904161</name>
         <load_address>0x209f</load_address>
         <readonly>true</readonly>
         <run_address>0x209f</run_address>
         <size>0x7</size>
         <alignment>0x1</alignment>
         <input_file_ref idref="fl-3"/>
      </object_component>
      <object_component id="oc-12b">
         <name>.rodata.str1.133361453838061636321</name>
         <load_address>0x20a6</load_address>
         <readonly>true</readonly>
         <run_address>0x20a6</run_address>
         <size>0x6</size>
         <alignment>0x1</alignment>
         <input_file_ref idref="fl-3"/>
      </object_component>
      <object_component id="oc-90">
         <name>.rodata.str1.154730482690474842861</name>
         <load_address>0x20ac</load_address>
         <readonly>true</readonly>
         <run_address>0x20ac</run_address>
         <size>0x5</size>
         <alignment>0x1</alignment>
         <input_file_ref idref="fl-3"/>
      </object_component>
      <object_component id="oc-167">
         <name>.binit</name>
         <load_address>0x0</load_address>
         <readonly>true</readonly>
         <run_address>0x0</run_address>
         <size>0x0</size>
         <alignment>0x4</alignment>
      </object_component>
      <object_component id="oc-112">
         <name>.data.BusFreq</name>
         <load_address>0x20200290</load_address>
         <readwrite>true</readwrite>
         <run_address>0x20200290</run_address>
         <size>0x4</size>
         <alignment>0x4</alignment>
         <input_file_ref idref="fl-1"/>
      </object_component>
      <object_component id="oc-80">
         <name>.data.Time</name>
         <load_address>0x202002a8</load_address>
         <readwrite>true</readwrite>
         <run_address>0x202002a8</run_address>
         <size>0x4</size>
         <alignment>0x4</alignment>
         <input_file_ref idref="fl-3"/>
      </object_component>
      <object_component id="oc-7d">
         <name>.data.Fail</name>
         <load_address>0x20200294</load_address>
         <readwrite>true</readwrite>
         <run_address>0x20200294</run_address>
         <size>0x4</size>
         <alignment>0x4</alignment>
         <input_file_ref idref="fl-3"/>
      </object_component>
      <object_component id="oc-c3">
         <name>.data.SouthMode</name>
         <load_address>0x202002a4</load_address>
         <readwrite>true</readwrite>
         <run_address>0x202002a4</run_address>
         <size>0x4</size>
         <alignment>0x4</alignment>
         <input_file_ref idref="fl-3"/>
      </object_component>
      <object_component id="oc-c4">
         <name>.data.WestMode</name>
         <load_address>0x202002ac</load_address>
         <readwrite>true</readwrite>
         <run_address>0x202002ac</run_address>
         <size>0x4</size>
         <alignment>0x4</alignment>
         <input_file_ref idref="fl-3"/>
      </object_component>
      <object_component id="oc-c2">
         <name>.data.SensorMode</name>
         <load_address>0x202002a0</load_address>
         <readwrite>true</readwrite>
         <run_address>0x202002a0</run_address>
         <size>0x4</size>
         <alignment>0x4</alignment>
         <input_file_ref idref="fl-3"/>
      </object_component>
      <object_component id="oc-7f">
         <name>.data.Score</name>
         <load_address>0x2020029c</load_address>
         <readwrite>true</readwrite>
         <run_address>0x2020029c</run_address>
         <size>0x4</size>
         <alignment>0x4</alignment>
         <input_file_ref idref="fl-3"/>
      </object_component>
      <object_component id="oc-88">
         <name>.data.PatternMode</name>
         <load_address>0x20200298</load_address>
         <readwrite>true</readwrite>
         <run_address>0x20200298</run_address>
         <size>0x4</size>
         <alignment>0x4</alignment>
         <input_file_ref idref="fl-3"/>
      </object_component>
      <object_component id="oc-e3">
         <name>.data.pointer</name>
         <load_address>0x202002b0</load_address>
         <readwrite>true</readwrite>
         <run_address>0x202002b0</run_address>
         <size>0x4</size>
         <alignment>0x4</alignment>
         <input_file_ref idref="fl-4"/>
      </object_component>
      <object_component id="oc-103">
         <name>.bss.TxFifo</name>
         <uninitialized>true</uninitialized>
         <readwrite>true</readwrite>
         <run_address>0x20200200</run_address>
         <size>0x40</size>
         <alignment>0x1</alignment>
         <input_file_ref idref="fl-5"/>
      </object_component>
      <object_component id="oc-102">
         <name>.bss.RxFifo</name>
         <uninitialized>true</uninitialized>
         <readwrite>true</readwrite>
         <run_address>0x20200240</run_address>
         <size>0x10</size>
         <alignment>0x1</alignment>
         <input_file_ref idref="fl-5"/>
      </object_component>
      <object_component id="oc-125">
         <name>.common:M</name>
         <uninitialized>true</uninitialized>
         <readwrite>true</readwrite>
         <run_address>0x20200264</run_address>
         <size>0x4</size>
         <alignment>0x4</alignment>
      </object_component>
      <object_component id="oc-81">
         <name>.common:in</name>
         <uninitialized>true</uninitialized>
         <readwrite>true</readwrite>
         <run_address>0x20200280</run_address>
         <size>0x4</size>
         <alignment>0x4</alignment>
      </object_component>
      <object_component id="oc-82">
         <name>.common:out</name>
         <uninitialized>true</uninitialized>
         <readwrite>true</readwrite>
         <run_address>0x20200288</run_address>
         <size>0x4</size>
         <alignment>0x4</alignment>
      </object_component>
      <object_component id="oc-83">
         <name>.common:LastIn</name>
         <uninitialized>true</uninitialized>
         <readwrite>true</readwrite>
         <run_address>0x20200250</run_address>
         <size>0x4</size>
         <alignment>0x4</alignment>
      </object_component>
      <object_component id="oc-84">
         <name>.common:LastOut</name>
         <uninitialized>true</uninitialized>
         <readwrite>true</readwrite>
         <run_address>0x20200254</run_address>
         <size>0x4</size>
         <alignment>0x4</alignment>
      </object_component>
      <object_component id="oc-85">
         <name>.common:state</name>
         <uninitialized>true</uninitialized>
         <readwrite>true</readwrite>
         <run_address>0x2020028c</run_address>
         <size>0x4</size>
         <alignment>0x4</alignment>
      </object_component>
      <object_component id="oc-86">
         <name>.common:LookingFlag</name>
         <uninitialized>true</uninitialized>
         <readwrite>true</readwrite>
         <run_address>0x2020025c</run_address>
         <size>0x4</size>
         <alignment>0x4</alignment>
      </object_component>
      <object_component id="oc-8a">
         <name>.common:LookingFor</name>
         <uninitialized>true</uninitialized>
         <readwrite>true</readwrite>
         <run_address>0x20200260</run_address>
         <size>0x4</size>
         <alignment>0x4</alignment>
      </object_component>
      <object_component id="oc-8b">
         <name>.common:NeedState</name>
         <uninitialized>true</uninitialized>
         <readwrite>true</readwrite>
         <run_address>0x20200268</run_address>
         <size>0x4</size>
         <alignment>0x4</alignment>
      </object_component>
      <object_component id="oc-8d">
         <name>.common:WrongState</name>
         <uninitialized>true</uninitialized>
         <readwrite>true</readwrite>
         <run_address>0x2020027c</run_address>
         <size>0x4</size>
         <alignment>0x4</alignment>
      </object_component>
      <object_component id="oc-8e">
         <name>.common:LastState</name>
         <uninitialized>true</uninitialized>
         <readwrite>true</readwrite>
         <run_address>0x20200258</run_address>
         <size>0x4</size>
         <alignment>0x4</alignment>
      </object_component>
      <object_component id="oc-e4">
         <name>.common:input</name>
         <uninitialized>true</uninitialized>
         <readwrite>true</readwrite>
         <run_address>0x20200284</run_address>
         <size>0x4</size>
         <alignment>0x4</alignment>
      </object_component>
      <object_component id="oc-b8">
         <name>.common:TxGetI</name>
         <uninitialized>true</uninitialized>
         <readwrite>true</readwrite>
         <run_address>0x20200274</run_address>
         <size>0x4</size>
         <alignment>0x4</alignment>
      </object_component>
      <object_component id="oc-b7">
         <name>.common:TxPutI</name>
         <uninitialized>true</uninitialized>
         <readwrite>true</readwrite>
         <run_address>0x20200278</run_address>
         <size>0x4</size>
         <alignment>0x4</alignment>
      </object_component>
      <object_component id="oc-101">
         <name>.common:RxGetI</name>
         <uninitialized>true</uninitialized>
         <readwrite>true</readwrite>
         <run_address>0x2020026c</run_address>
         <size>0x4</size>
         <alignment>0x4</alignment>
      </object_component>
      <object_component id="oc-100">
         <name>.common:RxPutI</name>
         <uninitialized>true</uninitialized>
         <readwrite>true</readwrite>
         <run_address>0x20200270</run_address>
         <size>0x4</size>
         <alignment>0x4</alignment>
      </object_component>
      <object_component id="oc-2f">
         <name>.sysmem</name>
         <uninitialized>true</uninitialized>
         <readwrite>true</readwrite>
         <run_address>0x20200000</run_address>
         <size>0x10</size>
         <alignment>0x8</alignment>
         <input_file_ref idref="fl-33"/>
      </object_component>
      <object_component id="oc-1a3">
         <name>.sysmem</name>
         <uninitialized>true</uninitialized>
         <readwrite>true</readwrite>
         <run_address>0x20200000</run_address>
         <size>0x0</size>
         <alignment>0x4</alignment>
      </object_component>
      <object_component id="oc-1a">
         <name>.stack</name>
         <uninitialized>true</uninitialized>
         <readwrite>true</readwrite>
         <run_address>0x20207e00</run_address>
         <size>0x4</size>
         <alignment>0x4</alignment>
         <input_file_ref idref="fl-37"/>
      </object_component>
      <object_component id="oc-1a2">
         <name>.stack</name>
         <uninitialized>true</uninitialized>
         <readwrite>true</readwrite>
         <run_address>0x20207e00</run_address>
         <size>0x0</size>
         <alignment>0x8</alignment>
      </object_component>
      <object_component id="oc-113">
         <name>.debug_abbrev</name>
         <load_address>0x0</load_address>
         <run_address>0x0</run_address>
         <size>0x16c</size>
         <alignment>0x1</alignment>
         <input_file_ref idref="fl-1"/>
      </object_component>
      <object_component id="oc-96">
         <name>.debug_abbrev</name>
         <load_address>0x16c</load_address>
         <run_address>0x16c</run_address>
         <size>0x21f</size>
         <alignment>0x1</alignment>
         <input_file_ref idref="fl-3"/>
      </object_component>
      <object_component id="oc-e5">
         <name>.debug_abbrev</name>
         <load_address>0x38b</load_address>
         <run_address>0x38b</run_address>
         <size>0x1b9</size>
         <alignment>0x1</alignment>
         <input_file_ref idref="fl-4"/>
      </object_component>
      <object_component id="oc-b9">
         <name>.debug_abbrev</name>
         <load_address>0x544</load_address>
         <run_address>0x544</run_address>
         <size>0xd8</size>
         <alignment>0x1</alignment>
         <input_file_ref idref="fl-5"/>
      </object_component>
      <object_component id="oc-116">
         <name>.debug_abbrev</name>
         <load_address>0x61c</load_address>
         <run_address>0x61c</run_address>
         <size>0x10d</size>
         <alignment>0x1</alignment>
         <input_file_ref idref="fl-6"/>
      </object_component>
      <object_component id="oc-153">
         <name>.debug_abbrev</name>
         <load_address>0x729</load_address>
         <run_address>0x729</run_address>
         <size>0xf3</size>
         <alignment>0x1</alignment>
         <input_file_ref idref="fl-7"/>
      </object_component>
      <object_component id="oc-bc">
         <name>.debug_abbrev</name>
         <load_address>0x81c</load_address>
         <run_address>0x81c</run_address>
         <size>0xdc</size>
         <alignment>0x1</alignment>
         <input_file_ref idref="fl-8"/>
      </object_component>
      <object_component id="oc-6f">
         <name>.debug_abbrev</name>
         <load_address>0x8f8</load_address>
         <run_address>0x8f8</run_address>
         <size>0x132</size>
         <alignment>0x1</alignment>
         <input_file_ref idref="fl-9"/>
      </object_component>
      <object_component id="oc-41">
         <name>.debug_abbrev</name>
         <load_address>0xa2a</load_address>
         <run_address>0xa2a</run_address>
         <size>0x6d</size>
         <alignment>0x1</alignment>
         <input_file_ref idref="fl-a"/>
      </object_component>
      <object_component id="oc-14b">
         <name>.debug_abbrev</name>
         <load_address>0xa97</load_address>
         <run_address>0xa97</run_address>
         <size>0x21</size>
         <alignment>0x1</alignment>
         <input_file_ref idref="fl-2d"/>
      </object_component>
      <object_component id="oc-136">
         <name>.debug_abbrev</name>
         <load_address>0xab8</load_address>
         <run_address>0xab8</run_address>
         <size>0xb3</size>
         <alignment>0x1</alignment>
         <input_file_ref idref="fl-2f"/>
      </object_component>
      <object_component id="oc-63">
         <name>.debug_abbrev</name>
         <load_address>0xb6b</load_address>
         <run_address>0xb6b</run_address>
         <size>0x299</size>
         <alignment>0x1</alignment>
         <input_file_ref idref="fl-33"/>
      </object_component>
      <object_component id="oc-9a">
         <name>.debug_abbrev</name>
         <load_address>0xe04</load_address>
         <run_address>0xe04</run_address>
         <size>0xc2</size>
         <alignment>0x1</alignment>
         <input_file_ref idref="fl-34"/>
      </object_component>
      <object_component id="oc-50">
         <name>.debug_abbrev</name>
         <load_address>0xec6</load_address>
         <run_address>0xec6</run_address>
         <size>0x70</size>
         <alignment>0x1</alignment>
         <input_file_ref idref="fl-35"/>
      </object_component>
      <object_component id="oc-48">
         <name>.debug_abbrev</name>
         <load_address>0xf36</load_address>
         <run_address>0xf36</run_address>
         <size>0x8d</size>
         <alignment>0x1</alignment>
         <input_file_ref idref="fl-36"/>
      </object_component>
      <object_component id="oc-43">
         <name>.debug_abbrev</name>
         <load_address>0xfc3</load_address>
         <run_address>0xfc3</run_address>
         <size>0xaf</size>
         <alignment>0x1</alignment>
         <input_file_ref idref="fl-37"/>
      </object_component>
      <object_component id="oc-13c">
         <name>.debug_abbrev</name>
         <load_address>0x1072</load_address>
         <run_address>0x1072</run_address>
         <size>0x170</size>
         <alignment>0x1</alignment>
         <input_file_ref idref="fl-3f"/>
      </object_component>
      <object_component id="oc-cf">
         <name>.debug_abbrev</name>
         <load_address>0x11e2</load_address>
         <run_address>0x11e2</run_address>
         <size>0x39</size>
         <alignment>0x1</alignment>
         <input_file_ref idref="fl-40"/>
      </object_component>
      <object_component id="oc-99">
         <name>.debug_abbrev</name>
         <load_address>0x121b</load_address>
         <run_address>0x121b</run_address>
         <size>0x27</size>
         <alignment>0x1</alignment>
         <input_file_ref idref="fl-f9"/>
      </object_component>
      <object_component id="oc-10a">
         <name>.debug_abbrev</name>
         <load_address>0x1242</load_address>
         <run_address>0x1242</run_address>
         <size>0x27</size>
         <alignment>0x1</alignment>
         <input_file_ref idref="fl-fb"/>
      </object_component>
      <object_component id="oc-142">
         <name>.debug_abbrev</name>
         <load_address>0x1269</load_address>
         <run_address>0x1269</run_address>
         <size>0x59</size>
         <alignment>0x1</alignment>
         <input_file_ref idref="fl-100"/>
      </object_component>
      <object_component id="oc-10b">
         <name>.debug_abbrev</name>
         <load_address>0x12c2</load_address>
         <run_address>0x12c2</run_address>
         <size>0x25</size>
         <alignment>0x1</alignment>
         <input_file_ref idref="fl-102"/>
      </object_component>
      <object_component id="oc-1a5">
         <name>.debug_abbrev</name>
         <load_address>0x12e7</load_address>
         <run_address>0x12e7</run_address>
         <size>0xf</size>
         <alignment>0x0</alignment>
      </object_component>
      <object_component id="oc-d2">
         <name>.debug_info</name>
         <load_address>0x0</load_address>
         <run_address>0x0</run_address>
         <size>0x1363</size>
         <alignment>0x1</alignment>
         <input_file_ref idref="fl-1"/>
      </object_component>
      <object_component id="oc-3d">
         <name>.debug_info</name>
         <load_address>0x1363</load_address>
         <run_address>0x1363</run_address>
         <size>0x17a5</size>
         <alignment>0x1</alignment>
         <input_file_ref idref="fl-3"/>
      </object_component>
      <object_component id="oc-a6">
         <name>.debug_info</name>
         <load_address>0x2b08</load_address>
         <run_address>0x2b08</run_address>
         <size>0xdb7</size>
         <alignment>0x1</alignment>
         <input_file_ref idref="fl-4"/>
      </object_component>
      <object_component id="oc-6b">
         <name>.debug_info</name>
         <load_address>0x38bf</load_address>
         <run_address>0x38bf</run_address>
         <size>0x1f0</size>
         <alignment>0x1</alignment>
         <input_file_ref idref="fl-5"/>
      </object_component>
      <object_component id="oc-d7">
         <name>.debug_info</name>
         <load_address>0x3aaf</load_address>
         <run_address>0x3aaf</run_address>
         <size>0x879</size>
         <alignment>0x1</alignment>
         <input_file_ref idref="fl-6"/>
      </object_component>
      <object_component id="oc-121">
         <name>.debug_info</name>
         <load_address>0x4328</load_address>
         <run_address>0x4328</run_address>
         <size>0x9b1</size>
         <alignment>0x1</alignment>
         <input_file_ref idref="fl-7"/>
      </object_component>
      <object_component id="oc-72">
         <name>.debug_info</name>
         <load_address>0x4cd9</load_address>
         <run_address>0x4cd9</run_address>
         <size>0x5da</size>
         <alignment>0x1</alignment>
         <input_file_ref idref="fl-8"/>
      </object_component>
      <object_component id="oc-38">
         <name>.debug_info</name>
         <load_address>0x52b3</load_address>
         <run_address>0x52b3</run_address>
         <size>0x785</size>
         <alignment>0x1</alignment>
         <input_file_ref idref="fl-9"/>
      </object_component>
      <object_component id="oc-19">
         <name>.debug_info</name>
         <load_address>0x5a38</load_address>
         <run_address>0x5a38</run_address>
         <size>0x94</size>
         <alignment>0x1</alignment>
         <input_file_ref idref="fl-a"/>
      </object_component>
      <object_component id="oc-11a">
         <name>.debug_info</name>
         <load_address>0x5acc</load_address>
         <run_address>0x5acc</run_address>
         <size>0x118</size>
         <alignment>0x1</alignment>
         <input_file_ref idref="fl-2d"/>
      </object_component>
      <object_component id="oc-e8">
         <name>.debug_info</name>
         <load_address>0x5be4</load_address>
         <run_address>0x5be4</run_address>
         <size>0xed</size>
         <alignment>0x1</alignment>
         <input_file_ref idref="fl-2f"/>
      </object_component>
      <object_component id="oc-30">
         <name>.debug_info</name>
         <load_address>0x5cd1</load_address>
         <run_address>0x5cd1</run_address>
         <size>0xae7</size>
         <alignment>0x1</alignment>
         <input_file_ref idref="fl-33"/>
      </object_component>
      <object_component id="oc-55">
         <name>.debug_info</name>
         <load_address>0x67b8</load_address>
         <run_address>0x67b8</run_address>
         <size>0x192</size>
         <alignment>0x1</alignment>
         <input_file_ref idref="fl-34"/>
      </object_component>
      <object_component id="oc-21">
         <name>.debug_info</name>
         <load_address>0x694a</load_address>
         <run_address>0x694a</run_address>
         <size>0xc6</size>
         <alignment>0x1</alignment>
         <input_file_ref idref="fl-35"/>
      </object_component>
      <object_component id="oc-1d">
         <name>.debug_info</name>
         <load_address>0x6a10</load_address>
         <run_address>0x6a10</run_address>
         <size>0x17c</size>
         <alignment>0x1</alignment>
         <input_file_ref idref="fl-36"/>
      </object_component>
      <object_component id="oc-1b">
         <name>.debug_info</name>
         <load_address>0x6b8c</load_address>
         <run_address>0x6b8c</run_address>
         <size>0x423</size>
         <alignment>0x1</alignment>
         <input_file_ref idref="fl-37"/>
      </object_component>
      <object_component id="oc-f0">
         <name>.debug_info</name>
         <load_address>0x6faf</load_address>
         <run_address>0x6faf</run_address>
         <size>0x744</size>
         <alignment>0x1</alignment>
         <input_file_ref idref="fl-3f"/>
      </object_component>
      <object_component id="oc-a2">
         <name>.debug_info</name>
         <load_address>0x76f3</load_address>
         <run_address>0x76f3</run_address>
         <size>0x46</size>
         <alignment>0x1</alignment>
         <input_file_ref idref="fl-40"/>
      </object_component>
      <object_component id="oc-4d">
         <name>.debug_info</name>
         <load_address>0x7739</load_address>
         <run_address>0x7739</run_address>
         <size>0x1a1</size>
         <alignment>0x1</alignment>
         <input_file_ref idref="fl-f9"/>
      </object_component>
      <object_component id="oc-bf">
         <name>.debug_info</name>
         <load_address>0x78da</load_address>
         <run_address>0x78da</run_address>
         <size>0x1c4</size>
         <alignment>0x1</alignment>
         <input_file_ref idref="fl-fb"/>
      </object_component>
      <object_component id="oc-106">
         <name>.debug_info</name>
         <load_address>0x7a9e</load_address>
         <run_address>0x7a9e</run_address>
         <size>0x85</size>
         <alignment>0x1</alignment>
         <input_file_ref idref="fl-100"/>
      </object_component>
      <object_component id="oc-c8">
         <name>.debug_info</name>
         <load_address>0x7b23</load_address>
         <run_address>0x7b23</run_address>
         <size>0x2fe</size>
         <alignment>0x1</alignment>
         <input_file_ref idref="fl-102"/>
      </object_component>
      <object_component id="oc-1a4">
         <name>.debug_info</name>
         <load_address>0x7e21</load_address>
         <run_address>0x7e21</run_address>
         <size>0xb7</size>
         <alignment>0x0</alignment>
      </object_component>
      <object_component id="oc-d3">
         <name>.debug_ranges</name>
         <load_address>0x0</load_address>
         <run_address>0x0</run_address>
         <size>0x58</size>
         <alignment>0x1</alignment>
         <input_file_ref idref="fl-1"/>
      </object_component>
      <object_component id="oc-3e">
         <name>.debug_ranges</name>
         <load_address>0x58</load_address>
         <run_address>0x58</run_address>
         <size>0x78</size>
         <alignment>0x1</alignment>
         <input_file_ref idref="fl-3"/>
[...]
         <value>0x20f0</value>
      </symbol>
      <symbol id="sm-8">
         <name>__TI_Handler_Table_Base</name>
         <value>0x20cc</value>
      </symbol>
      <symbol id="sm-9">
         <name>__TI_Handler_Table_Limit</name>
         <value>0x20d8</value>
      </symbol>
      <symbol id="sm-a">
         <name>binit</name>
         <value>0xffffffff</value>
      </symbol>
      <symbol id="sm-b">
         <name>__binit__</name>
         <value>0xffffffff</value>
      </symbol>
      <symbol id="sm-c">
         <name>__STACK_SIZE</name>
         <value>0x200</value>
      </symbol>
      <symbol id="sm-d">
         <name>__STACK_END</name>
         <value>0x20208000</value>
      </symbol>
      <symbol id="sm-e">
         <name>__SYSMEM_SIZE</name>
         <value>0x200</value>
      </symbol>
      <symbol id="sm-f">
         <name>__TI_pprof_out_hndl</name>
         <value>0xffffffff</value>
      </symbol>
      <symbol id="sm-10">
         <name>__TI_prof_data_start</name>
         <value>0xffffffff</value>
      </symbol>
      <symbol id="sm-11">
         <name>__TI_prof_data_size</name>
         <value>0xffffffff</value>
      </symbol>
      <symbol id="sm-4c">
         <name>Clock_Freq</name>
         <value>0x16e5</value>
         <object_component_ref idref="oc-14a"/>
      </symbol>
      <symbol id="sm-4d">
         <name>BusFreq</name>
         <value>0x20200290</value>
         <object_component_ref idref="oc-112"/>
      </symbol>
      <symbol id="sm-4e">
         <name>Clock_Init80MHz</name>
         <value>0x909</value>
         <object_component_ref idref="oc-d1"/>
      </symbol>
      <symbol id="sm-4f">
         <name>Clock_Delay</name>
         <value>0x16b5</value>
         <object_component_ref idref="oc-147"/>
      </symbol>
      <symbol id="sm-50">
         <name>SysTick_Init</name>
         <value>0x15b5</value>
         <object_component_ref idref="oc-de"/>
      </symbol>
      <symbol id="sm-51">
         <name>SysTick_Wait</name>
         <value>0x1465</value>
         <object_component_ref idref="oc-134"/>
      </symbol>
      <symbol id="sm-52">
         <name>SysTick_Wait10ms</name>
         <value>0x151d</value>
         <object_component_ref idref="oc-e1"/>
      </symbol>
      <symbol id="sm-a5">
         <name>OutCRLF</name>
         <value>0x16d5</value>
         <object_component_ref idref="oc-77"/>
      </symbol>
      <symbol id="sm-a6">
         <name>Random32</name>
         <value>0x1595</value>
         <object_component_ref idref="oc-11e"/>
      </symbol>
      <symbol id="sm-a7">
         <name>M</name>
         <value>0x20200264</value>
      </symbol>
      <symbol id="sm-a8">
         <name>setUpper</name>
         <value>0x1499</value>
         <object_component_ref idref="oc-11d"/>
      </symbol>
      <symbol id="sm-a9">
         <name>CheckInitialization</name>
         <value>0x3dd</value>
         <object_component_ref idref="oc-11f"/>
      </symbol>
      <symbol id="sm-aa">
         <name>ReadSouth</name>
         <value>0x10ad</value>
         <object_component_ref idref="oc-79"/>
      </symbol>
      <symbol id="sm-ab">
         <name>ReadSensor</name>
         <value>0xe85</value>
         <object_component_ref idref="oc-78"/>
      </symbol>
      <symbol id="sm-ac">
         <name>ReadWest</name>
         <value>0x11bd</value>
         <object_component_ref idref="oc-7a"/>
      </symbol>
      <symbol id="sm-ad">
         <name>ReadWalk</name>
         <value>0x14f5</value>
         <object_component_ref idref="oc-7b"/>
      </symbol>
      <symbol id="sm-ae">
         <name>GetState</name>
         <value>0xfe5</value>
         <object_component_ref idref="oc-7c"/>
      </symbol>
      <symbol id="sm-af">
         <name>validPatterns</name>
         <value>0x1f94</value>
         <object_component_ref idref="oc-c6"/>
      </symbol>
      <symbol id="sm-b0">
         <name>TIMG7_IRQHandler</name>
         <value>0xc1</value>
         <object_component_ref idref="oc-3c"/>
      </symbol>
      <symbol id="sm-b1">
         <name>Time</name>
         <value>0x202002a8</value>
         <object_component_ref idref="oc-80"/>
      </symbol>
      <symbol id="sm-b2">
         <name>in</name>
         <value>0x20200280</value>
      </symbol>
      <symbol id="sm-b3">
         <name>out</name>
         <value>0x20200288</value>
      </symbol>
      <symbol id="sm-b4">
         <name>LastIn</name>
         <value>0x20200250</value>
      </symbol>
      <symbol id="sm-b5">
         <name>LastOut</name>
         <value>0x20200254</value>
      </symbol>
      <symbol id="sm-b6">
         <name>state</name>
         <value>0x2020028c</value>
      </symbol>
      <symbol id="sm-b7">
         <name>LookingFlag</name>
         <value>0x2020025c</value>
      </symbol>
      <symbol id="sm-b8">
         <name>Patterns</name>
         <value>0x1fb0</value>
         <object_component_ref idref="oc-89"/>
      </symbol>
      <symbol id="sm-b9">
         <name>LookingFor</name>
         <value>0x20200260</value>
      </symbol>
      <symbol id="sm-ba">
         <name>NeedState</name>
         <value>0x20200268</value>
      </symbol>
      <symbol id="sm-bb">
         <name>pat</name>
         <value>0x1c78</value>
         <object_component_ref idref="oc-8c"/>
      </symbol>
      <symbol id="sm-bc">
         <name>WrongState</name>
         <value>0x2020027c</value>
      </symbol>
      <symbol id="sm-bd">
         <name>LastState</name>
         <value>0x20200258</value>
      </symbol>
      <symbol id="sm-be">
         <name>Grader_Init</name>
         <value>0x14cd</value>
         <object_component_ref idref="oc-db"/>
      </symbol>
      <symbol id="sm-bf">
         <name>Lab4Grader</name>
         <value>0x675</value>
         <object_component_ref idref="oc-df"/>
      </symbol>
      <symbol id="sm-c0">
         <name>SouthProblem</name>
         <value>0x1ac0</value>
         <object_component_ref idref="oc-12d"/>
      </symbol>
      <symbol id="sm-c1">
         <name>WestProblem</name>
         <value>0x1d3c</value>
         <object_component_ref idref="oc-12e"/>
      </symbol>
      <symbol id="sm-c2">
         <name>SensorProblem</name>
         <value>0x1980</value>
         <object_component_ref idref="oc-12f"/>
      </symbol>
      <symbol id="sm-c3">
         <name>PatternProblem</name>
         <value>0x1bb0</value>
         <object_component_ref idref="oc-130"/>
      </symbol>
      <symbol id="sm-d6">
         <name>Traffic_Init</name>
         <value>0xbed</value>
         <object_component_ref idref="oc-dd"/>
      </symbol>
      <symbol id="sm-d7">
         <name>Traffic_Out</name>
         <value>0xf7d</value>
         <object_component_ref idref="oc-e0"/>
      </symbol>
      <symbol id="sm-d8">
         <name>Traffic_In</name>
         <value>0x1669</value>
         <object_component_ref idref="oc-e2"/>
      </symbol>
      <symbol id="sm-d9">
         <name>EID1</name>
         <value>0x2079</value>
         <object_component_ref idref="oc-127"/>
      </symbol>
      <symbol id="sm-da">
         <name>EID2</name>
         <value>0x2081</value>
         <object_component_ref idref="oc-129"/>
      </symbol>
      <symbol id="sm-db">
         <name>pointer</name>
         <value>0x202002b0</value>
         <object_component_ref idref="oc-e3"/>
      </symbol>
      <symbol id="sm-dc">
         <name>FSM</name>
         <value>0x1710</value>
         <object_component_ref idref="oc-135"/>
      </symbol>
      <symbol id="sm-dd">
         <name>main</name>
         <value>0x1049</value>
         <object_component_ref idref="oc-a5"/>
      </symbol>
      <symbol id="sm-de">
         <name>input</name>
         <value>0x20200284</value>
      </symbol>
      <symbol id="sm-fe">
         <name>TxFifo_Init</name>
         <value>0x167d</value>
         <object_component_ref idref="oc-148"/>
      </symbol>
      <symbol id="sm-ff">
         <name>TxGetI</name>
         <value>0x20200274</value>
      </symbol>
      <symbol id="sm-100">
         <name>TxPutI</name>
         <value>0x20200278</value>
      </symbol>
      <symbol id="sm-101">
         <name>TxFifo_Put</name>
         <value>0x12a1</value>
         <object_component_ref idref="oc-104"/>
      </symbol>
      <symbol id="sm-102">
         <name>TxFifo_Get</name>
         <value>0x1255</value>
         <object_component_ref idref="oc-b6"/>
      </symbol>
      <symbol id="sm-103">
         <name>TxFifo_Size</name>
         <value>0x1625</value>
         <object_component_ref idref="oc-6a"/>
      </symbol>
      <symbol id="sm-104">
         <name>RxFifo_Init</name>
         <value>0x1655</value>
         <object_component_ref idref="oc-149"/>
      </symbol>
      <symbol id="sm-105">
         <name>RxGetI</name>
         <value>0x2020026c</value>
      </symbol>
      <symbol id="sm-106">
         <name>RxPutI</name>
         <value>0x20200270</value>
      </symbol>
      <symbol id="sm-107">
         <name>RxFifo_Put</name>
         <value>0x1209</value>
         <object_component_ref idref="oc-b5"/>
      </symbol>
      <symbol id="sm-108">
         <name>RxFifo_Size</name>
         <value>0x160d</value>
         <object_component_ref idref="oc-b4"/>
      </symbol>
      <symbol id="sm-11b">
         <name>Delay</name>
         <value>0x16c5</value>
         <object_component_ref idref="oc-146"/>
      </symbol>
      <symbol id="sm-11c">
         <name>ActivatePortA_B</name>
         <value>0x13f5</value>
         <object_component_ref idref="oc-115"/>
      </symbol>
      <symbol id="sm-11d">
         <name>LaunchPad_Init</name>
         <value>0xe09</value>
         <object_component_ref idref="oc-d6"/>
      </symbol>
      <symbol id="sm-11e">
         <name>LaunchPad_LED1off</name>
         <value>0x16f1</value>
         <object_component_ref idref="oc-dc"/>
      </symbol>
      <symbol id="sm-128">
         <name>TimerG7_IntArm</name>
         <value>0xcd5</value>
         <object_component_ref idref="oc-120"/>
      </symbol>
      <symbol id="sm-133">
         <name>UART_OutString</name>
         <value>0x156d</value>
         <object_component_ref idref="oc-71"/>
      </symbol>
      <symbol id="sm-134">
         <name>UART_OutUDec</name>
         <value>0x142d</value>
         <object_component_ref idref="oc-76"/>
      </symbol>
      <symbol id="sm-14c">
         <name>UART_Init</name>
         <value>0xabd</value>
         <object_component_ref idref="oc-118"/>
      </symbol>
      <symbol id="sm-14d">
         <name>UART_OutChar</name>
         <value>0x1339</value>
         <object_component_ref idref="oc-bb"/>
      </symbol>
      <symbol id="sm-14e">
         <name>UART0_IRQHandler</name>
         <value>0x1109</value>
         <object_component_ref idref="oc-37"/>
      </symbol>
      <symbol id="sm-15f">
         <name>Default_Handler</name>
         <value>0x15d5</value>
         <object_component_ref idref="oc-35"/>
      </symbol>
      <symbol id="sm-160">
         <name>Reset_Handler</name>
         <value>0xd7d</value>
         <object_component_ref idref="oc-31"/>
      </symbol>
      <symbol id="sm-161">
         <name>HardFault_Handler</name>
         <value>0x15f1</value>
         <object_component_ref idref="oc-36"/>
      </symbol>
      <symbol id="sm-162">
         <name>interruptVectors</name>
         <value>0x0</value>
         <object_component_ref idref="oc-18"/>
      </symbol>
      <symbol id="sm-163">
         <name>NMI_Handler</name>
         <value>0x15d5</value>
         <object_component_ref idref="oc-35"/>
      </symbol>
      <symbol id="sm-164">
         <name>SVC_Handler</name>
         <value>0x15d5</value>
         <object_component_ref idref="oc-35"/>
      </symbol>
      <symbol id="sm-165">
         <name>PendSV_Handler</name>
         <value>0x15d5</value>
         <object_component_ref idref="oc-35"/>
      </symbol>
      <symbol id="sm-166">
         <name>SysTick_Handler</name>
         <value>0x15d5</value>
         <object_component_ref idref="oc-35"/>
      </symbol>
      <symbol id="sm-167">
         <name>GROUP0_IRQHandler</name>
         <value>0x15d5</value>
         <object_component_ref idref="oc-35"/>
      </symbol>
      <symbol id="sm-168">
         <name>GROUP1_IRQHandler</name>
         <value>0x15d5</value>
         <object_component_ref idref="oc-35"/>
      </symbol>
      <symbol id="sm-169">
         <name>TIMG8_IRQHandler</name>
         <value>0x15d5</value>
         <object_component_ref idref="oc-35"/>
      </symbol>
      <symbol id="sm-16a">
         <name>UART3_IRQHandler</name>
         <value>0x15d5</value>
         <object_component_ref idref="oc-35"/>
      </symbol>
      <symbol id="sm-16b">
         <name>ADC0_IRQHandler</name>
         <value>0x15d5</value>
         <object_component_ref idref="oc-35"/>
      </symbol>
      <symbol id="sm-16c">
         <name>ADC1_IRQHandler</name>
         <value>0x15d5</value>
         <object_component_ref idref="oc-35"/>
      </symbol>
      <symbol id="sm-16d">
         <name>CANFD0_IRQHandler</name>
         <value>0x15d5</value>
         <object_component_ref idref="oc-35"/>
      </symbol>
      <symbol id="sm-16e">
         <name>DAC0_IRQHandler</name>
         <value>0x15d5</value>
         <object_component_ref idref="oc-35"/>
      </symbol>
      <symbol id="sm-16f">
         <name>SPI0_IRQHandler</name>
         <value>0x15d5</value>
         <object_component_ref idref="oc-35"/>
      </symbol>
      <symbol id="sm-170">
         <name>SPI1_IRQHandler</name>
         <value>0x15d5</value>
         <object_component_ref idref="oc-35"/>
      </symbol>
      <symbol id="sm-171">
         <name>UART1_IRQHandler</name>
         <value>0x15d5</value>
         <object_component_ref idref="oc-35"/>
      </symbol>
      <symbol id="sm-172">
         <name>UART2_IRQHandler</name>
         <value>0x15d5</value>
         <object_component_ref idref="oc-35"/>
      </symbol>
      <symbol id="sm-173">
         <name>TIMG0_IRQHandler</name>
         <value>0x15d5</value>
         <object_component_ref idref="oc-35"/>
      </symbol>
      <symbol id="sm-174">
         <name>TIMG6_IRQHandler</name>
         <value>0x15d5</value>
         <object_component_ref idref="oc-35"/>
      </symbol>
      <symbol id="sm-175">
         <name>TIMA0_IRQHandler</name>
         <value>0x15d5</value>
         <object_component_ref idref="oc-35"/>
      </symbol>
      <symbol id="sm-176">
         <name>TIMA1_IRQHandler</name>
         <value>0x15d5</value>
         <object_component_ref idref="oc-35"/>
      </symbol>
      <symbol id="sm-177">
         <name>TIMG12_IRQHandler</name>
         <value>0x15d5</value>
         <object_component_ref idref="oc-35"/>
      </symbol>
      <symbol id="sm-178">
         <name>I2C0_IRQHandler</name>
         <value>0x15d5</value>
         <object_component_ref idref="oc-35"/>
      </symbol>
      <symbol id="sm-179">
         <name>I2C1_IRQHandler</name>
         <value>0x15d5</value>
         <object_component_ref idref="oc-35"/>
      </symbol>
      <symbol id="sm-17a">
         <name>AES_IRQHandler</name>
         <value>0x15d5</value>
         <object_component_ref idref="oc-35"/>
      </symbol>
      <symbol id="sm-17b">
         <name>RTC_IRQHandler</name>
         <value>0x15d5</value>
         <object_component_ref idref="oc-35"/>
      </symbol>
      <symbol id="sm-17c">
         <name>DMA_IRQHandler</name>
         <value>0x15d5</value>
         <object_component_ref idref="oc-35"/>
      </symbol>
      <symbol id="sm-17d">
         <name>__TI_ATRegion0_src_addr</name>
         <value>0x0</value>
      </symbol>
      <symbol id="sm-17e">
         <name>__TI_ATRegion0_trg_addr</name>
         <value>0x0</value>
      </symbol>
      <symbol id="sm-17f">
         <name>__TI_ATRegion0_region_sz</name>
         <value>0x0</value>
      </symbol>
      <symbol id="sm-180">
         <name>__TI_ATRegion1_src_addr</name>
         <value>0x0</value>
      </symbol>
      <symbol id="sm-181">
         <name>__TI_ATRegion1_trg_addr</name>
         <value>0x0</value>
      </symbol>
      <symbol id="sm-182">
         <name>__TI_ATRegion1_region_sz</name>
         <value>0x0</value>
      </symbol>
      <symbol id="sm-183">
         <name>__TI_ATRegion2_src_addr</name>
         <value>0x0</value>
      </symbol>
      <symbol id="sm-184">
         <name>__TI_ATRegion2_trg_addr</name>
         <value>0x0</value>
      </symbol>
      <symbol id="sm-185">
         <name>__TI_ATRegion2_region_sz</name>
         <value>0x0</value>
      </symbol>
      <symbol id="sm-18f">
         <name>strcmp</name>
         <value>0xd81</value>
         <object_component_ref idref="oc-119"/>
      </symbol>
      <symbol id="sm-19a">
         <name>abort</name>
         <value>0x1709</value>
         <object_component_ref idref="oc-e7"/>
      </symbol>
      <symbol id="sm-19b">
         <name>C$$EXIT</name>
         <value>0x1708</value>
         <object_component_ref idref="oc-e7"/>
      </symbol>
      <symbol id="sm-1a5">
         <name>_sys_memory</name>
         <value>0x20200000</value>
         <object_component_ref idref="oc-2f"/>
      </symbol>
      <symbol id="sm-1af">
         <name>__TI_zero_init_nomemset</name>
         <value>0x163d</value>
         <object_component_ref idref="oc-53"/>
      </symbol>
      <symbol id="sm-1b8">
         <name>__TI_decompress_none</name>
         <value>0x16a3</value>
         <object_component_ref idref="oc-20"/>
      </symbol>
      <symbol id="sm-1c3">
         <name>__TI_decompress_lzss</name>
         <value>0xf01</value>
         <object_component_ref idref="oc-1c"/>
      </symbol>
      <symbol id="sm-1ce">
         <name>_c_int00_noargs</name>
         <value>0x1545</value>
         <object_component_ref idref="oc-5c"/>
      </symbol>
      <symbol id="sm-1cf">
         <name>__stack</name>
         <value>0x20207e00</value>
         <object_component_ref idref="oc-1a"/>
      </symbol>
      <symbol id="sm-1e1">
         <name>__TI_auto_init_nobinit_nopinit</name>
         <value>0x13b9</value>
         <object_component_ref idref="oc-ee"/>
      </symbol>
      <symbol id="sm-1e9">
         <name>_system_pre_init</name>
         <value>0x1705</value>
         <object_component_ref idref="oc-a1"/>
      </symbol>
      <symbol id="sm-208">
         <name>__aeabi_memcpy</name>
         <value>0x16fd</value>
         <object_component_ref idref="oc-4c"/>
      </symbol>
      <symbol id="sm-209">
         <name>__aeabi_memcpy4</name>
         <value>0x16fd</value>
         <object_component_ref idref="oc-4c"/>
      </symbol>
      <symbol id="sm-20a">
         <name>__aeabi_memcpy8</name>
         <value>0x16fd</value>
         <object_component_ref idref="oc-4c"/>
      </symbol>
      <symbol id="sm-210">
         <name>__aeabi_uidiv</name>
         <value>0x1379</value>
         <object_component_ref idref="oc-be"/>
      </symbol>
      <symbol id="sm-211">
         <name>__aeabi_uidivmod</name>
         <value>0x1379</value>
         <object_component_ref idref="oc-be"/>
      </symbol>
      <symbol id="sm-21c">
         <name>__aeabi_idiv0</name>
         <value>0x1463</value>
         <object_component_ref idref="oc-105"/>
      </symbol>
      <symbol id="sm-226">
         <name>TI_memcpy_small</name>
         <value>0x1691</value>
         <object_component_ref idref="oc-c7"/>
      </symbol>
      <symbol id="sm-227">
         <name>__TI_static_base__</name>
         <value>0x0</value>
      </symbol>
      <symbol id="sm-22a">
         <name>__mpu_init</name>
         <value>0x0</value>
      </symbol>
      <symbol id="sm-22b">
         <name>_system_post_cinit</name>
         <value>0x0</value>
      </symbol>
   </symbol_table>
   <title>Link successful</title>
</link_info>
