******************************************************************************
            TI ARM Clang Linker Unix v4.0.1                    
******************************************************************************
>> Linked Thu Jan 23 13:44:43 2025

OUTPUT FILE NAME:   <TrafficLightFSM.out>
ENTRY POINT SYMBOL: "_c_int00_noargs"  address: 0000042d


MEMORY CONFIGURATION

         name            origin    length      used     unused   attr    fill
----------------------  --------  ---------  --------  --------  ----  --------
  FLASH                 00000000   00020000  00000580  0001fa80  R  X
  SRAM                  20200000   00008000  00000208  00007df8  RW X
  BCR_CONFIG            41c00000   00000080  00000000  00000080  R   
  BSL_CONFIG            41c00100   00000080  00000000  00000080  R   


SEGMENT ALLOCATION MAP

run origin  load origin   length   init length attrs members
----------  ----------- ---------- ----------- ----- -------
00000000    00000000    00000580   00000580    r-x
  00000000    00000000    000000c0   000000c0    r-- .intvecs
  000000c0    000000c0    00000450   00000450    r-x .text
  00000510    00000510    00000040   00000040    r-- .rodata
  00000550    00000550    00000030   00000030    r-- .cinit
20200000    20200000    00000008   00000000    rw-
  20200000    20200000    00000004   00000000    rw- .bss
  20200004    20200004    00000004   00000000    rw- .data
20207e00    20207e00    00000200   00000000    rw-
  20207e00    20207e00    00000200   00000000    rw- .stack


SECTION ALLOCATION MAP

 output                                  attributes/
section   page    origin      length       input sections
--------  ----  ----------  ----------   ----------------
.intvecs   0    00000000    000000c0     
                  00000000    000000c0     startup_mspm0g3507_ticlang.o (.intvecs)

.text      0    000000c0    00000450     
                  000000c0    000001b4     Clock.o (.text.Clock_Init80MHz)
                  00000274    0000007c     libc.a : copy_decompress_lzss.c.obj (.text:decompress:lzss)
                  000002f0    00000068     TrafficLightmain.o (.text.Stepper_Init)
                  00000358    00000064     TrafficLightmain.o (.text.main)
                  000003bc    0000003c     libc.a : autoinit.c.obj (.text:__TI_auto_init_nobinit_nopinit)
                  000003f8    00000034     Clock.o (.text.SysTick_Wait)
                  0000042c    00000028     libc.a : boot_cortex_m.c.obj (.text:_c_int00_noargs)
                  00000454    00000020     Clock.o (.text.SysTick_Init)
                  00000474    0000001c     startup_mspm0g3507_ticlang.o (.text.Default_Handler)
                  00000490    0000001c     startup_mspm0g3507_ticlang.o (.text.HardFault_Handler)
                  000004ac    00000016     libc.a : copy_zero_init.c.obj (.text:decompress:ZI:__TI_zero_init_nomemset)
                  000004c2    00000012            : memcpy16.S.obj (.text:TI_memcpy_small)
                  000004d4    00000012            : copy_decompress_none.c.obj (.text:decompress:none)
                  000004e6    00000010     Clock.o (.text.Clock_Delay)
                  000004f6    00000002     --HOLE-- [fill = 0]
                  000004f8    00000008     libclang_rt.builtins.a : aeabi_memcpy.S.obj (.text.__aeabi_memcpy)
                  00000500    00000004     startup_mspm0g3507_ticlang.o (.text.Reset_Handler)
                  00000504    00000004     libc.a : pre_init.c.obj (.text._system_pre_init)
                  00000508    00000004            : exit.c.obj (.text:abort)
                  0000050c    00000004     --HOLE-- [fill = 0]

.cinit     0    00000550    00000030     
                  00000550    0000000c     (__TI_handler_table)
                  0000055c    00000008     (.cinit..bss.load) [load image, compression = zero_init]
                  00000564    00000008     (.cinit..data.load) [load image, compression = lzss]
                  0000056c    00000010     (__TI_cinit_table)
                  0000057c    00000004     --HOLE-- [fill = 0]

.rodata    0    00000510    00000040     
                  00000510    00000040     TrafficLightmain.o (.rodata.FSM)

.init_array 
*          0    00000000    00000000     UNINITIALIZED

.binit     0    00000000    00000000     

.bss       0    20200000    00000004     UNINITIALIZED
                  20200000    00000004     (.common:Pt)

.data      0    20200004    00000004     UNINITIALIZED
                  20200004    00000004     Clock.o (.data.BusFreq)

.stack     0    20207e00    00000200     UNINITIALIZED
                  20207e00    00000004     libc.a : boot_cortex_m.c.obj (.stack)
                  20207e04    000001fc     --HOLE--

__llvm_prf_cnts 
*          0    20200000    00000000     UNINITIALIZED

__llvm_prf_bits 
*          0    20200000    00000000     UNINITIALIZED

MODULE SUMMARY

       Module                         code   ro data   rw data
       ------                         ----   -------   -------
    ./
       Clock.o                        536    0         4      
       TrafficLightmain.o             204    64        4      
    +--+------------------------------+------+---------+---------+
       Total:                         740    64        8      
                                                              
    ./ticlang/
       startup_mspm0g3507_ticlang.o   60     192       0      
    +--+------------------------------+------+---------+---------+
       Total:                         60     192       0      
                                                              
    /Applications/ti/ccs2000/ccs/tools/compiler/ti-cgt-armllvm_4.0.1.LTS/lib/armv6m-ti-none-eabi/c/libc.a
       copy_decompress_lzss.c.obj     124    0         0      
       autoinit.c.obj                 60     0         0      
       boot_cortex_m.c.obj            40     0         0      
       copy_zero_init.c.obj           22     0         0      
       copy_decompress_none.c.obj     18     0         0      
       memcpy16.S.obj                 18     0         0      
       exit.c.obj                     4      0         0      
       pre_init.c.obj                 4      0         0      
    +--+------------------------------+------+---------+---------+
       Total:                         290    0         0      
                                                              
    /Applications/ti/ccs2000/ccs/tools/compiler/ti-cgt-armllvm_4.0.1.LTS/lib/armv6m-ti-none-eabi/libclang_rt.builtins.a
       aeabi_memcpy.S.obj             8      0         0      
    +--+------------------------------+------+---------+---------+
       Total:                         8      0         0      
                                                              
       Stack:                         0      0         512    
       Linker Generated:              0      44        0      
    +--+------------------------------+------+---------+---------+
       Grand Total:                   1098   300       520    


LINKER GENERATED COPY TABLES

__TI_cinit_table @ 0000056c records: 2, size/record: 8, table size: 16
	.bss: load addr=0000055c, load size=00000008 bytes, run addr=20200000, run size=00000004 bytes, compression=zero_init
	.data: load addr=00000564, load size=00000008 bytes, run addr=20200004, run size=00000004 bytes, compression=lzss


LINKER GENERATED HANDLER TABLE

__TI_handler_table @ 00000550 records: 3, size/record: 4, table size: 12
	index: 0, handler: __TI_decompress_lzss
	index: 1, handler: __TI_decompress_none
	index: 2, handler: __TI_zero_init


GLOBAL SYMBOLS: SORTED ALPHABETICALLY BY Name 

address   name                          
-------   ----                          
00000475  ADC0_IRQHandler               
00000475  ADC1_IRQHandler               
00000475  AES_IRQHandler                
20200004  BusFreq                       
00000508  C$$EXIT                       
00000475  CANFD0_IRQHandler             
000004e7  Clock_Delay                   
000000c1  Clock_Init80MHz               
00000475  DAC0_IRQHandler               
00000475  DMA_IRQHandler                
00000475  Default_Handler               
00000510  FSM                           
00000475  GROUP0_IRQHandler             
00000475  GROUP1_IRQHandler             
00000491  HardFault_Handler             
00000475  I2C0_IRQHandler               
00000475  I2C1_IRQHandler               
00000475  NMI_Handler                   
00000475  PendSV_Handler                
20200000  Pt                            
00000475  RTC_IRQHandler                
00000501  Reset_Handler                 
00000475  SPI0_IRQHandler               
00000475  SPI1_IRQHandler               
00000475  SVC_Handler                   
000002f1  Stepper_Init                  
00000475  SysTick_Handler               
00000455  SysTick_Init                  
000003f9  SysTick_Wait                  
00000475  TIMA0_IRQHandler              
00000475  TIMA1_IRQHandler              
00000475  TIMG0_IRQHandler              
00000475  TIMG12_IRQHandler             
00000475  TIMG6_IRQHandler              
00000475  TIMG7_IRQHandler              
00000475  TIMG8_IRQHandler              
000004c3  TI_memcpy_small               
00000475  UART0_IRQHandler              
00000475  UART1_IRQHandler              
00000475  UART2_IRQHandler              
00000475  UART3_IRQHandler              
20208000  __STACK_END                   
00000200  __STACK_SIZE                  
00000000  __TI_ATRegion0_region_sz      
00000000  __TI_ATRegion0_src_addr       
00000000  __TI_ATRegion0_trg_addr       
00000000  __TI_ATRegion1_region_sz      
00000000  __TI_ATRegion1_src_addr       
00000000  __TI_ATRegion1_trg_addr       
00000000  __TI_ATRegion2_region_sz      
00000000  __TI_ATRegion2_src_addr       
00000000  __TI_ATRegion2_trg_addr       
0000056c  __TI_CINIT_Base               
0000057c  __TI_CINIT_Limit              
0000057c  __TI_CINIT_Warm               
00000550  __TI_Handler_Table_Base       
0000055c  __TI_Handler_Table_Limit      
000003bd  __TI_auto_init_nobinit_nopinit
00000275  __TI_decompress_lzss          
000004d5  __TI_decompress_none          
ffffffff  __TI_pprof_out_hndl           
ffffffff  __TI_prof_data_size           
ffffffff  __TI_prof_data_start          
00000000  __TI_static_base__            
000004ad  __TI_zero_init_nomemset       
000004f9  __aeabi_memcpy                
000004f9  __aeabi_memcpy4               
000004f9  __aeabi_memcpy8               
ffffffff  __binit__                     
UNDEFED   __mpu_init                    
20207e00  __stack                       
20200000  __start___llvm_prf_bits       
20200000  __start___llvm_prf_cnts       
20200000  __stop___llvm_prf_bits        
20200000  __stop___llvm_prf_cnts        
0000042d  _c_int00_noargs               
UNDEFED   _system_post_cinit            
00000505  _system_pre_init              
00000509  abort                         
ffffffff  binit                         
00000000  interruptVectors              
00000359  main                          


GLOBAL SYMBOLS: SORTED BY Symbol Address 

address   name                          
-------   ----                          
00000000  __TI_ATRegion0_region_sz      
00000000  __TI_ATRegion0_src_addr       
00000000  __TI_ATRegion0_trg_addr       
00000000  __TI_ATRegion1_region_sz      
00000000  __TI_ATRegion1_src_addr       
00000000  __TI_ATRegion1_trg_addr       
00000000  __TI_ATRegion2_region_sz      
00000000  __TI_ATRegion2_src_addr       
00000000  __TI_ATRegion2_trg_addr       
00000000  __TI_static_base__            
00000000  interruptVectors              
000000c1  Clock_Init80MHz               
00000200  __STACK_SIZE                  
00000275  __TI_decompress_lzss          
000002f1  Stepper_Init                  
00000359  main                          
000003bd  __TI_auto_init_nobinit_nopinit
000003f9  SysTick_Wait                  
0000042d  _c_int00_noargs               
00000455  SysTick_Init                  
00000475  ADC0_IRQHandler               
00000475  ADC1_IRQHandler               
00000475  AES_IRQHandler                
00000475  CANFD0_IRQHandler             
00000475  DAC0_IRQHandler               
00000475  DMA_IRQHandler                
00000475  Default_Handler               
00000475  GROUP0_IRQHandler             
00000475  GROUP1_IRQHandler             
00000475  I2C0_IRQHandler               
00000475  I2C1_IRQHandler               
00000475  NMI_Handler                   
00000475  PendSV_Handler                
00000475  RTC_IRQHandler                
00000475  SPI0_IRQHandler               
00000475  SPI1_IRQHandler               
00000475  SVC_Handler                   
00000475  SysTick_Handler               
00000475  TIMA0_IRQHandler              
00000475  TIMA1_IRQHandler              
00000475  TIMG0_IRQHandler              
00000475  TIMG12_IRQHandler             
00000475  TIMG6_IRQHandler              
00000475  TIMG7_IRQHandler              
00000475  TIMG8_IRQHandler              
00000475  UART0_IRQHandler              
00000475  UART1_IRQHandler              
00000475  UART2_IRQHandler              
00000475  UART3_IRQHandler              
00000491  HardFault_Handler             
000004ad  __TI_zero_init_nomemset       
000004c3  TI_memcpy_small               
000004d5  __TI_decompress_none          
000004e7  Clock_Delay                   
000004f9  __aeabi_memcpy                
000004f9  __aeabi_memcpy4               
000004f9  __aeabi_memcpy8               
00000501  Reset_Handler                 
00000505  _system_pre_init              
00000508  C$$EXIT                       
00000509  abort                         
00000510  FSM                           
00000550  __TI_Handler_Table_Base       
0000055c  __TI_Handler_Table_Limit      
0000056c  __TI_CINIT_Base               
0000057c  __TI_CINIT_Limit              
0000057c  __TI_CINIT_Warm               
20200000  Pt                            
20200000  __start___llvm_prf_bits       
20200000  __start___llvm_prf_cnts       
20200000  __stop___llvm_prf_bits        
20200000  __stop___llvm_prf_cnts        
20200004  BusFreq                       
20207e00  __stack                       
20208000  __STACK_END                   
ffffffff  __TI_pprof_out_hndl           
ffffffff  __TI_prof_data_size           
ffffffff  __TI_prof_data_start          
ffffffff  __binit__                     
ffffffff  binit                         
UNDEFED   __mpu_init                    
UNDEFED   _system_post_cinit            

[82 symbols]
