******************************************************************************
            TI ARM Clang Linker Unix v4.0.1                    
******************************************************************************
>> Linked Thu Jan 23 13:44:31 2025

OUTPUT FILE NAME:   <OutputToggleAsm.out>
ENTRY POINT SYMBOL: "_c_int00_noinit_noargs"  address: 000001bd


MEMORY CONFIGURATION

         name            origin    length      used     unused   attr    fill
----------------------  --------  ---------  --------  --------  ----  --------
  FLASH                 00000000   00020000  00000230  0001fdd0  R  X
  SRAM                  20200000   00008000  00000200  00007e00  RW X
  BCR_CONFIG            41c00000   00000080  00000000  00000080  R   
  BSL_CONFIG            41c00100   00000080  00000000  00000080  R   


SEGMENT ALLOCATION MAP

run origin  load origin   length   init length attrs members
----------  ----------- ---------- ----------- ----- -------
00000000    00000000    00000230   00000230    r-x
  00000000    00000000    000000c0   000000c0    r-- .intvecs
  000000c0    000000c0    00000170   00000170    r-x .text
20207e00    20207e00    00000200   00000000    rw-
  20207e00    20207e00    00000200   00000000    rw- .stack


SECTION ALLOCATION MAP

 output                                  attributes/
section   page    origin      length       input sections
--------  ----  ----------  ----------   ----------------
.intvecs   0    00000000    000000c0     
                  00000000    000000c0     startup_mspm0g3507_ticlang.o (.intvecs)

.text      0    000000c0    00000170     
                  000000c0    0000007c     LaunchPad.o (.text.LaunchPad_Init)
                  0000013c    00000048     Toggle.o (.text)
                  00000184    00000038     LaunchPad.o (.text.ActivatePortA_B)
                  000001bc    00000020     libc.a : boot_cortex_m.c.obj (.text:_c_int00_noinit_noargs)
                  000001dc    0000001c     startup_mspm0g3507_ticlang.o (.text.Default_Handler)
                  000001f8    0000001c     startup_mspm0g3507_ticlang.o (.text.HardFault_Handler)
                  00000214    00000010     LaunchPad.o (.text.Delay)
                  00000224    00000004     startup_mspm0g3507_ticlang.o (.text.Reset_Handler)
                  00000228    00000004     libc.a : pre_init.c.obj (.text._system_pre_init)
                  0000022c    00000004            : exit.c.obj (.text:abort)

.cinit     0    00000000    00000000     

.init_array 
*          0    00000000    00000000     UNINITIALIZED

.binit     0    00000000    00000000     

.stack     0    20207e00    00000200     UNINITIALIZED
                  20207e00    00000004     libc.a : boot_cortex_m.c.obj (.stack)
                  20207e04    000001fc     --HOLE--

__llvm_prf_cnts 
*          0    20200000    00000000     UNINITIALIZED

__llvm_prf_bits 
*          0    20200000    00000000     UNINITIALIZED

MODULE SUMMARY

       Module                         code   ro data   rw data
       ------                         ----   -------   -------
    ./
       LaunchPad.o                    196    0         0      
       Toggle.o                       72     0         0      
    +--+------------------------------+------+---------+---------+
       Total:                         268    0         0      
                                                              
    ./ticlang/
       startup_mspm0g3507_ticlang.o   60     192       0      
    +--+------------------------------+------+---------+---------+
       Total:                         60     192       0      
                                                              
    /Applications/ti/ccs2000/ccs/tools/compiler/ti-cgt-armllvm_4.0.1.LTS/lib/armv6m-ti-none-eabi/c/libc.a
       boot_cortex_m.c.obj            32     0         0      
       exit.c.obj                     4      0         0      
       pre_init.c.obj                 4      0         0      
    +--+------------------------------+------+---------+---------+
       Total:                         40     0         0      
                                                              
       Stack:                         0      0         512    
    +--+------------------------------+------+---------+---------+
       Grand Total:                   368    192       512    


GLOBAL SYMBOLS: SORTED ALPHABETICALLY BY Name 

address   name                    
-------   ----                    
000001dd  ADC0_IRQHandler         
000001dd  ADC1_IRQHandler         
000001dd  AES_IRQHandler          
00000185  ActivatePortA_B         
0000022c  C$$EXIT                 
000001dd  CANFD0_IRQHandler       
000001dd  DAC0_IRQHandler         
000001dd  DMA_IRQHandler          
000001dd  Default_Handler         
00000215  Delay                   
000001dd  GROUP0_IRQHandler       
000001dd  GROUP1_IRQHandler       
000001f9  HardFault_Handler       
000001dd  I2C0_IRQHandler         
000001dd  I2C1_IRQHandler         
000000c1  LaunchPad_Init          
000001dd  NMI_Handler             
000001dd  PendSV_Handler          
000001dd  RTC_IRQHandler          
00000225  Reset_Handler           
000001dd  SPI0_IRQHandler         
000001dd  SPI1_IRQHandler         
000001dd  SVC_Handler             
000001dd  SysTick_Handler         
000001dd  TIMA0_IRQHandler        
000001dd  TIMA1_IRQHandler        
000001dd  TIMG0_IRQHandler        
000001dd  TIMG12_IRQHandler       
000001dd  TIMG6_IRQHandler        
000001dd  TIMG7_IRQHandler        
000001dd  TIMG8_IRQHandler        
000001dd  UART0_IRQHandler        
000001dd  UART1_IRQHandler        
000001dd  UART2_IRQHandler        
000001dd  UART3_IRQHandler        
20208000  __STACK_END             
00000200  __STACK_SIZE            
00000000  __TI_ATRegion0_region_sz
00000000  __TI_ATRegion0_src_addr 
00000000  __TI_ATRegion0_trg_addr 
00000000  __TI_ATRegion1_region_sz
00000000  __TI_ATRegion1_src_addr 
00000000  __TI_ATRegion1_trg_addr 
00000000  __TI_ATRegion2_region_sz
00000000  __TI_ATRegion2_src_addr 
00000000  __TI_ATRegion2_trg_addr 
00000000  __TI_CINIT_Base         
00000000  __TI_CINIT_Limit        
00000000  __TI_CINIT_Warm         
ffffffff  __TI_pprof_out_hndl     
ffffffff  __TI_prof_data_size     
ffffffff  __TI_prof_data_start    
00000000  __TI_static_base__      
ffffffff  __binit__               
UNDEFED   __mpu_init              
20207e00  __stack                 
20200000  __start___llvm_prf_bits 
20200000  __start___llvm_prf_cnts 
20200000  __stop___llvm_prf_bits  
20200000  __stop___llvm_prf_cnts  
000001bd  _c_int00_noinit_noargs  
00000229  _system_pre_init        
0000022d  abort                   
ffffffff  binit                   
00000000  interruptVectors        
0000013c  main                    


GLOBAL SYMBOLS: SORTED BY Symbol Address 

address   name                    
-------   ----                    
00000000  __TI_ATRegion0_region_sz
00000000  __TI_ATRegion0_src_addr 
00000000  __TI_ATRegion0_trg_addr 
00000000  __TI_ATRegion1_region_sz
00000000  __TI_ATRegion1_src_addr 
00000000  __TI_ATRegion1_trg_addr 
00000000  __TI_ATRegion2_region_sz
00000000  __TI_ATRegion2_src_addr 
00000000  __TI_ATRegion2_trg_addr 
00000000  __TI_CINIT_Base         
00000000  __TI_CINIT_Limit        
00000000  __TI_CINIT_Warm         
00000000  __TI_static_base__      
00000000  interruptVectors        
000000c1  LaunchPad_Init          
0000013c  main                    
00000185  ActivatePortA_B         
000001bd  _c_int00_noinit_noargs  
000001dd  ADC0_IRQHandler         
000001dd  ADC1_IRQHandler         
000001dd  AES_IRQHandler          
000001dd  CANFD0_IRQHandler       
000001dd  DAC0_IRQHandler         
000001dd  DMA_IRQHandler          
000001dd  Default_Handler         
000001dd  GROUP0_IRQHandler       
000001dd  GROUP1_IRQHandler       
000001dd  I2C0_IRQHandler         
000001dd  I2C1_IRQHandler         
000001dd  NMI_Handler             
000001dd  PendSV_Handler          
000001dd  RTC_IRQHandler          
000001dd  SPI0_IRQHandler         
000001dd  SPI1_IRQHandler         
000001dd  SVC_Handler             
000001dd  SysTick_Handler         
000001dd  TIMA0_IRQHandler        
000001dd  TIMA1_IRQHandler        
000001dd  TIMG0_IRQHandler        
000001dd  TIMG12_IRQHandler       
000001dd  TIMG6_IRQHandler        
000001dd  TIMG7_IRQHandler        
000001dd  TIMG8_IRQHandler        
000001dd  UART0_IRQHandler        
000001dd  UART1_IRQHandler        
000001dd  UART2_IRQHandler        
000001dd  UART3_IRQHandler        
000001f9  HardFault_Handler       
00000200  __STACK_SIZE            
00000215  Delay                   
00000225  Reset_Handler           
00000229  _system_pre_init        
0000022c  C$$EXIT                 
0000022d  abort                   
20200000  __start___llvm_prf_bits 
20200000  __start___llvm_prf_cnts 
20200000  __stop___llvm_prf_bits  
20200000  __stop___llvm_prf_cnts  
20207e00  __stack                 
20208000  __STACK_END             
ffffffff  __TI_pprof_out_hndl     
ffffffff  __TI_prof_data_size     
ffffffff  __TI_prof_data_start    
ffffffff  __binit__               
ffffffff  binit                   
UNDEFED   __mpu_init              

[66 symbols]
