<?xml version="1.0" encoding="ISO-8859-1" ?>
<link_info>
   <banner>TI ARM Clang Linker Unix v4.0.1.LTS</banner>
   <copyright>Copyright (c) 1996-2018 Texas Instruments Incorporated</copyright>
   <command_line>/Applications/ti/ccs2000/ccs/tools/compiler/ti-cgt-armllvm_4.0.1.LTS/bin/tiarmlnk -I/Applications/ti/ccs2000/ccs/tools/compiler/ti-cgt-armllvm_4.0.1.LTS/lib -o ECE319K_Lab2.out -mECE319K_Lab2.map --heap_size=512 --stack_size=512 -i/Users/manaspathak11/Desktop/MSPM0_ValvanoWare/ECE319K_Lab2/Debug/syscfg -i/Applications/ti/ccs2000/ccs/tools/compiler/ti-cgt-armllvm_4.0.1.LTS/lib --diag_wrap=off --display_error_number --warn_sections --xml_link_info=ECE319K_Lab2_linkInfo.xml --rom_model ./Clock.o ./Dump.o ./ECE319K_Lab2.o ./ECE319K_Lab2main.o ./LaunchPad.o ./Timer.o ./UART.o ./UARTbusywait.o ./ticlang/startup_mspm0g3507_ticlang.o ../mspm0g3507.cmd -l/Applications/ti/mspm0_sdk_2_03_00_07/source/ti/driverlib/lib/ticlang/m0p/mspm0g1x0x_g3x0x/driverlib.a -llibc.a --start-group -llibc++.a -llibc++abi.a -llibc.a -llibsys.a -llibsysbm.a -llibclang_rt.builtins.a -llibclang_rt.profile.a --end-group --cg_opt_level=0</command_line>
   <link_time>0x67dc6221</link_time>
   <link_errors>0x0</link_errors>
   <output_file>/Users/manaspathak11/Desktop/MSPM0_ValvanoWare/ECE319K_Lab2/Debug/ECE319K_Lab2.out</output_file>
   <entry_point>
      <name>_c_int00_noargs</name>
      <address>0x1191</address>
   </entry_point>
   <input_file_list>
      <input_file id="fl-1">
         <path>/Users/manaspathak11/Desktop/MSPM0_ValvanoWare/ECE319K_Lab2/Debug/./</path>
         <kind>object</kind>
         <file>Clock.o</file>
         <name>Clock.o</name>
      </input_file>
      <input_file id="fl-2">
         <path>/Users/manaspathak11/Desktop/MSPM0_ValvanoWare/ECE319K_Lab2/Debug/./</path>
         <kind>object</kind>
         <file>Dump.o</file>
         <name>Dump.o</name>
      </input_file>
      <input_file id="fl-3">
         <path>/Users/manaspathak11/Desktop/MSPM0_ValvanoWare/ECE319K_Lab2/Debug/./</path>
         <kind>object</kind>
         <file>ECE319K_Lab2.o</file>
         <name>ECE319K_Lab2.o</name>
      </input_file>
      <input_file id="fl-4">
         <path>/Users/manaspathak11/Desktop/MSPM0_ValvanoWare/ECE319K_Lab2/Debug/./</path>
         <kind>object</kind>
         <file>ECE319K_Lab2main.o</file>
         <name>ECE319K_Lab2main.o</name>
      </input_file>
      <input_file id="fl-5">
         <path>/Users/manaspathak11/Desktop/MSPM0_ValvanoWare/ECE319K_Lab2/Debug/./</path>
         <kind>object</kind>
         <file>LaunchPad.o</file>
         <name>LaunchPad.o</name>
      </input_file>
      <input_file id="fl-6">
         <path>/Users/manaspathak11/Desktop/MSPM0_ValvanoWare/ECE319K_Lab2/Debug/./</path>
         <kind>object</kind>
         <file>Timer.o</file>
         <name>Timer.o</name>
      </input_file>
      <input_file id="fl-7">
         <path>/Users/manaspathak11/Desktop/MSPM0_ValvanoWare/ECE319K_Lab2/Debug/./</path>
         <kind>object</kind>
         <file>UART.o</file>
         <name>UART.o</name>
      </input_file>
      <input_file id="fl-8">
         <path>/Users/manaspathak11/Desktop/MSPM0_ValvanoWare/ECE319K_Lab2/Debug/./</path>
         <kind>object</kind>
         <file>UARTbusywait.o</file>
         <name>UARTbusywait.o</name>
      </input_file>
      <input_file id="fl-9">
         <path>/Users/manaspathak11/Desktop/MSPM0_ValvanoWare/ECE319K_Lab2/Debug/./ticlang/</path>
         <kind>object</kind>
         <file>startup_mspm0g3507_ticlang.o</file>
         <name>startup_mspm0g3507_ticlang.o</name>
      </input_file>
      <input_file id="fl-15">
         <path>/Users/manaspathak11/Desktop/MSPM0_ValvanoWare/ECE319K_Lab2/Debug/</path>
         <kind>object</kind>
         <file>&lt;internal&gt;</file>
         <name>&lt;internal&gt;</name>
      </input_file>
      <input_file id="fl-2a">
         <path>/Applications/ti/ccs2000/ccs/tools/compiler/ti-cgt-armllvm_4.0.1.LTS/lib/armv6m-ti-none-eabi/c/</path>
         <kind>archive</kind>
         <file>libc.a</file>
         <name>fopen.c.obj</name>
      </input_file>
      <input_file id="fl-2b">
         <path>/Applications/ti/ccs2000/ccs/tools/compiler/ti-cgt-armllvm_4.0.1.LTS/lib/armv6m-ti-none-eabi/c/</path>
         <kind>archive</kind>
         <file>libc.a</file>
         <name>setvbuf.c.obj</name>
      </input_file>
      <input_file id="fl-2c">
         <path>/Applications/ti/ccs2000/ccs/tools/compiler/ti-cgt-armllvm_4.0.1.LTS/lib/armv6m-ti-none-eabi/c/</path>
         <kind>archive</kind>
         <file>libc.a</file>
         <name>strcmp-armv6m.S.obj</name>
      </input_file>
      <input_file id="fl-2d">
         <path>/Applications/ti/ccs2000/ccs/tools/compiler/ti-cgt-armllvm_4.0.1.LTS/lib/armv6m-ti-none-eabi/c/</path>
         <kind>archive</kind>
         <file>libc.a</file>
         <name>aeabi_portable.c.obj</name>
      </input_file>
      <input_file id="fl-2e">
         <path>/Applications/ti/ccs2000/ccs/tools/compiler/ti-cgt-armllvm_4.0.1.LTS/lib/armv6m-ti-none-eabi/c/</path>
         <kind>archive</kind>
         <file>libc.a</file>
         <name>exit.c.obj</name>
      </input_file>
      <input_file id="fl-2f">
         <path>/Applications/ti/ccs2000/ccs/tools/compiler/ti-cgt-armllvm_4.0.1.LTS/lib/armv6m-ti-none-eabi/c/</path>
         <kind>archive</kind>
         <file>libc.a</file>
         <name>_lock.c.obj</name>
      </input_file>
      <input_file id="fl-30">
         <path>/Applications/ti/ccs2000/ccs/tools/compiler/ti-cgt-armllvm_4.0.1.LTS/lib/armv6m-ti-none-eabi/c/</path>
         <kind>archive</kind>
         <file>libc.a</file>
         <name>assert.c.obj</name>
      </input_file>
      <input_file id="fl-31">
         <path>/Applications/ti/ccs2000/ccs/tools/compiler/ti-cgt-armllvm_4.0.1.LTS/lib/armv6m-ti-none-eabi/c/</path>
         <kind>archive</kind>
         <file>libc.a</file>
         <name>defs.c.obj</name>
      </input_file>
      <input_file id="fl-32">
         <path>/Applications/ti/ccs2000/ccs/tools/compiler/ti-cgt-armllvm_4.0.1.LTS/lib/armv6m-ti-none-eabi/c/</path>
         <kind>archive</kind>
         <file>libc.a</file>
         <name>memory.c.obj</name>
      </input_file>
      <input_file id="fl-33">
         <path>/Applications/ti/ccs2000/ccs/tools/compiler/ti-cgt-armllvm_4.0.1.LTS/lib/armv6m-ti-none-eabi/c/</path>
         <kind>archive</kind>
         <file>libc.a</file>
         <name>copy_zero_init.c.obj</name>
      </input_file>
      <input_file id="fl-34">
         <path>/Applications/ti/ccs2000/ccs/tools/compiler/ti-cgt-armllvm_4.0.1.LTS/lib/armv6m-ti-none-eabi/c/</path>
         <kind>archive</kind>
         <file>libc.a</file>
         <name>copy_decompress_none.c.obj</name>
      </input_file>
      <input_file id="fl-35">
         <path>/Applications/ti/ccs2000/ccs/tools/compiler/ti-cgt-armllvm_4.0.1.LTS/lib/armv6m-ti-none-eabi/c/</path>
         <kind>archive</kind>
         <file>libc.a</file>
         <name>copy_decompress_lzss.c.obj</name>
      </input_file>
      <input_file id="fl-36">
         <path>/Applications/ti/ccs2000/ccs/tools/compiler/ti-cgt-armllvm_4.0.1.LTS/lib/armv6m-ti-none-eabi/c/</path>
         <kind>archive</kind>
         <file>libc.a</file>
         <name>boot_cortex_m.c.obj</name>
      </input_file>
      <input_file id="fl-37">
         <path>/Applications/ti/ccs2000/ccs/tools/compiler/ti-cgt-armllvm_4.0.1.LTS/lib/armv6m-ti-none-eabi/c/</path>
         <kind>archive</kind>
         <file>libc.a</file>
         <name>mathacl_init.c.obj</name>
      </input_file>
      <input_file id="fl-38">
         <path>/Applications/ti/ccs2000/ccs/tools/compiler/ti-cgt-armllvm_4.0.1.LTS/lib/armv6m-ti-none-eabi/c/</path>
         <kind>archive</kind>
         <file>libc.a</file>
         <name>sprintf.c.obj</name>
      </input_file>
      <input_file id="fl-39">
         <path>/Applications/ti/ccs2000/ccs/tools/compiler/ti-cgt-armllvm_4.0.1.LTS/lib/armv6m-ti-none-eabi/c/</path>
         <kind>archive</kind>
         <file>libc.a</file>
         <name>fclose.c.obj</name>
      </input_file>
      <input_file id="fl-3a">
         <path>/Applications/ti/ccs2000/ccs/tools/compiler/ti-cgt-armllvm_4.0.1.LTS/lib/armv6m-ti-none-eabi/c/</path>
         <kind>archive</kind>
         <file>libc.a</file>
         <name>fflush.c.obj</name>
      </input_file>
      <input_file id="fl-3b">
         <path>/Applications/ti/ccs2000/ccs/tools/compiler/ti-cgt-armllvm_4.0.1.LTS/lib/armv6m-ti-none-eabi/c/</path>
         <kind>archive</kind>
         <file>libc.a</file>
         <name>fputs.c.obj</name>
      </input_file>
      <input_file id="fl-3c">
         <path>/Applications/ti/ccs2000/ccs/tools/compiler/ti-cgt-armllvm_4.0.1.LTS/lib/armv6m-ti-none-eabi/c/</path>
         <kind>archive</kind>
         <file>libc.a</file>
         <name>_io_perm.c.obj</name>
      </input_file>
      <input_file id="fl-3d">
         <path>/Applications/ti/ccs2000/ccs/tools/compiler/ti-cgt-armllvm_4.0.1.LTS/lib/armv6m-ti-none-eabi/c/</path>
         <kind>archive</kind>
         <file>libc.a</file>
         <name>args_main.c.obj</name>
      </input_file>
      <input_file id="fl-3e">
         <path>/Applications/ti/ccs2000/ccs/tools/compiler/ti-cgt-armllvm_4.0.1.LTS/lib/armv6m-ti-none-eabi/c/</path>
         <kind>archive</kind>
         <file>libc.a</file>
         <name>autoinit.c.obj</name>
      </input_file>
      <input_file id="fl-3f">
         <path>/Applications/ti/ccs2000/ccs/tools/compiler/ti-cgt-armllvm_4.0.1.LTS/lib/armv6m-ti-none-eabi/c/</path>
         <kind>archive</kind>
         <file>libc.a</file>
         <name>pre_init.c.obj</name>
      </input_file>
      <input_file id="fl-40">
         <path>/Applications/ti/ccs2000/ccs/tools/compiler/ti-cgt-armllvm_4.0.1.LTS/lib/armv6m-ti-none-eabi/c/</path>
         <kind>archive</kind>
         <file>libc.a</file>
         <name>cpy_tbl.c.obj</name>
      </input_file>
      <input_file id="fl-41">
         <path>/Applications/ti/ccs2000/ccs/tools/compiler/ti-cgt-armllvm_4.0.1.LTS/lib/armv6m-ti-none-eabi/c/</path>
         <kind>archive</kind>
         <file>libc.a</file>
         <name>_printfi.c.obj</name>
      </input_file>
      <input_file id="fl-42">
         <path>/Applications/ti/ccs2000/ccs/tools/compiler/ti-cgt-armllvm_4.0.1.LTS/lib/armv6m-ti-none-eabi/c/</path>
         <kind>archive</kind>
         <file>libc.a</file>
         <name>fseek.c.obj</name>
      </input_file>
      <input_file id="fl-43">
         <path>/Applications/ti/ccs2000/ccs/tools/compiler/ti-cgt-armllvm_4.0.1.LTS/lib/armv6m-ti-none-eabi/c/</path>
         <kind>archive</kind>
         <file>libc.a</file>
         <name>s_frexp.c.obj</name>
      </input_file>
      <input_file id="fl-44">
         <path>/Applications/ti/ccs2000/ccs/tools/compiler/ti-cgt-armllvm_4.0.1.LTS/lib/armv6m-ti-none-eabi/c/</path>
         <kind>archive</kind>
         <file>libc.a</file>
         <name>s_scalbn.c.obj</name>
      </input_file>
      <input_file id="fl-45">
         <path>/Applications/ti/ccs2000/ccs/tools/compiler/ti-cgt-armllvm_4.0.1.LTS/lib/armv6m-ti-none-eabi/c/</path>
         <kind>archive</kind>
         <file>libc.a</file>
         <name>_ltoa.c.obj</name>
      </input_file>
      <input_file id="fl-46">
         <path>/Applications/ti/ccs2000/ccs/tools/compiler/ti-cgt-armllvm_4.0.1.LTS/lib/armv6m-ti-none-eabi/c/</path>
         <kind>archive</kind>
         <file>libc.a</file>
         <name>atoi.c.obj</name>
      </input_file>
      <input_file id="fl-47">
         <path>/Applications/ti/ccs2000/ccs/tools/compiler/ti-cgt-armllvm_4.0.1.LTS/lib/armv6m-ti-none-eabi/c/</path>
         <kind>archive</kind>
         <file>libc.a</file>
         <name>memccpy.c.obj</name>
      </input_file>
      <input_file id="fl-48">
         <path>/Applications/ti/ccs2000/ccs/tools/compiler/ti-cgt-armllvm_4.0.1.LTS/lib/armv6m-ti-none-eabi/c/</path>
         <kind>archive</kind>
         <file>libc.a</file>
         <name>wcslen.c.obj</name>
      </input_file>
      <input_file id="fl-49">
         <path>/Applications/ti/ccs2000/ccs/tools/compiler/ti-cgt-armllvm_4.0.1.LTS/lib/armv6m-ti-none-eabi/c/</path>
         <kind>archive</kind>
         <file>libc.a</file>
         <name>aeabi_ctype.S.obj</name>
      </input_file>
      <input_file id="fl-df">
         <path>/Applications/ti/ccs2000/ccs/tools/compiler/ti-cgt-armllvm_4.0.1.LTS/lib/armv6m-ti-none-eabi/c/</path>
         <kind>archive</kind>
         <file>libsysbm.a</file>
         <name>write.c.obj</name>
      </input_file>
      <input_file id="fl-e0">
         <path>/Applications/ti/ccs2000/ccs/tools/compiler/ti-cgt-armllvm_4.0.1.LTS/lib/armv6m-ti-none-eabi/c/</path>
         <kind>archive</kind>
         <file>libsysbm.a</file>
         <name>host_device.c.obj</name>
      </input_file>
      <input_file id="fl-e1">
         <path>/Applications/ti/ccs2000/ccs/tools/compiler/ti-cgt-armllvm_4.0.1.LTS/lib/armv6m-ti-none-eabi/c/</path>
         <kind>archive</kind>
         <file>libsysbm.a</file>
         <name>remove.c.obj</name>
      </input_file>
      <input_file id="fl-e2">
         <path>/Applications/ti/ccs2000/ccs/tools/compiler/ti-cgt-armllvm_4.0.1.LTS/lib/armv6m-ti-none-eabi/c/</path>
         <kind>archive</kind>
         <file>libsysbm.a</file>
         <name>open.c.obj</name>
      </input_file>
      <input_file id="fl-e3">
         <path>/Applications/ti/ccs2000/ccs/tools/compiler/ti-cgt-armllvm_4.0.1.LTS/lib/armv6m-ti-none-eabi/c/</path>
         <kind>archive</kind>
         <file>libsysbm.a</file>
         <name>lseek.c.obj</name>
      </input_file>
      <input_file id="fl-e4">
         <path>/Applications/ti/ccs2000/ccs/tools/compiler/ti-cgt-armllvm_4.0.1.LTS/lib/armv6m-ti-none-eabi/c/</path>
         <kind>archive</kind>
         <file>libsysbm.a</file>
         <name>close.c.obj</name>
      </input_file>
      <input_file id="fl-e5">
         <path>/Applications/ti/ccs2000/ccs/tools/compiler/ti-cgt-armllvm_4.0.1.LTS/lib/armv6m-ti-none-eabi/c/</path>
         <kind>archive</kind>
         <file>libsysbm.a</file>
         <name>add_device.c.obj</name>
      </input_file>
      <input_file id="fl-e6">
         <path>/Applications/ti/ccs2000/ccs/tools/compiler/ti-cgt-armllvm_4.0.1.LTS/lib/armv6m-ti-none-eabi/c/</path>
         <kind>archive</kind>
         <file>libsysbm.a</file>
         <name>unlink.c.obj</name>
      </input_file>
      <input_file id="fl-e7">
         <path>/Applications/ti/ccs2000/ccs/tools/compiler/ti-cgt-armllvm_4.0.1.LTS/lib/armv6m-ti-none-eabi/c/</path>
         <kind>archive</kind>
         <file>libsysbm.a</file>
         <name>hostclose.c.obj</name>
      </input_file>
      <input_file id="fl-e8">
         <path>/Applications/ti/ccs2000/ccs/tools/compiler/ti-cgt-armllvm_4.0.1.LTS/lib/armv6m-ti-none-eabi/c/</path>
         <kind>archive</kind>
         <file>libsysbm.a</file>
         <name>hostlseek.c.obj</name>
      </input_file>
      <input_file id="fl-e9">
         <path>/Applications/ti/ccs2000/ccs/tools/compiler/ti-cgt-armllvm_4.0.1.LTS/lib/armv6m-ti-none-eabi/c/</path>
         <kind>archive</kind>
         <file>libsysbm.a</file>
         <name>hostopen.c.obj</name>
      </input_file>
      <input_file id="fl-ea">
         <path>/Applications/ti/ccs2000/ccs/tools/compiler/ti-cgt-armllvm_4.0.1.LTS/lib/armv6m-ti-none-eabi/c/</path>
         <kind>archive</kind>
         <file>libsysbm.a</file>
         <name>hostread.c.obj</name>
      </input_file>
      <input_file id="fl-eb">
         <path>/Applications/ti/ccs2000/ccs/tools/compiler/ti-cgt-armllvm_4.0.1.LTS/lib/armv6m-ti-none-eabi/c/</path>
         <kind>archive</kind>
         <file>libsysbm.a</file>
         <name>hostrename.c.obj</name>
      </input_file>
      <input_file id="fl-ec">
         <path>/Applications/ti/ccs2000/ccs/tools/compiler/ti-cgt-armllvm_4.0.1.LTS/lib/armv6m-ti-none-eabi/c/</path>
         <kind>archive</kind>
         <file>libsysbm.a</file>
         <name>hostunlink.c.obj</name>
      </input_file>
      <input_file id="fl-ed">
         <path>/Applications/ti/ccs2000/ccs/tools/compiler/ti-cgt-armllvm_4.0.1.LTS/lib/armv6m-ti-none-eabi/c/</path>
         <kind>archive</kind>
         <file>libsysbm.a</file>
         <name>hostwrite.c.obj</name>
      </input_file>
      <input_file id="fl-ee">
         <path>/Applications/ti/ccs2000/ccs/tools/compiler/ti-cgt-armllvm_4.0.1.LTS/lib/armv6m-ti-none-eabi/c/</path>
         <kind>archive</kind>
         <file>libsysbm.a</file>
         <name>trgmsg.c.obj</name>
      </input_file>
      <input_file id="fl-ef">
         <path>/Applications/ti/ccs2000/ccs/tools/compiler/ti-cgt-armllvm_4.0.1.LTS/lib/armv6m-ti-none-eabi/</path>
         <kind>archive</kind>
         <file>libclang_rt.builtins.a</file>
         <name>adddf3.S.obj</name>
      </input_file>
      <input_file id="fl-f0">
         <path>/Applications/ti/ccs2000/ccs/tools/compiler/ti-cgt-armllvm_4.0.1.LTS/lib/armv6m-ti-none-eabi/</path>
         <kind>archive</kind>
         <file>libclang_rt.builtins.a</file>
         <name>muldf3.S.obj</name>
      </input_file>
      <input_file id="fl-f1">
         <path>/Applications/ti/ccs2000/ccs/tools/compiler/ti-cgt-armllvm_4.0.1.LTS/lib/armv6m-ti-none-eabi/</path>
         <kind>archive</kind>
         <file>libclang_rt.builtins.a</file>
         <name>muldsi3.S.obj</name>
      </input_file>
      <input_file id="fl-f2">
         <path>/Applications/ti/ccs2000/ccs/tools/compiler/ti-cgt-armllvm_4.0.1.LTS/lib/armv6m-ti-none-eabi/</path>
         <kind>archive</kind>
         <file>libclang_rt.builtins.a</file>
         <name>divdf3.S.obj</name>
      </input_file>
      <input_file id="fl-f3">
         <path>/Applications/ti/ccs2000/ccs/tools/compiler/ti-cgt-armllvm_4.0.1.LTS/lib/armv6m-ti-none-eabi/</path>
         <kind>archive</kind>
         <file>libclang_rt.builtins.a</file>
         <name>fixdfsi.S.obj</name>
      </input_file>
      <input_file id="fl-f4">
         <path>/Applications/ti/ccs2000/ccs/tools/compiler/ti-cgt-armllvm_4.0.1.LTS/lib/armv6m-ti-none-eabi/</path>
         <kind>archive</kind>
         <file>libclang_rt.builtins.a</file>
         <name>floatsidf.S.obj</name>
      </input_file>
      <input_file id="fl-f5">
         <path>/Applications/ti/ccs2000/ccs/tools/compiler/ti-cgt-armllvm_4.0.1.LTS/lib/armv6m-ti-none-eabi/</path>
         <kind>archive</kind>
         <file>libclang_rt.builtins.a</file>
         <name>muldi3.S.obj</name>
      </input_file>
      <input_file id="fl-f6">
         <path>/Applications/ti/ccs2000/ccs/tools/compiler/ti-cgt-armllvm_4.0.1.LTS/lib/armv6m-ti-none-eabi/</path>
         <kind>archive</kind>
         <file>libclang_rt.builtins.a</file>
         <name>aeabi_dcmp.S.obj</name>
      </input_file>
      <input_file id="fl-f7">
         <path>/Applications/ti/ccs2000/ccs/tools/compiler/ti-cgt-armllvm_4.0.1.LTS/lib/armv6m-ti-none-eabi/</path>
         <kind>archive</kind>
         <file>libclang_rt.builtins.a</file>
         <name>aeabi_idivmod.S.obj</name>
      </input_file>
      <input_file id="fl-f8">
         <path>/Applications/ti/ccs2000/ccs/tools/compiler/ti-cgt-armllvm_4.0.1.LTS/lib/armv6m-ti-none-eabi/</path>
         <kind>archive</kind>
         <file>libclang_rt.builtins.a</file>
         <name>aeabi_memcpy.S.obj</name>
      </input_file>
      <input_file id="fl-f9">
         <path>/Applications/ti/ccs2000/ccs/tools/compiler/ti-cgt-armllvm_4.0.1.LTS/lib/armv6m-ti-none-eabi/</path>
         <kind>archive</kind>
         <file>libclang_rt.builtins.a</file>
         <name>aeabi_memset.S.obj</name>
      </input_file>
      <input_file id="fl-fa">
         <path>/Applications/ti/ccs2000/ccs/tools/compiler/ti-cgt-armllvm_4.0.1.LTS/lib/armv6m-ti-none-eabi/</path>
         <kind>archive</kind>
         <file>libclang_rt.builtins.a</file>
         <name>aeabi_uidivmod.S.obj</name>
      </input_file>
      <input_file id="fl-fb">
         <path>/Applications/ti/ccs2000/ccs/tools/compiler/ti-cgt-armllvm_4.0.1.LTS/lib/armv6m-ti-none-eabi/</path>
         <kind>archive</kind>
         <file>libclang_rt.builtins.a</file>
         <name>aeabi_uldivmod.S.obj</name>
      </input_file>
      <input_file id="fl-fc">
         <path>/Applications/ti/ccs2000/ccs/tools/compiler/ti-cgt-armllvm_4.0.1.LTS/lib/armv6m-ti-none-eabi/</path>
         <kind>archive</kind>
         <file>libclang_rt.builtins.a</file>
         <name>udivmoddi4.S.obj</name>
      </input_file>
      <input_file id="fl-fd">
         <path>/Applications/ti/ccs2000/ccs/tools/compiler/ti-cgt-armllvm_4.0.1.LTS/lib/armv6m-ti-none-eabi/</path>
         <kind>archive</kind>
         <file>libclang_rt.builtins.a</file>
         <name>ashldi3.S.obj</name>
      </input_file>
      <input_file id="fl-fe">
         <path>/Applications/ti/ccs2000/ccs/tools/compiler/ti-cgt-armllvm_4.0.1.LTS/lib/armv6m-ti-none-eabi/</path>
         <kind>archive</kind>
         <file>libclang_rt.builtins.a</file>
         <name>comparedf2.c.obj</name>
      </input_file>
      <input_file id="fl-ff">
         <path>/Applications/ti/ccs2000/ccs/tools/compiler/ti-cgt-armllvm_4.0.1.LTS/lib/armv6m-ti-none-eabi/</path>
         <kind>archive</kind>
         <file>libclang_rt.builtins.a</file>
         <name>aeabi_div0.c.obj</name>
      </input_file>
      <input_file id="fl-100">
         <path>/Applications/ti/ccs2000/ccs/tools/compiler/ti-cgt-armllvm_4.0.1.LTS/lib/armv6m-ti-none-eabi/c/</path>
         <kind>archive</kind>
         <file>libc.a</file>
         <name>getdevice.c.obj</name>
      </input_file>
      <input_file id="fl-101">
         <path>/Applications/ti/ccs2000/ccs/tools/compiler/ti-cgt-armllvm_4.0.1.LTS/lib/armv6m-ti-none-eabi/c/</path>
         <kind>archive</kind>
         <file>libc.a</file>
         <name>memcpy16.S.obj</name>
      </input_file>
      <input_file id="fl-102">
         <path>/Applications/ti/ccs2000/ccs/tools/compiler/ti-cgt-armllvm_4.0.1.LTS/lib/armv6m-ti-none-eabi/c/</path>
         <kind>archive</kind>
         <file>libc.a</file>
         <name>memset16.S.obj</name>
      </input_file>
   </input_file_list>
   <object_component_list>
      <object_component id="oc-18">
         <name>.intvecs</name>
         <load_address>0x0</load_address>
         <readonly>true</readonly>
         <run_address>0x0</run_address>
         <size>0xc0</size>
         <alignment>0x4</alignment>
         <input_file_ref idref="fl-9"/>
      </object_component>
      <object_component id="oc-c4">
         <name>.text</name>
         <load_address>0xc0</load_address>
         <readonly>true</readonly>
         <executable>true</executable>
         <run_address>0xc0</run_address>
         <size>0x2fc</size>
         <alignment>0x4</alignment>
         <input_file_ref idref="fl-3"/>
      </object_component>
      <object_component id="oc-b5">
         <name>.text.Clock_Init80MHz</name>
         <load_address>0x3bc</load_address>
         <readonly>true</readonly>
         <executable>true</executable>
         <run_address>0x3bc</run_address>
         <size>0x1b4</size>
         <alignment>0x4</alignment>
         <input_file_ref idref="fl-1"/>
      </object_component>
      <object_component id="oc-37">
         <name>.text.TIMG0_IRQHandler</name>
         <load_address>0x570</load_address>
         <readonly>true</readonly>
         <executable>true</executable>
         <run_address>0x570</run_address>
         <size>0x188</size>
         <alignment>0x4</alignment>
         <input_file_ref idref="fl-4"/>
      </object_component>
      <object_component id="oc-fc">
         <name>.text.Lab2Grader</name>
         <load_address>0x6f8</load_address>
         <readonly>true</readonly>
         <executable>true</executable>
         <run_address>0x6f8</run_address>
         <size>0x168</size>
         <alignment>0x4</alignment>
         <input_file_ref idref="fl-4"/>
      </object_component>
      <object_component id="oc-114">
         <name>.text.ADC_Init</name>
         <load_address>0x860</load_address>
         <readonly>true</readonly>
         <executable>true</executable>
         <run_address>0x860</run_address>
         <size>0x134</size>
         <alignment>0x4</alignment>
         <input_file_ref idref="fl-4"/>
      </object_component>
      <object_component id="oc-bf">
         <name>.text.UART_Init</name>
         <load_address>0x994</load_address>
         <readonly>true</readonly>
         <executable>true</executable>
         <run_address>0x994</run_address>
         <size>0xe8</size>
         <alignment>0x4</alignment>
         <input_file_ref idref="fl-8"/>
      </object_component>
      <object_component id="oc-10e">
         <name>.text.ShowProblem</name>
         <load_address>0xa7c</load_address>
         <readonly>true</readonly>
         <executable>true</executable>
         <run_address>0xa7c</run_address>
         <size>0xac</size>
         <alignment>0x4</alignment>
         <input_file_ref idref="fl-4"/>
      </object_component>
      <object_component id="oc-10f">
         <name>.text.TimerG7_IntArm</name>
         <load_address>0xb28</load_address>
         <readonly>true</readonly>
         <executable>true</executable>
         <run_address>0xb28</run_address>
         <size>0xa8</size>
         <alignment>0x4</alignment>
         <input_file_ref idref="fl-6"/>
      </object_component>
      <object_component id="oc-64">
         <name>.text.CheckInit</name>
         <load_address>0xbd0</load_address>
         <readonly>true</readonly>
         <executable>true</executable>
         <run_address>0xbd0</run_address>
         <size>0xa4</size>
         <alignment>0x4</alignment>
         <input_file_ref idref="fl-4"/>
      </object_component>
      <object_component id="oc-116">
         <name>.text.TimerG0_IntArm</name>
         <load_address>0xc74</load_address>
         <readonly>true</readonly>
         <executable>true</executable>
         <run_address>0xc74</run_address>
         <size>0xa4</size>
         <alignment>0x4</alignment>
         <input_file_ref idref="fl-6"/>
      </object_component>
      <object_component id="oc-87">
         <name>.text.main</name>
         <load_address>0xd18</load_address>
         <readonly>true</readonly>
         <executable>true</executable>
         <run_address>0xd18</run_address>
         <size>0x94</size>
         <alignment>0x4</alignment>
         <input_file_ref idref="fl-4"/>
      </object_component>
      <object_component id="oc-31">
         <name>.text.Reset_Handler</name>
         <load_address>0xdac</load_address>
         <readonly>true</readonly>
         <executable>true</executable>
         <run_address>0xdac</run_address>
         <size>0x4</size>
         <alignment>0x2</alignment>
         <input_file_ref idref="fl-9"/>
      </object_component>
      <object_component id="oc-c0">
         <name>.text:strcmp</name>
         <load_address>0xdb0</load_address>
         <readonly>true</readonly>
         <executable>true</executable>
         <run_address>0xdb0</run_address>
         <size>0x88</size>
         <alignment>0x10</alignment>
         <input_file_ref idref="fl-2c"/>
      </object_component>
      <object_component id="oc-ba">
         <name>.text.LaunchPad_Init</name>
         <load_address>0xe38</load_address>
         <readonly>true</readonly>
         <executable>true</executable>
         <run_address>0xe38</run_address>
         <size>0x7c</size>
         <alignment>0x4</alignment>
         <input_file_ref idref="fl-5"/>
      </object_component>
      <object_component id="oc-1c">
         <name>.text:decompress:lzss</name>
         <load_address>0xeb4</load_address>
         <readonly>true</readonly>
         <executable>true</executable>
         <run_address>0xeb4</run_address>
         <size>0x7c</size>
         <alignment>0x4</alignment>
         <input_file_ref idref="fl-35"/>
      </object_component>
      <object_component id="oc-69">
         <name>.text.AddPoints</name>
         <load_address>0xf30</load_address>
         <readonly>true</readonly>
         <executable>true</executable>
         <run_address>0xf30</run_address>
         <size>0x5c</size>
         <alignment>0x4</alignment>
         <input_file_ref idref="fl-4"/>
      </object_component>
      <object_component id="oc-3c">
         <name>.text.TIMG7_IRQHandler</name>
         <load_address>0xf8c</load_address>
         <readonly>true</readonly>
         <executable>true</executable>
         <run_address>0xf8c</run_address>
         <size>0x5c</size>
         <alignment>0x4</alignment>
         <input_file_ref idref="fl-4"/>
      </object_component>
      <object_component id="oc-65">
         <name>.text.__aeabi_uidivmod</name>
         <load_address>0xfe8</load_address>
         <readonly>true</readonly>
         <executable>true</executable>
         <run_address>0xfe8</run_address>
         <size>0x40</size>
         <alignment>0x4</alignment>
         <input_file_ref idref="fl-fa"/>
      </object_component>
      <object_component id="oc-d1">
         <name>.text:__TI_auto_init_nobinit_nopinit</name>
         <load_address>0x1028</load_address>
         <readonly>true</readonly>
         <executable>true</executable>
         <run_address>0x1028</run_address>
         <size>0x3c</size>
         <alignment>0x4</alignment>
         <input_file_ref idref="fl-3e"/>
      </object_component>
      <object_component id="oc-f6">
         <name>.text.ActivatePortA_B</name>
         <load_address>0x1064</load_address>
         <readonly>true</readonly>
         <executable>true</executable>
         <run_address>0x1064</run_address>
         <size>0x38</size>
         <alignment>0x4</alignment>
         <input_file_ref idref="fl-5"/>
      </object_component>
      <object_component id="oc-a3">
         <name>.text.UART_OutUDec</name>
         <load_address>0x109c</load_address>
         <readonly>true</readonly>
         <executable>true</executable>
         <run_address>0x109c</run_address>
         <size>0x36</size>
         <alignment>0x2</alignment>
         <input_file_ref idref="fl-7"/>
      </object_component>
      <object_component id="oc-9d">
         <name>.text.__aeabi_idiv0</name>
         <load_address>0x10d2</load_address>
         <readonly>true</readonly>
         <executable>true</executable>
         <run_address>0x10d2</run_address>
         <size>0x2</size>
         <alignment>0x2</alignment>
         <input_file_ref idref="fl-ff"/>
      </object_component>
      <object_component id="oc-97">
         <name>.text.EndLab2</name>
         <load_address>0x10d4</load_address>
         <readonly>true</readonly>
         <executable>true</executable>
         <run_address>0x10d4</run_address>
         <size>0x34</size>
         <alignment>0x4</alignment>
         <input_file_ref idref="fl-4"/>
      </object_component>
      <object_component id="oc-10c">
         <name>.text.setUpper</name>
         <load_address>0x1108</load_address>
         <readonly>true</readonly>
         <executable>true</executable>
         <run_address>0x1108</run_address>
         <size>0x34</size>
         <alignment>0x2</alignment>
         <input_file_ref idref="fl-4"/>
      </object_component>
      <object_component id="oc-a4">
         <name>.text.UART_OutChar</name>
         <load_address>0x113c</load_address>
         <readonly>true</readonly>
         <executable>true</executable>
         <run_address>0x113c</run_address>
         <size>0x2c</size>
         <alignment>0x4</alignment>
         <input_file_ref idref="fl-8"/>
      </object_component>
      <object_component id="oc-115">
         <name>.text.ADC_Start</name>
         <load_address>0x1168</load_address>
         <readonly>true</readonly>
         <executable>true</executable>
         <run_address>0x1168</run_address>
         <size>0x28</size>
         <alignment>0x4</alignment>
         <input_file_ref idref="fl-4"/>
      </object_component>
      <object_component id="oc-58">
         <name>.text:_c_int00_noargs</name>
         <load_address>0x1190</load_address>
         <readonly>true</readonly>
         <executable>true</executable>
         <run_address>0x1190</run_address>
         <size>0x28</size>
         <alignment>0x4</alignment>
         <input_file_ref idref="fl-36"/>
      </object_component>
      <object_component id="oc-92">
         <name>.text.UART_OutString</name>
         <load_address>0x11b8</load_address>
         <readonly>true</readonly>
         <executable>true</executable>
         <run_address>0x11b8</run_address>
         <size>0x26</size>
         <alignment>0x2</alignment>
         <input_file_ref idref="fl-7"/>
      </object_component>
      <object_component id="oc-126">
         <name>.text.Random32</name>
         <load_address>0x11e0</load_address>
         <readonly>true</readonly>
         <executable>true</executable>
         <run_address>0x11e0</run_address>
         <size>0x20</size>
         <alignment>0x4</alignment>
         <input_file_ref idref="fl-4"/>
      </object_component>
      <object_component id="oc-35">
         <name>.text.Default_Handler</name>
         <load_address>0x1200</load_address>
         <readonly>true</readonly>
         <executable>true</executable>
         <run_address>0x1200</run_address>
         <size>0x1c</size>
         <alignment>0x4</alignment>
         <input_file_ref idref="fl-9"/>
      </object_component>
      <object_component id="oc-36">
         <name>.text.HardFault_Handler</name>
         <load_address>0x121c</load_address>
         <readonly>true</readonly>
         <executable>true</executable>
         <run_address>0x121c</run_address>
         <size>0x1c</size>
         <alignment>0x4</alignment>
         <input_file_ref idref="fl-9"/>
      </object_component>
      <object_component id="oc-10d">
         <name>.text.Random</name>
         <load_address>0x1238</load_address>
         <readonly>true</readonly>
         <executable>true</executable>
         <run_address>0x1238</run_address>
         <size>0x18</size>
         <alignment>0x2</alignment>
         <input_file_ref idref="fl-4"/>
      </object_component>
      <object_component id="oc-4f">
         <name>.text:decompress:ZI:__TI_zero_init_nomemset</name>
         <load_address>0x1250</load_address>
         <readonly>true</readonly>
         <executable>true</executable>
         <run_address>0x1250</run_address>
         <size>0x16</size>
         <alignment>0x2</alignment>
         <input_file_ref idref="fl-33"/>
      </object_component>
      <object_component id="oc-ab">
         <name>.text:TI_memcpy_small</name>
         <load_address>0x1266</load_address>
         <readonly>true</readonly>
         <executable>true</executable>
         <run_address>0x1266</run_address>
         <size>0x12</size>
         <alignment>0x1</alignment>
         <input_file_ref idref="fl-101"/>
      </object_component>
      <object_component id="oc-20">
         <name>.text:decompress:none</name>
         <load_address>0x1278</load_address>
         <readonly>true</readonly>
         <executable>true</executable>
         <run_address>0x1278</run_address>
         <size>0x12</size>
         <alignment>0x2</alignment>
         <input_file_ref idref="fl-34"/>
      </object_component>
      <object_component id="oc-f9">
         <name>.text.Clock_Delay</name>
         <load_address>0x128a</load_address>
         <readonly>true</readonly>
         <executable>true</executable>
         <run_address>0x128a</run_address>
         <size>0x10</size>
         <alignment>0x2</alignment>
         <input_file_ref idref="fl-1"/>
      </object_component>
      <object_component id="oc-10b">
         <name>.text.Delay</name>
         <load_address>0x129a</load_address>
         <readonly>true</readonly>
         <executable>true</executable>
         <run_address>0x129a</run_address>
         <size>0x10</size>
         <alignment>0x2</alignment>
         <input_file_ref idref="fl-5"/>
      </object_component>
      <object_component id="oc-fa">
         <name>.text.Clock_Freq</name>
         <load_address>0x12ac</load_address>
         <readonly>true</readonly>
         <executable>true</executable>
         <run_address>0x12ac</run_address>
         <size>0xc</size>
         <alignment>0x4</alignment>
         <input_file_ref idref="fl-1"/>
      </object_component>
      <object_component id="oc-48">
         <name>.text.__aeabi_memcpy</name>
         <load_address>0x12b8</load_address>
         <readonly>true</readonly>
         <executable>true</executable>
         <run_address>0x12b8</run_address>
         <size>0x8</size>
         <alignment>0x4</alignment>
         <input_file_ref idref="fl-f8"/>
      </object_component>
      <object_component id="oc-83">
         <name>.text._system_pre_init</name>
         <load_address>0x12c0</load_address>
         <readonly>true</readonly>
         <executable>true</executable>
         <run_address>0x12c0</run_address>
         <size>0x4</size>
         <alignment>0x2</alignment>
         <input_file_ref idref="fl-3f"/>
      </object_component>
      <object_component id="oc-ca">
         <name>.text:abort</name>
         <load_address>0x12c4</load_address>
         <readonly>true</readonly>
         <executable>true</executable>
         <run_address>0x12c4</run_address>
         <size>0x4</size>
         <alignment>0x2</alignment>
         <input_file_ref idref="fl-2e"/>
      </object_component>
      <object_component id="oc-16e">
         <name>.cinit..data.load</name>
         <load_address>0x16e8</load_address>
         <readonly>true</readonly>
         <run_address>0x16e8</run_address>
         <size>0xc</size>
         <alignment>0x1</alignment>
      </object_component>
      <object_component id="oc-16c">
         <name>__TI_handler_table</name>
         <load_address>0x16f4</load_address>
         <readonly>true</readonly>
         <run_address>0x16f4</run_address>
         <size>0xc</size>
         <alignment>0x4</alignment>
      </object_component>
      <object_component id="oc-16f">
         <name>.cinit..bss.load</name>
         <load_address>0x1700</load_address>
         <readonly>true</readonly>
         <run_address>0x1700</run_address>
         <size>0x8</size>
         <alignment>0x4</alignment>
      </object_component>
      <object_component id="oc-16d">
         <name>__TI_cinit_table</name>
         <load_address>0x1708</load_address>
         <readonly>true</readonly>
         <run_address>0x1708</run_address>
         <size>0x10</size>
         <alignment>0x4</alignment>
      </object_component>
      <object_component id="oc-127">
         <name>.rodata.ChangeProblem</name>
         <load_address>0x12d0</load_address>
         <readonly>true</readonly>
         <run_address>0x12d0</run_address>
         <size>0x140</size>
         <alignment>0x1</alignment>
         <input_file_ref idref="fl-4"/>
      </object_component>
      <object_component id="oc-128">
         <name>.rodata.LEDProblem</name>
         <load_address>0x1410</load_address>
         <readonly>true</readonly>
         <run_address>0x1410</run_address>
         <size>0xf0</size>
         <alignment>0x1</alignment>
         <input_file_ref idref="fl-4"/>
      </object_component>
      <object_component id="oc-76">
         <name>.rodata.Duties</name>
         <load_address>0x1500</load_address>
         <readonly>true</readonly>
         <run_address>0x1500</run_address>
         <size>0x80</size>
         <alignment>0x4</alignment>
         <input_file_ref idref="fl-4"/>
      </object_component>
      <object_component id="oc-11a">
         <name>.rodata.str1.72387407528414735151</name>
         <load_address>0x1580</load_address>
         <readonly>true</readonly>
         <run_address>0x1580</run_address>
         <size>0x2c</size>
         <alignment>0x1</alignment>
         <input_file_ref idref="fl-4"/>
      </object_component>
      <object_component id="oc-c9">
         <name>.rodata.str1.119244376489615108221</name>
         <load_address>0x15ac</load_address>
         <readonly>true</readonly>
         <run_address>0x15ac</run_address>
         <size>0x23</size>
         <alignment>0x1</alignment>
         <input_file_ref idref="fl-4"/>
      </object_component>
      <object_component id="oc-9b">
         <name>.rodata.str1.135301900289581272511</name>
         <load_address>0x15cf</load_address>
         <readonly>true</readonly>
         <run_address>0x15cf</run_address>
         <size>0x23</size>
         <alignment>0x1</alignment>
         <input_file_ref idref="fl-4"/>
      </object_component>
      <object_component id="oc-9a">
         <name>.rodata.str1.128144458046839886001</name>
         <load_address>0x15f2</load_address>
         <readonly>true</readonly>
         <run_address>0x15f2</run_address>
         <size>0x22</size>
         <alignment>0x1</alignment>
         <input_file_ref idref="fl-4"/>
      </object_component>
      <object_component id="oc-e6">
         <name>.rodata.str1.44660700354681502381</name>
         <load_address>0x1614</load_address>
         <readonly>true</readonly>
         <run_address>0x1614</run_address>
         <size>0x1e</size>
         <alignment>0x1</alignment>
         <input_file_ref idref="fl-4"/>
      </object_component>
      <object_component id="oc-9c">
         <name>.rodata.str1.148095700443330669951</name>
         <load_address>0x1632</load_address>
         <readonly>true</readonly>
         <run_address>0x1632</run_address>
         <size>0x1c</size>
         <alignment>0x1</alignment>
         <input_file_ref idref="fl-4"/>
      </object_component>
      <object_component id="oc-129">
         <name>.rodata.str1.103003801458660166821</name>
         <load_address>0x164e</load_address>
         <readonly>true</readonly>
         <run_address>0x164e</run_address>
         <size>0x19</size>
         <alignment>0x1</alignment>
         <input_file_ref idref="fl-4"/>
      </object_component>
      <object_component id="oc-11b">
         <name>.rodata.str1.73042674459103176111</name>
         <load_address>0x1667</load_address>
         <readonly>true</readonly>
         <run_address>0x1667</run_address>
         <size>0x17</size>
         <alignment>0x1</alignment>
         <input_file_ref idref="fl-4"/>
      </object_component>
      <object_component id="oc-6c">
         <name>.rodata.ChangeMask</name>
         <load_address>0x1680</load_address>
         <readonly>true</readonly>
         <run_address>0x1680</run_address>
         <size>0x10</size>
         <alignment>0x4</alignment>
         <input_file_ref idref="fl-4"/>
      </object_component>
      <object_component id="oc-98">
         <name>.rodata.InMux</name>
         <load_address>0x1690</load_address>
         <readonly>true</readonly>
         <run_address>0x1690</run_address>
         <size>0x10</size>
         <alignment>0x4</alignment>
         <input_file_ref idref="fl-4"/>
      </object_component>
      <object_component id="oc-11c">
         <name>.rodata.str1.31021446546990648301</name>
         <load_address>0x16a0</load_address>
         <readonly>true</readonly>
         <run_address>0x16a0</run_address>
         <size>0xe</size>
         <alignment>0x1</alignment>
         <input_file_ref idref="fl-4"/>
      </object_component>
      <object_component id="oc-6e">
         <name>.rodata.LEDMask</name>
         <load_address>0x16b0</load_address>
         <readonly>true</readonly>
         <run_address>0x16b0</run_address>
         <size>0xc</size>
         <alignment>0x4</alignment>
         <input_file_ref idref="fl-4"/>
      </object_component>
      <object_component id="oc-99">
         <name>.rodata.OutMux</name>
         <load_address>0x16bc</load_address>
         <readonly>true</readonly>
         <run_address>0x16bc</run_address>
         <size>0xc</size>
         <alignment>0x4</alignment>
         <input_file_ref idref="fl-4"/>
      </object_component>
      <object_component id="oc-aa">
         <name>.rodata.str1.171022728720343290241</name>
         <load_address>0x16c8</load_address>
         <readonly>true</readonly>
         <run_address>0x16c8</run_address>
         <size>0xb</size>
         <alignment>0x1</alignment>
         <input_file_ref idref="fl-4"/>
      </object_component>
      <object_component id="oc-e5">
         <name>.rodata.str1.141530679939114444391</name>
         <load_address>0x16d3</load_address>
         <readonly>true</readonly>
         <run_address>0x16d3</run_address>
         <size>0x8</size>
         <alignment>0x1</alignment>
         <input_file_ref idref="fl-4"/>
      </object_component>
      <object_component id="oc-c8">
         <name>.rodata.str1.102385045963333170191</name>
         <load_address>0x16db</load_address>
         <readonly>true</readonly>
         <run_address>0x16db</run_address>
         <size>0x7</size>
         <alignment>0x1</alignment>
         <input_file_ref idref="fl-4"/>
      </object_component>
      <object_component id="oc-12a">
         <name>.rodata.str1.77521282747640933751</name>
         <load_address>0x16e2</load_address>
         <readonly>true</readonly>
         <run_address>0x16e2</run_address>
         <size>0x3</size>
         <alignment>0x1</alignment>
         <input_file_ref idref="fl-4"/>
      </object_component>
      <object_component id="oc-136">
         <name>.binit</name>
         <load_address>0x0</load_address>
         <readonly>true</readonly>
         <run_address>0x0</run_address>
         <size>0x0</size>
         <alignment>0x4</alignment>
      </object_component>
      <object_component id="oc-f3">
         <name>.data.BusFreq</name>
         <load_address>0x20200234</load_address>
         <readwrite>true</readwrite>
         <run_address>0x20200234</run_address>
         <size>0x4</size>
         <alignment>0x4</alignment>
         <input_file_ref idref="fl-1"/>
      </object_component>
      <object_component id="oc-6b">
         <name>.data.Mode0</name>
         <load_address>0x20200238</load_address>
         <readwrite>true</readwrite>
         <run_address>0x20200238</run_address>
         <size>0x4</size>
         <alignment>0x4</alignment>
         <input_file_ref idref="fl-4"/>
      </object_component>
      <object_component id="oc-6d">
         <name>.data.Mode1</name>
         <load_address>0x2020023c</load_address>
         <readwrite>true</readwrite>
         <run_address>0x2020023c</run_address>
         <size>0x4</size>
         <alignment>0x4</alignment>
         <input_file_ref idref="fl-4"/>
      </object_component>
      <object_component id="oc-75">
         <name>.data.Mode2</name>
         <load_address>0x20200240</load_address>
         <readwrite>true</readwrite>
         <run_address>0x20200240</run_address>
         <size>0x4</size>
         <alignment>0x4</alignment>
         <input_file_ref idref="fl-4"/>
      </object_component>
      <object_component id="oc-6a">
         <name>.data.Time</name>
         <load_address>0x20200248</load_address>
         <readwrite>true</readwrite>
         <run_address>0x20200248</run_address>
         <size>0x4</size>
         <alignment>0x4</alignment>
         <input_file_ref idref="fl-4"/>
      </object_component>
      <object_component id="oc-a9">
         <name>.data.Score</name>
         <load_address>0x20200244</load_address>
         <readwrite>true</readwrite>
         <run_address>0x20200244</run_address>
         <size>0x4</size>
         <alignment>0x4</alignment>
         <input_file_ref idref="fl-4"/>
      </object_component>
      <object_component id="oc-118">
         <name>.common:M</name>
         <uninitialized>true</uninitialized>
         <readwrite>true</readwrite>
         <run_address>0x2020021c</run_address>
         <size>0x4</size>
         <alignment>0x4</alignment>
      </object_component>
      <object_component id="oc-74">
         <name>.common:Inflag</name>
         <uninitialized>true</uninitialized>
         <readwrite>true</readwrite>
         <run_address>0x20200200</run_address>
         <size>0x10</size>
         <alignment>0x4</alignment>
      </object_component>
      <object_component id="oc-6f">
         <name>.common:LastLED</name>
         <uninitialized>true</uninitialized>
         <readwrite>true</readwrite>
         <run_address>0x20200218</run_address>
         <size>0x4</size>
         <alignment>0x4</alignment>
      </object_component>
      <object_component id="oc-70">
         <name>.common:FirstCount</name>
         <uninitialized>true</uninitialized>
         <readwrite>true</readwrite>
         <run_address>0x20200214</run_address>
         <size>0x4</size>
         <alignment>0x4</alignment>
      </object_component>
      <object_component id="oc-71">
         <name>.common:Period</name>
         <uninitialized>true</uninitialized>
         <readwrite>true</readwrite>
         <run_address>0x20200220</run_address>
         <size>0x4</size>
         <alignment>0x4</alignment>
      </object_component>
      <object_component id="oc-72">
         <name>.common:SecondCount</name>
         <uninitialized>true</uninitialized>
         <readwrite>true</readwrite>
         <run_address>0x20200228</run_address>
         <size>0x4</size>
         <alignment>0x4</alignment>
      </object_component>
      <object_component id="oc-73">
         <name>.common:Duty</name>
         <uninitialized>true</uninitialized>
         <readwrite>true</readwrite>
         <run_address>0x20200210</run_address>
         <size>0x4</size>
         <alignment>0x4</alignment>
      </object_component>
      <object_component id="oc-79">
         <name>.common:TExaSadc</name>
         <uninitialized>true</uninitialized>
         <readwrite>true</readwrite>
         <run_address>0x20200230</run_address>
         <size>0x4</size>
         <alignment>0x4</alignment>
      </object_component>
      <object_component id="oc-117">
         <name>.common:Phase</name>
         <uninitialized>true</uninitialized>
         <readwrite>true</readwrite>
         <run_address>0x20200224</run_address>
         <size>0x4</size>
         <alignment>0x4</alignment>
      </object_component>
      <object_component id="oc-119">
         <name>.common:SizeofEID</name>
         <uninitialized>true</uninitialized>
         <readwrite>true</readwrite>
         <run_address>0x2020022c</run_address>
         <size>0x4</size>
         <alignment>0x4</alignment>
      </object_component>
      <object_component id="oc-2f">
         <name>.sysmem</name>
         <uninitialized>true</uninitialized>
         <readwrite>true</readwrite>
         <run_address>0x20200000</run_address>
         <size>0x10</size>
         <alignment>0x8</alignment>
         <input_file_ref idref="fl-32"/>
      </object_component>
      <object_component id="oc-172">
         <name>.sysmem</name>
         <uninitialized>true</uninitialized>
         <readwrite>true</readwrite>
         <run_address>0x20200000</run_address>
         <size>0x0</size>
         <alignment>0x4</alignment>
      </object_component>
      <object_component id="oc-1a">
         <name>.stack</name>
         <uninitialized>true</uninitialized>
         <readwrite>true</readwrite>
         <run_address>0x20207e00</run_address>
         <size>0x4</size>
         <alignment>0x4</alignment>
         <input_file_ref idref="fl-36"/>
      </object_component>
      <object_component id="oc-171">
         <name>.stack</name>
         <uninitialized>true</uninitialized>
         <readwrite>true</readwrite>
         <run_address>0x20207e00</run_address>
         <size>0x0</size>
         <alignment>0x8</alignment>
      </object_component>
      <object_component id="oc-f4">
         <name>.debug_abbrev</name>
         <load_address>0x0</load_address>
         <run_address>0x0</run_address>
         <size>0x16c</size>
         <alignment>0x1</alignment>
         <input_file_ref idref="fl-1"/>
      </object_component>
      <object_component id="oc-fd">
         <name>.debug_abbrev</name>
         <load_address>0x16c</load_address>
         <run_address>0x16c</run_address>
         <size>0x21</size>
         <alignment>0x1</alignment>
         <input_file_ref idref="fl-3"/>
      </object_component>
      <object_component id="oc-77">
         <name>.debug_abbrev</name>
         <load_address>0x18d</load_address>
         <run_address>0x18d</run_address>
         <size>0x203</size>
         <alignment>0x1</alignment>
         <input_file_ref idref="fl-4"/>
      </object_component>
      <object_component id="oc-f7">
         <name>.debug_abbrev</name>
         <load_address>0x390</load_address>
         <run_address>0x390</run_address>
         <size>0x10d</size>
         <alignment>0x1</alignment>
         <input_file_ref idref="fl-5"/>
      </object_component>
      <object_component id="oc-12b">
         <name>.debug_abbrev</name>
         <load_address>0x49d</load_address>
         <run_address>0x49d</run_address>
         <size>0xf3</size>
         <alignment>0x1</alignment>
         <input_file_ref idref="fl-6"/>
      </object_component>
      <object_component id="oc-e3">
         <name>.debug_abbrev</name>
         <load_address>0x590</load_address>
         <run_address>0x590</run_address>
         <size>0xdc</size>
         <alignment>0x1</alignment>
         <input_file_ref idref="fl-7"/>
      </object_component>
      <object_component id="oc-ea">
         <name>.debug_abbrev</name>
         <load_address>0x66c</load_address>
         <run_address>0x66c</run_address>
         <size>0xe6</size>
         <alignment>0x1</alignment>
         <input_file_ref idref="fl-8"/>
      </object_component>
      <object_component id="oc-3d">
         <name>.debug_abbrev</name>
         <load_address>0x752</load_address>
         <run_address>0x752</run_address>
         <size>0x6d</size>
         <alignment>0x1</alignment>
         <input_file_ref idref="fl-9"/>
      </object_component>
      <object_component id="oc-fb">
         <name>.debug_abbrev</name>
         <load_address>0x7bf</load_address>
         <run_address>0x7bf</run_address>
         <size>0x21</size>
         <alignment>0x1</alignment>
         <input_file_ref idref="fl-2c"/>
      </object_component>
      <object_component id="oc-fe">
         <name>.debug_abbrev</name>
         <load_address>0x7e0</load_address>
         <run_address>0x7e0</run_address>
         <size>0xb3</size>
         <alignment>0x1</alignment>
         <input_file_ref idref="fl-2e"/>
      </object_component>
      <object_component id="oc-5f">
         <name>.debug_abbrev</name>
         <load_address>0x893</load_address>
         <run_address>0x893</run_address>
         <size>0x299</size>
         <alignment>0x1</alignment>
         <input_file_ref idref="fl-32"/>
      </object_component>
      <object_component id="oc-7c">
         <name>.debug_abbrev</name>
         <load_address>0xb2c</load_address>
         <run_address>0xb2c</run_address>
         <size>0xc2</size>
         <alignment>0x1</alignment>
         <input_file_ref idref="fl-33"/>
      </object_component>
      <object_component id="oc-4c">
         <name>.debug_abbrev</name>
         <load_address>0xbee</load_address>
         <run_address>0xbee</run_address>
         <size>0x70</size>
         <alignment>0x1</alignment>
         <input_file_ref idref="fl-34"/>
      </object_component>
      <object_component id="oc-44">
         <name>.debug_abbrev</name>
         <load_address>0xc5e</load_address>
         <run_address>0xc5e</run_address>
         <size>0x8d</size>
         <alignment>0x1</alignment>
         <input_file_ref idref="fl-35"/>
      </object_component>
      <object_component id="oc-3f">
         <name>.debug_abbrev</name>
         <load_address>0xceb</load_address>
         <run_address>0xceb</run_address>
         <size>0xaf</size>
         <alignment>0x1</alignment>
         <input_file_ref idref="fl-36"/>
      </object_component>
      <object_component id="oc-104">
         <name>.debug_abbrev</name>
         <load_address>0xd9a</load_address>
         <run_address>0xd9a</run_address>
         <size>0x170</size>
         <alignment>0x1</alignment>
         <input_file_ref idref="fl-3e"/>
      </object_component>
      <object_component id="oc-b3">
         <name>.debug_abbrev</name>
         <load_address>0xf0a</load_address>
         <run_address>0xf0a</run_address>
         <size>0x39</size>
         <alignment>0x1</alignment>
         <input_file_ref idref="fl-3f"/>
      </object_component>
      <object_component id="oc-7b">
         <name>.debug_abbrev</name>
         <load_address>0xf43</load_address>
         <run_address>0xf43</run_address>
         <size>0x27</size>
         <alignment>0x1</alignment>
         <input_file_ref idref="fl-f8"/>
      </object_component>
      <object_component id="oc-a2">
         <name>.debug_abbrev</name>
         <load_address>0xf6a</load_address>
         <run_address>0xf6a</run_address>
         <size>0x27</size>
         <alignment>0x1</alignment>
         <input_file_ref idref="fl-fa"/>
      </object_component>
      <object_component id="oc-e7">
         <name>.debug_abbrev</name>
         <load_address>0xf91</load_address>
         <run_address>0xf91</run_address>
         <size>0x59</size>
         <alignment>0x1</alignment>
         <input_file_ref idref="fl-ff"/>
      </object_component>
      <object_component id="oc-ec">
         <name>.debug_abbrev</name>
         <load_address>0xfea</load_address>
         <run_address>0xfea</run_address>
         <size>0x25</size>
         <alignment>0x1</alignment>
         <input_file_ref idref="fl-101"/>
      </object_component>
      <object_component id="oc-174">
         <name>.debug_abbrev</name>
         <load_address>0x100f</load_address>
         <run_address>0x100f</run_address>
         <size>0xf</size>
         <alignment>0x0</alignment>
      </object_component>
      <object_component id="oc-b6">
         <name>.debug_info</name>
         <load_address>0x0</load_address>
         <run_address>0x0</run_address>
         <size>0x1363</size>
         <alignment>0x1</alignment>
         <input_file_ref idref="fl-1"/>
      </object_component>
      <object_component id="oc-c5">
         <name>.debug_info</name>
         <load_address>0x1363</load_address>
         <run_address>0x1363</run_address>
         <size>0x1e8</size>
         <alignment>0x1</alignment>
         <input_file_ref idref="fl-3"/>
      </object_component>
      <object_component id="oc-38">
         <name>.debug_info</name>
         <load_address>0x154b</load_address>
         <run_address>0x154b</run_address>
         <size>0x1fb6</size>
         <alignment>0x1</alignment>
         <input_file_ref idref="fl-4"/>
      </object_component>
      <object_component id="oc-bb">
         <name>.debug_info</name>
         <load_address>0x3501</load_address>
         <run_address>0x3501</run_address>
         <size>0x879</size>
         <alignment>0x1</alignment>
         <input_file_ref idref="fl-5"/>
      </object_component>
      <object_component id="oc-110">
         <name>.debug_info</name>
         <load_address>0x3d7a</load_address>
         <run_address>0x3d7a</run_address>
         <size>0x9b1</size>
         <alignment>0x1</alignment>
         <input_file_ref idref="fl-6"/>
      </object_component>
      <object_component id="oc-93">
         <name>.debug_info</name>
         <load_address>0x472b</load_address>
         <run_address>0x472b</run_address>
         <size>0x5da</size>
         <alignment>0x1</alignment>
         <input_file_ref idref="fl-7"/>
      </object_component>
      <object_component id="oc-a5">
         <name>.debug_info</name>
         <load_address>0x4d05</load_address>
         <run_address>0x4d05</run_address>
         <size>0x63f</size>
         <alignment>0x1</alignment>
         <input_file_ref idref="fl-8"/>
      </object_component>
      <object_component id="oc-19">
         <name>.debug_info</name>
         <load_address>0x5344</load_address>
         <run_address>0x5344</run_address>
         <size>0x94</size>
         <alignment>0x1</alignment>
         <input_file_ref idref="fl-9"/>
      </object_component>
      <object_component id="oc-c1">
         <name>.debug_info</name>
         <load_address>0x53d8</load_address>
         <run_address>0x53d8</run_address>
         <size>0x118</size>
         <alignment>0x1</alignment>
         <input_file_ref idref="fl-2c"/>
      </object_component>
      <object_component id="oc-cb">
         <name>.debug_info</name>
         <load_address>0x54f0</load_address>
         <run_address>0x54f0</run_address>
         <size>0xed</size>
         <alignment>0x1</alignment>
         <input_file_ref idref="fl-2e"/>
      </object_component>
      <object_component id="oc-30">
         <name>.debug_info</name>
         <load_address>0x55dd</load_address>
         <run_address>0x55dd</run_address>
         <size>0xae7</size>
         <alignment>0x1</alignment>
         <input_file_ref idref="fl-32"/>
      </object_component>
      <object_component id="oc-51">
         <name>.debug_info</name>
         <load_address>0x60c4</load_address>
         <run_address>0x60c4</run_address>
         <size>0x192</size>
         <alignment>0x1</alignment>
         <input_file_ref idref="fl-33"/>
      </object_component>
      <object_component id="oc-21">
         <name>.debug_info</name>
         <load_address>0x6256</load_address>
         <run_address>0x6256</run_address>
         <size>0xc6</size>
         <alignment>0x1</alignment>
         <input_file_ref idref="fl-34"/>
      </object_component>
      <object_component id="oc-1d">
         <name>.debug_info</name>
         <load_address>0x631c</load_address>
         <run_address>0x631c</run_address>
         <size>0x17c</size>
         <alignment>0x1</alignment>
         <input_file_ref idref="fl-35"/>
      </object_component>
      <object_component id="oc-1b">
         <name>.debug_info</name>
         <load_address>0x6498</load_address>
         <run_address>0x6498</run_address>
         <size>0x423</size>
         <alignment>0x1</alignment>
         <input_file_ref idref="fl-36"/>
      </object_component>
      <object_component id="oc-d3">
         <name>.debug_info</name>
         <load_address>0x68bb</load_address>
         <run_address>0x68bb</run_address>
         <size>0x744</size>
         <alignment>0x1</alignment>
         <input_file_ref idref="fl-3e"/>
      </object_component>
      <object_component id="oc-84">
         <name>.debug_info</name>
         <load_address>0x6fff</load_address>
         <run_address>0x6fff</run_address>
         <size>0x46</size>
         <alignment>0x1</alignment>
         <input_file_ref idref="fl-3f"/>
      </object_component>
      <object_component id="oc-49">
         <name>.debug_info</name>
         <load_address>0x7045</load_address>
         <run_address>0x7045</run_address>
         <size>0x1a1</size>
         <alignment>0x1</alignment>
         <input_file_ref idref="fl-f8"/>
      </object_component>
      <object_component id="oc-66">
         <name>.debug_info</name>
         <load_address>0x71e6</load_address>
         <run_address>0x71e6</run_address>
         <size>0x1c4</size>
         <alignment>0x1</alignment>
         <input_file_ref idref="fl-fa"/>
      </object_component>
      <object_component id="oc-9e">
         <name>.debug_info</name>
         <load_address>0x73aa</load_address>
         <run_address>0x73aa</run_address>
         <size>0x85</size>
         <alignment>0x1</alignment>
         <input_file_ref idref="fl-ff"/>
      </object_component>
      <object_component id="oc-ac">
         <name>.debug_info</name>
         <load_address>0x742f</load_address>
         <run_address>0x742f</run_address>
         <size>0x2fe</size>
         <alignment>0x1</alignment>
         <input_file_ref idref="fl-101"/>
      </object_component>
      <object_component id="oc-173">
         <name>.debug_info</name>
         <load_address>0x772d</load_address>
         <run_address>0x772d</run_address>
         <size>0xb7</size>
         <alignment>0x0</alignment>
      </object_component>
      <object_component id="oc-b7">
         <name>.debug_ranges</name>
         <load_address>0x0</load_address>
         <run_address>0x0</run_address>
         <size>0x58</size>
         <alignment>0x1</alignment>
         <input_file_ref idref="fl-1"/>
      </object_component>
      <object_component id="oc-39">
         <name>.debug_ranges</name>
         <load_address>0x58</load_address>
         <run_address>0x58</run_address>
         <size>0x78</size>
         <alignment>0x1</alignment>
         <input_file_ref idref="fl-4"/>
      </object_component>
      <object_component id="oc-bc">
         <name>.debug_ranges</name>
         <load_address>0xd0</load_address>
         <run_address>0xd0</run_address>
         <size>0x60</size>
         <alignment>0x1</alignment>
         <input_file_ref idref="fl-5"/>
      </object_component>
      <object_component id="oc-111">
         <name>.debug_ranges</name>
         <load_address>0x130</load_address>
         <run_address>0x130</run_address>
         <size>0x48</size>
         <alignment>0x1</alignment>
         <input_file_ref idref="fl-6"/>
      </object_component>
      <object_component id="oc-94">
         <name>.debug_ranges</name>
         <load_address>0x178</load_address>
         <run_address>0x178</run_address>
         <size>0x80</size>
         <alignment>0x1</alignment>
         <input_file_ref idref="fl-7"/>
      </object_component>
      <object_component id="oc-a6">
         <name>.debug_ranges</name>
         <load_address>0x1f8</load_address>
         <run_address>0x1f8</run_address>
         <size>0x38</size>
         <alignment>0x1</alignment>
         <input_file_ref idref="fl-8"/>
      </object_component>
      <object_component id="oc-32">
         <name>.debug_ranges</name>
         <load_address>0x230</load_address>
         <run_address>0x230</run_address>
         <size>0x20</size>
         <alignment>0x1</alignment>
         <input_file_ref idref="fl-9"/>
      </object_component>
      <object_component id="oc-cc">
         <name>.debug_ranges</name>
         <load_address>0x250</load_address>
         <run_address>0x250</run_address>
         <size>0x18</size>
         <alignment>0x1</alignment>
         <input_file_ref idref="fl-2e"/>
      </object_component>
      <object_component id="oc-62">
         <name>.debug_ranges</name>
         <load_address>0x268</load_address>
         <run_address>0x268</run_address>
         <size>0xa0</size>
         <alignment>0x1</alignment>
         <input_file_ref idref="fl-32"/>
      </object_component>
      <object_component id="oc-52">
         <name>.debug_ranges</name>
         <load_address>0x308</load_address>
         <run_address>0x308</run_address>
         <size>0x18</size>
         <alignment>0x1</alignment>
         <input_file_ref idref="fl-33"/>
      </object_component>
      <object_component id="oc-47">
         <name>.debug_ranges</name>
         <load_address>0x320</load_address>
         <run_address>0x320</run_address>
         <size>0x50</size>
         <alignment>0x1</alignment>
         <input_file_ref idref="fl-35"/>
      </object_component>
      <object_component id="oc-42">
         <name>.debug_ranges</name>
         <load_address>0x370</load_address>
         <run_address>0x370</run_address>
         <size>0x48</size>
         <alignment>0x1</alignment>
         <input_file_ref idref="fl-36"/>
      </object_component>
      <object_component id="oc-d4">
         <name>.debug_ranges</name>
         <load_address>0x3b8</load_address>
         <run_address>0x3b8</run_address>
         <size>0x48</size>
         <alignment>0x1</alignment>
         <input_file_ref idref="fl-3e"/>
      </object_component>
      <object_component id="oc-9f">
         <name>.debug_ranges</name>
         <load_address>0x400</load_address>
         <run_address>0x400</run_address>
         <size>0x18</size>
         <alignment>0x1</alignment>
         <input_file_ref idref="fl-ff"/>
      </object_component>
      <object_component id="oc-ae">
         <name>.debug_ranges</name>
         <load_address>0x418</load_address>
         <run_address>0x418</run_address>
         <size>0x28</size>
         <alignment>0x1</alignment>
         <input_file_ref idref="fl-101"/>
      </object_component>
      <object_component id="oc-f5">
         <name>.debug_str</name>
         <load_address>0x0</load_address>
         <run_address>0x0</run_address>
         <size>0x91e</size>
         <alignment>0x1</alignment>
         <input_file_ref idref="fl-1"/>
      </object_component>
      <object_component id="oc-78">
         <name>.debug_str</name>
         <load_address>0x91e</load_address>
         <run_address>0x91e</run_address>
         <size>0xa62</size>
         <alignment>0x1</alignment>
         <input_file_ref idref="fl-4"/>
      </object_component>
      <object_component id="oc-f8">
         <name>.debug_str</name>
         <load_address>0x1380</load_address>
         <run_address>0x1380</run_address>
         <size>0x553</size>
         <alignment>0x1</alignment>
         <input_file_ref idref="fl-5"/>
      </object_component>
      <object_component id="oc-12c">
         <name>.debug_str</name>
         <load_address>0x18d3</load_address>
         <run_address>0x18d3</run_address>
         <size>0x4bf</size>
         <alignment>0x1</alignment>
         <input_file_ref idref="fl-6"/>
      </object_component>
      <object_component id="oc-e4">
         <name>.debug_str</name>
         <load_address>0x1d92</load_address>
         <run_address>0x1d92</run_address>
         <size>0x327</size>
         <alignment>0x1</alignment>
         <input_file_ref idref="fl-7"/>
      </object_component>
      <object_component id="oc-eb">
         <name>.debug_str</name>
         <load_address>0x20b9</load_address>
         <run_address>0x20b9</run_address>
         <size>0x396</size>
         <alignment>0x1</alignment>
         <input_file_ref idref="fl-8"/>
      </object_component>
      <object_component id="oc-3e">
         <name>.debug_str</name>
         <load_address>0x244f</load_address>
         <run_address>0x244f</run_address>
         <size>0x137</size>
         <alignment>0x1</alignment>
         <input_file_ref idref="fl-9"/>
      </object_component>
      <object_component id="oc-ff">
         <name>.debug_str</name>
         <load_address>0x2586</load_address>
         <run_address>0x2586</run_address>
         <size>0x143</size>
         <alignment>0x1</alignment>
         <input_file_ref idref="fl-2e"/>
      </object_component>
      <object_component id="oc-60">
         <name>.debug_str</name>
         <load_address>0x26c9</load_address>
         <run_address>0x26c9</run_address>
         <size>0x3cf</size>
         <alignment>0x1</alignment>
         <input_file_ref idref="fl-32"/>
      </object_component>
      <object_component id="oc-7d">
         <name>.debug_str</name>
         <load_address>0x2a98</load_address>
         <run_address>0x2a98</run_address>
         <size>0x19f</size>
         <alignment>0x1</alignment>
         <input_file_ref idref="fl-33"/>
      </object_component>
      <object_component id="oc-4d">
         <name>.debug_str</name>
         <load_address>0x2c37</load_address>
         <run_address>0x2c37</run_address>
         <size>0x16c</size>
         <alignment>0x1</alignment>
         <input_file_ref idref="fl-34"/>
      </object_component>
      <object_component id="oc-45">
         <name>.debug_str</name>
         <load_address>0x2da3</load_address>
         <run_address>0x2da3</run_address>
         <size>0x1d9</size>
         <alignment>0x1</alignment>
         <input_file_ref idref="fl-35"/>
      </object_component>
      <object_component id="oc-40">
         <name>.debug_str</name>
         <load_address>0x2f7c</load_address>
         <run_address>0x2f7c</run_address>
         <size>0x229</size>
         <alignment>0x1</alignment>
         <input_file_ref idref="fl-36"/>
      </object_component>
      <object_component id="oc-105">
         <name>.debug_str</name>
         <load_address>0x31a5</load_address>
         <run_address>0x31a5</run_address>
         <size>0x333</size>
         <alignment>0x1</alignment>
         <input_file_ref idref="fl-3e"/>
      </object_component>
      <object_component id="oc-b4">
         <name>.debug_str</name>
         <load_address>0x34d8</load_address>
         <run_address>0x34d8</run_address>
         <size>0xf9</size>
         <alignment>0x1</alignment>
         <input_file_ref idref="fl-3f"/>
      </object_component>
      <object_component id="oc-e8">
         <name>.debug_str</name>
         <load_address>0x35d1</load_address>
         <run_address>0x35d1</run_address>
         <size>0x19b</size>
         <alignment>0x1</alignment>
         <input_file_ref idref="fl-ff"/>
      </object_component>
      <object_component id="oc-b8">
         <name>.debug_frame</name>
         <load_address>0x0</load_address>
         <run_address>0x0</run_address>
         <size>0xf4</size>
         <alignment>0x4</alignment>
         <input_file_ref idref="fl-1"/>
      </object_component>
      <object_component id="oc-3a">
         <name>.debug_frame</name>
         <load_address>0xf4</load_address>
         <run_address>0xf4</run_address>
         <size>0x164</size>
         <alignment>0x4</alignment>
         <input_file_ref idref="fl-4"/>
      </object_component>
      <object_component id="oc-bd">
         <name>.debug_frame</name>
         <load_address>0x258</load_address>
         <run_address>0x258</run_address>
         <size>0xe4</size>
         <alignment>0x4</alignment>
         <input_file_ref idref="fl-5"/>
      </object_component>
      <object_component id="oc-112">
         <name>.debug_frame</name>
         <load_address>0x33c</load_address>
         <run_address>0x33c</run_address>
         <size>0xec</size>
         <alignment>0x4</alignment>
         <input_file_ref idref="fl-6"/>
      </object_component>
      <object_component id="oc-95">
         <name>.debug_frame</name>
         <load_address>0x428</load_address>
         <run_address>0x428</run_address>
         <size>0x194</size>
         <alignment>0x4</alignment>
         <input_file_ref idref="fl-7"/>
      </object_component>
      <object_component id="oc-a7">
         <name>.debug_frame</name>
         <load_address>0x5bc</load_address>
         <run_address>0x5bc</run_address>
         <size>0x88</size>
         <alignment>0x4</alignment>
         <input_file_ref idref="fl-8"/>
      </object_component>
      <object_component id="oc-33">
         <name>.debug_frame</name>
         <load_address>0x644</load_address>
         <run_address>0x644</run_address>
         <size>0x40</size>
         <alignment>0x4</alignment>
         <input_file_ref idref="fl-9"/>
      </object_component>
      <object_component id="oc-cd">
         <name>.debug_frame</name>
         <load_address>0x684</load_address>
         <run_address>0x684</run_address>
         <size>0x30</size>
         <alignment>0x4</alignment>
         <input_file_ref idref="fl-2e"/>
      </object_component>
      <object_component id="oc-53">
         <name>.debug_frame</name>
         <load_address>0x6b4</load_address>
         <run_address>0x6b4</run_address>
         <size>0x38</size>
         <alignment>0x4</alignment>
         <input_file_ref idref="fl-33"/>
      </object_component>
      <object_component id="oc-22">
         <name>.debug_frame</name>
         <load_address>0x6ec</load_address>
         <run_address>0x6ec</run_address>
         <size>0x28</size>
         <alignment>0x4</alignment>
         <input_file_ref idref="fl-34"/>
      </object_component>
      <object_component id="oc-1e">
         <name>.debug_frame</name>
         <load_address>0x714</load_address>
         <run_address>0x714</run_address>
         <size>0x30</size>
         <alignment>0x4</alignment>
         <input_file_ref idref="fl-35"/>
      </object_component>
      <object_component id="oc-57">
         <name>.debug_frame</name>
         <load_address>0x744</load_address>
         <run_address>0x744</run_address>
         <size>0x90</size>
         <alignment>0x4</alignment>
         <input_file_ref idref="fl-36"/>
      </object_component>
      <object_component id="oc-d5">
         <name>.debug_frame</name>
         <load_address>0x7d4</load_address>
         <run_address>0x7d4</run_address>
         <size>0x100</size>
         <alignment>0x4</alignment>
         <input_file_ref idref="fl-3e"/>
      </object_component>
      <object_component id="oc-85">
         <name>.debug_frame</name>
         <load_address>0x8d4</load_address>
         <run_address>0x8d4</run_address>
         <size>0x20</size>
         <alignment>0x4</alignment>
         <input_file_ref idref="fl-3f"/>
      </object_component>
      <object_component id="oc-a0">
         <name>.debug_frame</name>
         <load_address>0x8f4</load_address>
         <run_address>0x8f4</run_address>
         <size>0x30</size>
         <alignment>0x4</alignment>
         <input_file_ref idref="fl-ff"/>
      </object_component>
      <object_component id="oc-b9">
         <name>.debug_line</name>
         <load_address>0x0</load_address>
         <run_address>0x0</run_address>
         <size>0x6f9</size>
         <alignment>0x1</alignment>
         <input_file_ref idref="fl-1"/>
      </object_component>
      <object_component id="oc-c7">
         <name>.debug_line</name>
         <load_address>0x6f9</load_address>
         <run_address>0x6f9</run_address>
         <size>0x94</size>
         <alignment>0x1</alignment>
         <input_file_ref idref="fl-3"/>
      </object_component>
      <object_component id="oc-3b">
         <name>.debug_line</name>
         <load_address>0x78d</load_address>
         <run_address>0x78d</run_address>
         <size>0x869</size>
         <alignment>0x1</alignment>
         <input_file_ref idref="fl-4"/>
      </object_component>
      <object_component id="oc-be">
         <name>.debug_line</name>
         <load_address>0xff6</load_address>
         <run_address>0xff6</run_address>
         <size>0x3b6</size>
         <alignment>0x1</alignment>
         <input_file_ref idref="fl-5"/>
      </object_component>
      <object_component id="oc-113">
         <name>.debug_line</name>
         <load_address>0x13ac</load_address>
         <run_address>0x13ac</run_address>
         <size>0x50c</size>
         <alignment>0x1</alignment>
         <input_file_ref idref="fl-6"/>
      </object_component>
      <object_component id="oc-96">
         <name>.debug_line</name>
         <load_address>0x18b8</load_address>
         <run_address>0x18b8</run_address>
         <size>0x662</size>
         <alignment>0x1</alignment>
         <input_file_ref idref="fl-7"/>
      </object_component>
      <object_component id="oc-a8">
         <name>.debug_line</name>
         <load_address>0x1f1a</load_address>
         <run_address>0x1f1a</run_address>
         <size>0x3fd</size>
         <alignment>0x1</alignment>
         <input_file_ref idref="fl-8"/>
      </object_component>
      <object_component id="oc-34">
         <name>.debug_line</name>
         <load_address>0x2317</load_address>
         <run_address>0x2317</run_address>
         <size>0x8a</size>
         <alignment>0x1</alignment>
         <input_file_ref idref="fl-9"/>
      </object_component>
[...]
         <page_id>0x0</page_id>
         <origin>0x41c00000</origin>
         <length>0x80</length>
         <used_space>0x0</used_space>
         <unused_space>0x80</unused_space>
         <attributes>R</attributes>
         <usage_details>
         </usage_details>
      </memory_area>
      <memory_area display="yes" color="green">
         <name>BSL_CONFIG</name>
         <page_id>0x0</page_id>
         <origin>0x41c00100</origin>
         <length>0x80</length>
         <used_space>0x0</used_space>
         <unused_space>0x80</unused_space>
         <attributes>R</attributes>
         <usage_details>
         </usage_details>
      </memory_area>
   </placement_map>
   <cptbl_list>
      <cptbl>
         <name>__TI_cinit_table</name>
         <cprec>
            <name>.data</name>
            <load_address>0x16e8</load_address>
            <load_size>0xc</load_size>
            <run_address>0x20200234</run_address>
            <run_size>0x18</run_size>
            <compression>lzss</compression>
         </cprec>
         <cprec>
            <name>.bss</name>
            <load_address>0x1700</load_address>
            <load_size>0x8</load_size>
            <run_address>0x20200200</run_address>
            <run_size>0x34</run_size>
            <compression>zero_init</compression>
         </cprec>
      </cptbl>
   </cptbl_list>
   <handler_table>
      <handler_table_name>__TI_handler_table</handler_table_name>
      <handler>
         <index>0x0</index>
         <name>__TI_decompress_lzss</name>
      </handler>
      <handler>
         <index>0x1</index>
         <name>__TI_decompress_none</name>
      </handler>
      <handler>
         <index>0x2</index>
         <name>__TI_zero_init</name>
      </handler>
   </handler_table>
   <symbol_table>
      <symbol id="sm-1">
         <name>__start___llvm_prf_cnts</name>
         <value>0x20200000</value>
      </symbol>
      <symbol id="sm-2">
         <name>__stop___llvm_prf_cnts</name>
         <value>0x20200000</value>
      </symbol>
      <symbol id="sm-3">
         <name>__start___llvm_prf_bits</name>
         <value>0x20200000</value>
      </symbol>
      <symbol id="sm-4">
         <name>__stop___llvm_prf_bits</name>
         <value>0x20200000</value>
      </symbol>
      <symbol id="sm-5">
         <name>__TI_CINIT_Base</name>
         <value>0x1708</value>
      </symbol>
      <symbol id="sm-6">
         <name>__TI_CINIT_Limit</name>
         <value>0x1718</value>
      </symbol>
      <symbol id="sm-7">
         <name>__TI_CINIT_Warm</name>
         <value>0x1718</value>
      </symbol>
      <symbol id="sm-8">
         <name>__TI_Handler_Table_Base</name>
         <value>0x16f4</value>
      </symbol>
      <symbol id="sm-9">
         <name>__TI_Handler_Table_Limit</name>
         <value>0x1700</value>
      </symbol>
      <symbol id="sm-a">
         <name>binit</name>
         <value>0xffffffff</value>
      </symbol>
      <symbol id="sm-b">
         <name>__binit__</name>
         <value>0xffffffff</value>
      </symbol>
      <symbol id="sm-c">
         <name>__STACK_SIZE</name>
         <value>0x200</value>
      </symbol>
      <symbol id="sm-d">
         <name>__STACK_END</name>
         <value>0x20208000</value>
      </symbol>
      <symbol id="sm-e">
         <name>__SYSMEM_SIZE</name>
         <value>0x200</value>
      </symbol>
      <symbol id="sm-f">
         <name>__TI_pprof_out_hndl</name>
         <value>0xffffffff</value>
      </symbol>
      <symbol id="sm-10">
         <name>__TI_prof_data_start</name>
         <value>0xffffffff</value>
      </symbol>
      <symbol id="sm-11">
         <name>__TI_prof_data_size</name>
         <value>0xffffffff</value>
      </symbol>
      <symbol id="sm-43">
         <name>Clock_Freq</name>
         <value>0x12ad</value>
         <object_component_ref idref="oc-fa"/>
      </symbol>
      <symbol id="sm-44">
         <name>BusFreq</name>
         <value>0x20200234</value>
         <object_component_ref idref="oc-f3"/>
      </symbol>
      <symbol id="sm-45">
         <name>Clock_Init80MHz</name>
         <value>0x3bd</value>
         <object_component_ref idref="oc-b5"/>
      </symbol>
      <symbol id="sm-46">
         <name>Clock_Delay</name>
         <value>0x128b</value>
         <object_component_ref idref="oc-f9"/>
      </symbol>
      <symbol id="sm-5a">
         <name>EID</name>
         <value>0xc0</value>
         <object_component_ref idref="oc-c4"/>
      </symbol>
      <symbol id="sm-5b">
         <name>Lab2</name>
         <value>0x2d0</value>
         <object_component_ref idref="oc-c4"/>
      </symbol>
      <symbol id="sm-98">
         <name>Random32</name>
         <value>0x11e1</value>
         <object_component_ref idref="oc-126"/>
      </symbol>
      <symbol id="sm-99">
         <name>M</name>
         <value>0x2020021c</value>
      </symbol>
      <symbol id="sm-9a">
         <name>Random</name>
         <value>0x1239</value>
         <object_component_ref idref="oc-10d"/>
      </symbol>
      <symbol id="sm-9b">
         <name>setUpper</name>
         <value>0x1109</value>
         <object_component_ref idref="oc-10c"/>
      </symbol>
      <symbol id="sm-9c">
         <name>ShowProblem</name>
         <value>0xa7d</value>
         <object_component_ref idref="oc-10e"/>
      </symbol>
      <symbol id="sm-9d">
         <name>Mode0</name>
         <value>0x20200238</value>
         <object_component_ref idref="oc-6b"/>
      </symbol>
      <symbol id="sm-9e">
         <name>ChangeProblem</name>
         <value>0x12d0</value>
         <object_component_ref idref="oc-127"/>
      </symbol>
      <symbol id="sm-9f">
         <name>Mode1</name>
         <value>0x2020023c</value>
         <object_component_ref idref="oc-6d"/>
      </symbol>
      <symbol id="sm-a0">
         <name>LEDProblem</name>
         <value>0x1410</value>
         <object_component_ref idref="oc-128"/>
      </symbol>
      <symbol id="sm-a1">
         <name>Mode2</name>
         <value>0x20200240</value>
         <object_component_ref idref="oc-75"/>
      </symbol>
      <symbol id="sm-a2">
         <name>Duties</name>
         <value>0x1500</value>
         <object_component_ref idref="oc-76"/>
      </symbol>
      <symbol id="sm-a3">
         <name>EndLab2</name>
         <value>0x10d5</value>
         <object_component_ref idref="oc-97"/>
      </symbol>
      <symbol id="sm-a4">
         <name>Score</name>
         <value>0x20200244</value>
         <object_component_ref idref="oc-a9"/>
      </symbol>
      <symbol id="sm-a5">
         <name>CheckInit</name>
         <value>0xbd1</value>
         <object_component_ref idref="oc-64"/>
      </symbol>
      <symbol id="sm-a6">
         <name>InMux</name>
         <value>0x1690</value>
         <object_component_ref idref="oc-98"/>
      </symbol>
      <symbol id="sm-a7">
         <name>OutMux</name>
         <value>0x16bc</value>
         <object_component_ref idref="oc-99"/>
      </symbol>
      <symbol id="sm-a8">
         <name>LEDMask</name>
         <value>0x16b0</value>
         <object_component_ref idref="oc-6e"/>
      </symbol>
      <symbol id="sm-a9">
         <name>AddPoints</name>
         <value>0xf31</value>
         <object_component_ref idref="oc-69"/>
      </symbol>
      <symbol id="sm-aa">
         <name>Inflag</name>
         <value>0x20200200</value>
      </symbol>
      <symbol id="sm-ab">
         <name>TIMG0_IRQHandler</name>
         <value>0x571</value>
         <object_component_ref idref="oc-37"/>
      </symbol>
      <symbol id="sm-ac">
         <name>Time</name>
         <value>0x20200248</value>
         <object_component_ref idref="oc-6a"/>
      </symbol>
      <symbol id="sm-ad">
         <name>ChangeMask</name>
         <value>0x1680</value>
         <object_component_ref idref="oc-6c"/>
      </symbol>
      <symbol id="sm-ae">
         <name>LastLED</name>
         <value>0x20200218</value>
      </symbol>
      <symbol id="sm-af">
         <name>FirstCount</name>
         <value>0x20200214</value>
      </symbol>
      <symbol id="sm-b0">
         <name>Period</name>
         <value>0x20200220</value>
      </symbol>
      <symbol id="sm-b1">
         <name>SecondCount</name>
         <value>0x20200228</value>
      </symbol>
      <symbol id="sm-b2">
         <name>Duty</name>
         <value>0x20200210</value>
      </symbol>
      <symbol id="sm-b3">
         <name>ADC_Init</name>
         <value>0x861</value>
         <object_component_ref idref="oc-114"/>
      </symbol>
      <symbol id="sm-b4">
         <name>TExaSadc</name>
         <value>0x20200230</value>
      </symbol>
      <symbol id="sm-b5">
         <name>ADC_Start</name>
         <value>0x1169</value>
         <object_component_ref idref="oc-115"/>
      </symbol>
      <symbol id="sm-b6">
         <name>TIMG7_IRQHandler</name>
         <value>0xf8d</value>
         <object_component_ref idref="oc-3c"/>
      </symbol>
      <symbol id="sm-b7">
         <name>main</name>
         <value>0xd19</value>
         <object_component_ref idref="oc-87"/>
      </symbol>
      <symbol id="sm-b8">
         <name>Lab2Grader</name>
         <value>0x6f9</value>
         <object_component_ref idref="oc-fc"/>
      </symbol>
      <symbol id="sm-b9">
         <name>Phase</name>
         <value>0x20200224</value>
      </symbol>
      <symbol id="sm-ba">
         <name>SizeofEID</name>
         <value>0x2020022c</value>
      </symbol>
      <symbol id="sm-ca">
         <name>Delay</name>
         <value>0x129b</value>
         <object_component_ref idref="oc-10b"/>
      </symbol>
      <symbol id="sm-cb">
         <name>ActivatePortA_B</name>
         <value>0x1065</value>
         <object_component_ref idref="oc-f6"/>
      </symbol>
      <symbol id="sm-cc">
         <name>LaunchPad_Init</name>
         <value>0xe39</value>
         <object_component_ref idref="oc-ba"/>
      </symbol>
      <symbol id="sm-d9">
         <name>TimerG0_IntArm</name>
         <value>0xc75</value>
         <object_component_ref idref="oc-116"/>
      </symbol>
      <symbol id="sm-da">
         <name>TimerG7_IntArm</name>
         <value>0xb29</value>
         <object_component_ref idref="oc-10f"/>
      </symbol>
      <symbol id="sm-e5">
         <name>UART_OutString</name>
         <value>0x11b9</value>
         <object_component_ref idref="oc-92"/>
      </symbol>
      <symbol id="sm-e6">
         <name>UART_OutUDec</name>
         <value>0x109d</value>
         <object_component_ref idref="oc-a3"/>
      </symbol>
      <symbol id="sm-f3">
         <name>UART_Init</name>
         <value>0x995</value>
         <object_component_ref idref="oc-bf"/>
      </symbol>
      <symbol id="sm-f4">
         <name>UART_OutChar</name>
         <value>0x113d</value>
         <object_component_ref idref="oc-a4"/>
      </symbol>
      <symbol id="sm-105">
         <name>Default_Handler</name>
         <value>0x1201</value>
         <object_component_ref idref="oc-35"/>
      </symbol>
      <symbol id="sm-106">
         <name>Reset_Handler</name>
         <value>0xdad</value>
         <object_component_ref idref="oc-31"/>
      </symbol>
      <symbol id="sm-107">
         <name>HardFault_Handler</name>
         <value>0x121d</value>
         <object_component_ref idref="oc-36"/>
      </symbol>
      <symbol id="sm-108">
         <name>interruptVectors</name>
         <value>0x0</value>
         <object_component_ref idref="oc-18"/>
      </symbol>
      <symbol id="sm-109">
         <name>NMI_Handler</name>
         <value>0x1201</value>
         <object_component_ref idref="oc-35"/>
      </symbol>
      <symbol id="sm-10a">
         <name>SVC_Handler</name>
         <value>0x1201</value>
         <object_component_ref idref="oc-35"/>
      </symbol>
      <symbol id="sm-10b">
         <name>PendSV_Handler</name>
         <value>0x1201</value>
         <object_component_ref idref="oc-35"/>
      </symbol>
      <symbol id="sm-10c">
         <name>SysTick_Handler</name>
         <value>0x1201</value>
         <object_component_ref idref="oc-35"/>
      </symbol>
      <symbol id="sm-10d">
         <name>GROUP0_IRQHandler</name>
         <value>0x1201</value>
         <object_component_ref idref="oc-35"/>
      </symbol>
      <symbol id="sm-10e">
         <name>GROUP1_IRQHandler</name>
         <value>0x1201</value>
         <object_component_ref idref="oc-35"/>
      </symbol>
      <symbol id="sm-10f">
         <name>TIMG8_IRQHandler</name>
         <value>0x1201</value>
         <object_component_ref idref="oc-35"/>
      </symbol>
      <symbol id="sm-110">
         <name>UART3_IRQHandler</name>
         <value>0x1201</value>
         <object_component_ref idref="oc-35"/>
      </symbol>
      <symbol id="sm-111">
         <name>ADC0_IRQHandler</name>
         <value>0x1201</value>
         <object_component_ref idref="oc-35"/>
      </symbol>
      <symbol id="sm-112">
         <name>ADC1_IRQHandler</name>
         <value>0x1201</value>
         <object_component_ref idref="oc-35"/>
      </symbol>
      <symbol id="sm-113">
         <name>CANFD0_IRQHandler</name>
         <value>0x1201</value>
         <object_component_ref idref="oc-35"/>
      </symbol>
      <symbol id="sm-114">
         <name>DAC0_IRQHandler</name>
         <value>0x1201</value>
         <object_component_ref idref="oc-35"/>
      </symbol>
      <symbol id="sm-115">
         <name>SPI0_IRQHandler</name>
         <value>0x1201</value>
         <object_component_ref idref="oc-35"/>
      </symbol>
      <symbol id="sm-116">
         <name>SPI1_IRQHandler</name>
         <value>0x1201</value>
         <object_component_ref idref="oc-35"/>
      </symbol>
      <symbol id="sm-117">
         <name>UART1_IRQHandler</name>
         <value>0x1201</value>
         <object_component_ref idref="oc-35"/>
      </symbol>
      <symbol id="sm-118">
         <name>UART2_IRQHandler</name>
         <value>0x1201</value>
         <object_component_ref idref="oc-35"/>
      </symbol>
      <symbol id="sm-119">
         <name>UART0_IRQHandler</name>
         <value>0x1201</value>
         <object_component_ref idref="oc-35"/>
      </symbol>
      <symbol id="sm-11a">
         <name>TIMG6_IRQHandler</name>
         <value>0x1201</value>
         <object_component_ref idref="oc-35"/>
      </symbol>
      <symbol id="sm-11b">
         <name>TIMA0_IRQHandler</name>
         <value>0x1201</value>
         <object_component_ref idref="oc-35"/>
      </symbol>
      <symbol id="sm-11c">
         <name>TIMA1_IRQHandler</name>
         <value>0x1201</value>
         <object_component_ref idref="oc-35"/>
      </symbol>
      <symbol id="sm-11d">
         <name>TIMG12_IRQHandler</name>
         <value>0x1201</value>
         <object_component_ref idref="oc-35"/>
      </symbol>
      <symbol id="sm-11e">
         <name>I2C0_IRQHandler</name>
         <value>0x1201</value>
         <object_component_ref idref="oc-35"/>
      </symbol>
      <symbol id="sm-11f">
         <name>I2C1_IRQHandler</name>
         <value>0x1201</value>
         <object_component_ref idref="oc-35"/>
      </symbol>
      <symbol id="sm-120">
         <name>AES_IRQHandler</name>
         <value>0x1201</value>
         <object_component_ref idref="oc-35"/>
      </symbol>
      <symbol id="sm-121">
         <name>RTC_IRQHandler</name>
         <value>0x1201</value>
         <object_component_ref idref="oc-35"/>
      </symbol>
      <symbol id="sm-122">
         <name>DMA_IRQHandler</name>
         <value>0x1201</value>
         <object_component_ref idref="oc-35"/>
      </symbol>
      <symbol id="sm-123">
         <name>__TI_ATRegion0_src_addr</name>
         <value>0x0</value>
      </symbol>
      <symbol id="sm-124">
         <name>__TI_ATRegion0_trg_addr</name>
         <value>0x0</value>
      </symbol>
      <symbol id="sm-125">
         <name>__TI_ATRegion0_region_sz</name>
         <value>0x0</value>
      </symbol>
      <symbol id="sm-126">
         <name>__TI_ATRegion1_src_addr</name>
         <value>0x0</value>
      </symbol>
      <symbol id="sm-127">
         <name>__TI_ATRegion1_trg_addr</name>
         <value>0x0</value>
      </symbol>
      <symbol id="sm-128">
         <name>__TI_ATRegion1_region_sz</name>
         <value>0x0</value>
      </symbol>
      <symbol id="sm-129">
         <name>__TI_ATRegion2_src_addr</name>
         <value>0x0</value>
      </symbol>
      <symbol id="sm-12a">
         <name>__TI_ATRegion2_trg_addr</name>
         <value>0x0</value>
      </symbol>
      <symbol id="sm-12b">
         <name>__TI_ATRegion2_region_sz</name>
         <value>0x0</value>
      </symbol>
      <symbol id="sm-135">
         <name>strcmp</name>
         <value>0xdb1</value>
         <object_component_ref idref="oc-c0"/>
      </symbol>
      <symbol id="sm-140">
         <name>abort</name>
         <value>0x12c5</value>
         <object_component_ref idref="oc-ca"/>
      </symbol>
      <symbol id="sm-141">
         <name>C$$EXIT</name>
         <value>0x12c4</value>
         <object_component_ref idref="oc-ca"/>
      </symbol>
      <symbol id="sm-14b">
         <name>_sys_memory</name>
         <value>0x20200000</value>
         <object_component_ref idref="oc-2f"/>
      </symbol>
      <symbol id="sm-155">
         <name>__TI_zero_init_nomemset</name>
         <value>0x1251</value>
         <object_component_ref idref="oc-4f"/>
      </symbol>
      <symbol id="sm-15e">
         <name>__TI_decompress_none</name>
         <value>0x1279</value>
         <object_component_ref idref="oc-20"/>
      </symbol>
      <symbol id="sm-169">
         <name>__TI_decompress_lzss</name>
         <value>0xeb5</value>
         <object_component_ref idref="oc-1c"/>
      </symbol>
      <symbol id="sm-174">
         <name>_c_int00_noargs</name>
         <value>0x1191</value>
         <object_component_ref idref="oc-58"/>
      </symbol>
      <symbol id="sm-175">
         <name>__stack</name>
         <value>0x20207e00</value>
         <object_component_ref idref="oc-1a"/>
      </symbol>
      <symbol id="sm-187">
         <name>__TI_auto_init_nobinit_nopinit</name>
         <value>0x1029</value>
         <object_component_ref idref="oc-d1"/>
      </symbol>
      <symbol id="sm-18f">
         <name>_system_pre_init</name>
         <value>0x12c1</value>
         <object_component_ref idref="oc-83"/>
      </symbol>
      <symbol id="sm-1ae">
         <name>__aeabi_memcpy</name>
         <value>0x12b9</value>
         <object_component_ref idref="oc-48"/>
      </symbol>
      <symbol id="sm-1af">
         <name>__aeabi_memcpy4</name>
         <value>0x12b9</value>
         <object_component_ref idref="oc-48"/>
      </symbol>
      <symbol id="sm-1b0">
         <name>__aeabi_memcpy8</name>
         <value>0x12b9</value>
         <object_component_ref idref="oc-48"/>
      </symbol>
      <symbol id="sm-1b6">
         <name>__aeabi_uidiv</name>
         <value>0xfe9</value>
         <object_component_ref idref="oc-65"/>
      </symbol>
      <symbol id="sm-1b7">
         <name>__aeabi_uidivmod</name>
         <value>0xfe9</value>
         <object_component_ref idref="oc-65"/>
      </symbol>
      <symbol id="sm-1c2">
         <name>__aeabi_idiv0</name>
         <value>0x10d3</value>
         <object_component_ref idref="oc-9d"/>
      </symbol>
      <symbol id="sm-1cc">
         <name>TI_memcpy_small</name>
         <value>0x1267</value>
         <object_component_ref idref="oc-ab"/>
      </symbol>
      <symbol id="sm-1cd">
         <name>__TI_static_base__</name>
         <value>0x0</value>
      </symbol>
      <symbol id="sm-1d0">
         <name>__mpu_init</name>
         <value>0x0</value>
      </symbol>
      <symbol id="sm-1d1">
         <name>_system_post_cinit</name>
         <value>0x0</value>
      </symbol>
   </symbol_table>
   <title>Link successful</title>
</link_info>
