******************************************************************************
            TI ARM Clang Linker Unix v4.0.1                    
******************************************************************************
>> Linked Thu Jan 23 13:44:29 2025

OUTPUT FILE NAME:   <InputOutputAsm.out>
ENTRY POINT SYMBOL: "_c_int00_noinit_noargs"  address: 00000275


MEMORY CONFIGURATION

         name            origin    length      used     unused   attr    fill
----------------------  --------  ---------  --------  --------  ----  --------
  FLASH                 00000000   00020000  000002e8  0001fd18  R  X
  SRAM                  20200000   00008000  00000200  00007e00  RW X
  BCR_CONFIG            41c00000   00000080  00000000  00000080  R   
  BSL_CONFIG            41c00100   00000080  00000000  00000080  R   


SEGMENT ALLOCATION MAP

run origin  load origin   length   init length attrs members
----------  ----------- ---------- ----------- ----- -------
00000000    00000000    000002e8   000002e8    r-x
  00000000    00000000    000000c0   000000c0    r-- .intvecs
  000000c0    000000c0    00000228   00000228    r-x .text
20207e00    20207e00    00000200   00000000    rw-
  20207e00    20207e00    00000200   00000000    rw- .stack


SECTION ALLOCATION MAP

 output                                  attributes/
section   page    origin      length       input sections
--------  ----  ----------  ----------   ----------------
.intvecs   0    00000000    000000c0     
                  00000000    000000c0     startup_mspm0g3507_ticlang.o (.intvecs)

.text      0    000000c0    00000228     
                  000000c0    00000100     InputOutput.o (.text)
                  000001c0    0000007c     LaunchPad.o (.text.LaunchPad_Init)
                  0000023c    00000038     LaunchPad.o (.text.ActivatePortA_B)
                  00000274    00000020     libc.a : boot_cortex_m.c.obj (.text:_c_int00_noinit_noargs)
                  00000294    0000001c     startup_mspm0g3507_ticlang.o (.text.Default_Handler)
                  000002b0    0000001c     startup_mspm0g3507_ticlang.o (.text.HardFault_Handler)
                  000002cc    00000010     LaunchPad.o (.text.Delay)
                  000002dc    00000004     startup_mspm0g3507_ticlang.o (.text.Reset_Handler)
                  000002e0    00000004     libc.a : pre_init.c.obj (.text._system_pre_init)
                  000002e4    00000004            : exit.c.obj (.text:abort)

.cinit     0    00000000    00000000     

.init_array 
*          0    00000000    00000000     UNINITIALIZED

.binit     0    00000000    00000000     

.stack     0    20207e00    00000200     UNINITIALIZED
                  20207e00    00000004     libc.a : boot_cortex_m.c.obj (.stack)
                  20207e04    000001fc     --HOLE--

__llvm_prf_cnts 
*          0    20200000    00000000     UNINITIALIZED

__llvm_prf_bits 
*          0    20200000    00000000     UNINITIALIZED

MODULE SUMMARY

       Module                         code   ro data   rw data
       ------                         ----   -------   -------
    ./
       InputOutput.o                  256    0         0      
       LaunchPad.o                    196    0         0      
    +--+------------------------------+------+---------+---------+
       Total:                         452    0         0      
                                                              
    ./ticlang/
       startup_mspm0g3507_ticlang.o   60     192       0      
    +--+------------------------------+------+---------+---------+
       Total:                         60     192       0      
                                                              
    /Applications/ti/ccs2000/ccs/tools/compiler/ti-cgt-armllvm_4.0.1.LTS/lib/armv6m-ti-none-eabi/c/libc.a
       boot_cortex_m.c.obj            32     0         0      
       exit.c.obj                     4      0         0      
       pre_init.c.obj                 4      0         0      
    +--+------------------------------+------+---------+---------+
       Total:                         40     0         0      
                                                              
       Stack:                         0      0         512    
    +--+------------------------------+------+---------+---------+
       Grand Total:                   552    192       512    


GLOBAL SYMBOLS: SORTED ALPHABETICALLY BY Name 

address   name                    
-------   ----                    
00000295  ADC0_IRQHandler         
00000295  ADC1_IRQHandler         
00000295  AES_IRQHandler          
0000023d  ActivatePortA_B         
000002e4  C$$EXIT                 
00000295  CANFD0_IRQHandler       
00000295  DAC0_IRQHandler         
00000295  DMA_IRQHandler          
00000295  Default_Handler         
000002cd  Delay                   
00000295  GROUP0_IRQHandler       
00000295  GROUP1_IRQHandler       
000002b1  HardFault_Handler       
00000295  I2C0_IRQHandler         
00000295  I2C1_IRQHandler         
000001c1  LaunchPad_Init          
00000295  NMI_Handler             
00000295  PendSV_Handler          
00000295  RTC_IRQHandler          
000002dd  Reset_Handler           
00000295  SPI0_IRQHandler         
00000295  SPI1_IRQHandler         
00000295  SVC_Handler             
00000295  SysTick_Handler         
00000295  TIMA0_IRQHandler        
00000295  TIMA1_IRQHandler        
00000295  TIMG0_IRQHandler        
00000295  TIMG12_IRQHandler       
00000295  TIMG6_IRQHandler        
00000295  TIMG7_IRQHandler        
00000295  TIMG8_IRQHandler        
00000295  UART0_IRQHandler        
00000295  UART1_IRQHandler        
00000295  UART2_IRQHandler        
00000295  UART3_IRQHandler        
20208000  __STACK_END             
00000200  __STACK_SIZE            
00000000  __TI_ATRegion0_region_sz
00000000  __TI_ATRegion0_src_addr 
00000000  __TI_ATRegion0_trg_addr 
00000000  __TI_ATRegion1_region_sz
00000000  __TI_ATRegion1_src_addr 
00000000  __TI_ATRegion1_trg_addr 
00000000  __TI_ATRegion2_region_sz
00000000  __TI_ATRegion2_src_addr 
00000000  __TI_ATRegion2_trg_addr 
00000000  __TI_CINIT_Base         
00000000  __TI_CINIT_Limit        
00000000  __TI_CINIT_Warm         
ffffffff  __TI_pprof_out_hndl     
ffffffff  __TI_prof_data_size     
ffffffff  __TI_prof_data_start    
00000000  __TI_static_base__      
ffffffff  __binit__               
UNDEFED   __mpu_init              
20207e00  __stack                 
20200000  __start___llvm_prf_bits 
20200000  __start___llvm_prf_cnts 
20200000  __stop___llvm_prf_bits  
20200000  __stop___llvm_prf_cnts  
00000275  _c_int00_noinit_noargs  
000002e1  _system_pre_init        
000002e5  abort                   
ffffffff  binit                   
00000000  interruptVectors        
00000104  main                    


GLOBAL SYMBOLS: SORTED BY Symbol Address 

address   name                    
-------   ----                    
00000000  __TI_ATRegion0_region_sz
00000000  __TI_ATRegion0_src_addr 
00000000  __TI_ATRegion0_trg_addr 
00000000  __TI_ATRegion1_region_sz
00000000  __TI_ATRegion1_src_addr 
00000000  __TI_ATRegion1_trg_addr 
00000000  __TI_ATRegion2_region_sz
00000000  __TI_ATRegion2_src_addr 
00000000  __TI_ATRegion2_trg_addr 
00000000  __TI_CINIT_Base         
00000000  __TI_CINIT_Limit        
00000000  __TI_CINIT_Warm         
00000000  __TI_static_base__      
00000000  interruptVectors        
00000104  main                    
000001c1  LaunchPad_Init          
00000200  __STACK_SIZE            
0000023d  ActivatePortA_B         
00000275  _c_int00_noinit_noargs  
00000295  ADC0_IRQHandler         
00000295  ADC1_IRQHandler         
00000295  AES_IRQHandler          
00000295  CANFD0_IRQHandler       
00000295  DAC0_IRQHandler         
00000295  DMA_IRQHandler          
00000295  Default_Handler         
00000295  GROUP0_IRQHandler       
00000295  GROUP1_IRQHandler       
00000295  I2C0_IRQHandler         
00000295  I2C1_IRQHandler         
00000295  NMI_Handler             
00000295  PendSV_Handler          
00000295  RTC_IRQHandler          
00000295  SPI0_IRQHandler         
00000295  SPI1_IRQHandler         
00000295  SVC_Handler             
00000295  SysTick_Handler         
00000295  TIMA0_IRQHandler        
00000295  TIMA1_IRQHandler        
00000295  TIMG0_IRQHandler        
00000295  TIMG12_IRQHandler       
00000295  TIMG6_IRQHandler        
00000295  TIMG7_IRQHandler        
00000295  TIMG8_IRQHandler        
00000295  UART0_IRQHandler        
00000295  UART1_IRQHandler        
00000295  UART2_IRQHandler        
00000295  UART3_IRQHandler        
000002b1  HardFault_Handler       
000002cd  Delay                   
000002dd  Reset_Handler           
000002e1  _system_pre_init        
000002e4  C$$EXIT                 
000002e5  abort                   
20200000  __start___llvm_prf_bits 
20200000  __start___llvm_prf_cnts 
20200000  __stop___llvm_prf_bits  
20200000  __stop___llvm_prf_cnts  
20207e00  __stack                 
20208000  __STACK_END             
ffffffff  __TI_pprof_out_hndl     
ffffffff  __TI_prof_data_size     
ffffffff  __TI_prof_data_start    
ffffffff  __binit__               
ffffffff  binit                   
UNDEFED   __mpu_init              

[66 symbols]
