******************************************************************************
            TI ARM Clang Linker Unix v4.0.1                    
******************************************************************************
>> Linked Thu Jan 23 13:44:30 2025

OUTPUT FILE NAME:   <NotGate.out>
ENTRY POINT SYMBOL: "_c_int00_noargs"  address: 00000219


MEMORY CONFIGURATION

         name            origin    length      used     unused   attr    fill
----------------------  --------  ---------  --------  --------  ----  --------
  FLASH                 00000000   00020000  000002c8  0001fd38  R  X
  SRAM                  20200000   00008000  00000208  00007df8  RW X
  BCR_CONFIG            41c00000   00000080  00000000  00000080  R   
  BSL_CONFIG            41c00100   00000080  00000000  00000080  R   


SEGMENT ALLOCATION MAP

run origin  load origin   length   init length attrs members
----------  ----------- ---------- ----------- ----- -------
00000000    00000000    000002c8   000002c8    r-x
  00000000    00000000    000000c0   000000c0    r-- .intvecs
  000000c0    000000c0    000001f0   000001f0    r-x .text
  000002b0    000002b0    00000018   00000018    r-- .cinit
20200000    20200000    00000008   00000000    rw-
  20200000    20200000    00000008   00000000    rw- .bss
20207e00    20207e00    00000200   00000000    rw-
  20207e00    20207e00    00000200   00000000    rw- .stack


SECTION ALLOCATION MAP

 output                                  attributes/
section   page    origin      length       input sections
--------  ----  ----------  ----------   ----------------
.intvecs   0    00000000    000000c0     
                  00000000    000000c0     startup_mspm0g3507_ticlang.o (.intvecs)

.text      0    000000c0    000001f0     
                  000000c0    0000007c     LaunchPad.o (.text.LaunchPad_Init)
                  0000013c    0000003c     NotGate.o (.text.main)
                  00000178    0000003c     libc.a : autoinit.c.obj (.text:__TI_auto_init_nobinit_nopinit)
                  000001b4    00000038     LaunchPad.o (.text.ActivatePortA_B)
                  000001ec    0000002c     NotGate.o (.text.Init)
                  00000218    00000028     libc.a : boot_cortex_m.c.obj (.text:_c_int00_noargs)
                  00000240    0000001c     startup_mspm0g3507_ticlang.o (.text.Default_Handler)
                  0000025c    0000001c     startup_mspm0g3507_ticlang.o (.text.HardFault_Handler)
                  00000278    00000016     libc.a : copy_zero_init.c.obj (.text:decompress:ZI:__TI_zero_init_nomemset)
                  0000028e    00000010     LaunchPad.o (.text.Delay)
                  0000029e    00000004     startup_mspm0g3507_ticlang.o (.text.Reset_Handler)
                  000002a2    00000004     libc.a : pre_init.c.obj (.text._system_pre_init)
                  000002a6    00000004            : exit.c.obj (.text:abort)
                  000002aa    00000006     --HOLE-- [fill = 0]

.cinit     0    000002b0    00000018     
                  000002b0    00000008     (.cinit..bss.load) [load image, compression = zero_init]
                  000002b8    00000004     (__TI_handler_table)
                  000002bc    00000008     (__TI_cinit_table)
                  000002c4    00000004     --HOLE-- [fill = 0]

.init_array 
*          0    00000000    00000000     UNINITIALIZED

.binit     0    00000000    00000000     

.bss       0    20200000    00000008     UNINITIALIZED
                  20200000    00000004     (.common:Input)
                  20200004    00000004     (.common:Output)

.stack     0    20207e00    00000200     UNINITIALIZED
                  20207e00    00000004     libc.a : boot_cortex_m.c.obj (.stack)
                  20207e04    000001fc     --HOLE--

__llvm_prf_cnts 
*          0    20200000    00000000     UNINITIALIZED

__llvm_prf_bits 
*          0    20200000    00000000     UNINITIALIZED

MODULE SUMMARY

       Module                         code   ro data   rw data
       ------                         ----   -------   -------
    ./
       LaunchPad.o                    196    0         0      
       NotGate.o                      104    0         8      
    +--+------------------------------+------+---------+---------+
       Total:                         300    0         8      
                                                              
    ./ticlang/
       startup_mspm0g3507_ticlang.o   60     192       0      
    +--+------------------------------+------+---------+---------+
       Total:                         60     192       0      
                                                              
    /Applications/ti/ccs2000/ccs/tools/compiler/ti-cgt-armllvm_4.0.1.LTS/lib/armv6m-ti-none-eabi/c/libc.a
       autoinit.c.obj                 60     0         0      
       boot_cortex_m.c.obj            40     0         0      
       copy_zero_init.c.obj           22     0         0      
       exit.c.obj                     4      0         0      
       pre_init.c.obj                 4      0         0      
    +--+------------------------------+------+---------+---------+
       Total:                         130    0         0      
                                                              
       Stack:                         0      0         512    
       Linker Generated:              0      20        0      
    +--+------------------------------+------+---------+---------+
       Grand Total:                   490    212       520    


LINKER GENERATED COPY TABLES

__TI_cinit_table @ 000002bc records: 1, size/record: 8, table size: 8
	.bss: load addr=000002b0, load size=00000008 bytes, run addr=20200000, run size=00000008 bytes, compression=zero_init


LINKER GENERATED HANDLER TABLE

__TI_handler_table @ 000002b8 records: 1, size/record: 4, table size: 4
	index: 0, handler: __TI_zero_init


GLOBAL SYMBOLS: SORTED ALPHABETICALLY BY Name 

address   name                          
-------   ----                          
00000241  ADC0_IRQHandler               
00000241  ADC1_IRQHandler               
00000241  AES_IRQHandler                
000001b5  ActivatePortA_B               
000002a6  C$$EXIT                       
00000241  CANFD0_IRQHandler             
00000241  DAC0_IRQHandler               
00000241  DMA_IRQHandler                
00000241  Default_Handler               
0000028f  Delay                         
00000241  GROUP0_IRQHandler             
00000241  GROUP1_IRQHandler             
0000025d  HardFault_Handler             
00000241  I2C0_IRQHandler               
00000241  I2C1_IRQHandler               
000001ed  Init                          
20200000  Input                         
000000c1  LaunchPad_Init                
00000241  NMI_Handler                   
20200004  Output                        
00000241  PendSV_Handler                
00000241  RTC_IRQHandler                
0000029f  Reset_Handler                 
00000241  SPI0_IRQHandler               
00000241  SPI1_IRQHandler               
00000241  SVC_Handler                   
00000241  SysTick_Handler               
00000241  TIMA0_IRQHandler              
00000241  TIMA1_IRQHandler              
00000241  TIMG0_IRQHandler              
00000241  TIMG12_IRQHandler             
00000241  TIMG6_IRQHandler              
00000241  TIMG7_IRQHandler              
00000241  TIMG8_IRQHandler              
00000241  UART0_IRQHandler              
00000241  UART1_IRQHandler              
00000241  UART2_IRQHandler              
00000241  UART3_IRQHandler              
20208000  __STACK_END                   
00000200  __STACK_SIZE                  
00000000  __TI_ATRegion0_region_sz      
00000000  __TI_ATRegion0_src_addr       
00000000  __TI_ATRegion0_trg_addr       
00000000  __TI_ATRegion1_region_sz      
00000000  __TI_ATRegion1_src_addr       
00000000  __TI_ATRegion1_trg_addr       
00000000  __TI_ATRegion2_region_sz      
00000000  __TI_ATRegion2_src_addr       
00000000  __TI_ATRegion2_trg_addr       
000002bc  __TI_CINIT_Base               
000002c4  __TI_CINIT_Limit              
000002c4  __TI_CINIT_Warm               
000002b8  __TI_Handler_Table_Base       
000002bc  __TI_Handler_Table_Limit      
00000179  __TI_auto_init_nobinit_nopinit
ffffffff  __TI_pprof_out_hndl           
ffffffff  __TI_prof_data_size           
ffffffff  __TI_prof_data_start          
00000000  __TI_static_base__            
00000279  __TI_zero_init_nomemset       
ffffffff  __binit__                     
UNDEFED   __mpu_init                    
20207e00  __stack                       
20200000  __start___llvm_prf_bits       
20200000  __start___llvm_prf_cnts       
20200000  __stop___llvm_prf_bits        
20200000  __stop___llvm_prf_cnts        
00000219  _c_int00_noargs               
UNDEFED   _system_post_cinit            
000002a3  _system_pre_init              
000002a7  abort                         
ffffffff  binit                         
00000000  interruptVectors              
0000013d  main                          


GLOBAL SYMBOLS: SORTED BY Symbol Address 

address   name                          
-------   ----                          
00000000  __TI_ATRegion0_region_sz      
00000000  __TI_ATRegion0_src_addr       
00000000  __TI_ATRegion0_trg_addr       
00000000  __TI_ATRegion1_region_sz      
00000000  __TI_ATRegion1_src_addr       
00000000  __TI_ATRegion1_trg_addr       
00000000  __TI_ATRegion2_region_sz      
00000000  __TI_ATRegion2_src_addr       
00000000  __TI_ATRegion2_trg_addr       
00000000  __TI_static_base__            
00000000  interruptVectors              
000000c1  LaunchPad_Init                
0000013d  main                          
00000179  __TI_auto_init_nobinit_nopinit
000001b5  ActivatePortA_B               
000001ed  Init                          
00000200  __STACK_SIZE                  
00000219  _c_int00_noargs               
00000241  ADC0_IRQHandler               
00000241  ADC1_IRQHandler               
00000241  AES_IRQHandler                
00000241  CANFD0_IRQHandler             
00000241  DAC0_IRQHandler               
00000241  DMA_IRQHandler                
00000241  Default_Handler               
00000241  GROUP0_IRQHandler             
00000241  GROUP1_IRQHandler             
00000241  I2C0_IRQHandler               
00000241  I2C1_IRQHandler               
00000241  NMI_Handler                   
00000241  PendSV_Handler                
00000241  RTC_IRQHandler                
00000241  SPI0_IRQHandler               
00000241  SPI1_IRQHandler               
00000241  SVC_Handler                   
00000241  SysTick_Handler               
00000241  TIMA0_IRQHandler              
00000241  TIMA1_IRQHandler              
00000241  TIMG0_IRQHandler              
00000241  TIMG12_IRQHandler             
00000241  TIMG6_IRQHandler              
00000241  TIMG7_IRQHandler              
00000241  TIMG8_IRQHandler              
00000241  UART0_IRQHandler              
00000241  UART1_IRQHandler              
00000241  UART2_IRQHandler              
00000241  UART3_IRQHandler              
0000025d  HardFault_Handler             
00000279  __TI_zero_init_nomemset       
0000028f  Delay                         
0000029f  Reset_Handler                 
000002a3  _system_pre_init              
000002a6  C$$EXIT                       
000002a7  abort                         
000002b8  __TI_Handler_Table_Base       
000002bc  __TI_CINIT_Base               
000002bc  __TI_Handler_Table_Limit      
000002c4  __TI_CINIT_Limit              
000002c4  __TI_CINIT_Warm               
20200000  Input                         
20200000  __start___llvm_prf_bits       
20200000  __start___llvm_prf_cnts       
20200000  __stop___llvm_prf_bits        
20200000  __stop___llvm_prf_cnts        
20200004  Output                        
20207e00  __stack                       
20208000  __STACK_END                   
ffffffff  __TI_pprof_out_hndl           
ffffffff  __TI_prof_data_size           
ffffffff  __TI_prof_data_start          
ffffffff  __binit__                     
ffffffff  binit                         
UNDEFED   __mpu_init                    
UNDEFED   _system_post_cinit            

[74 symbols]
