******************************************************************************
            TI ARM Clang Linker Unix v4.0.1                    
******************************************************************************
>> Linked Thu Jan 23 13:44:42 2025

OUTPUT FILE NAME:   <TimerPeriodicInt.out>
ENTRY POINT SYMBOL: "_c_int00_noargs"  address: 00000575


MEMORY CONFIGURATION

         name            origin    length      used     unused   attr    fill
----------------------  --------  ---------  --------  --------  ----  --------
  FLASH                 00000000   00020000  00000678  0001f988  R  X
  SRAM                  20200000   00008000  00000208  00007df8  RW X
  BCR_CONFIG            41c00000   00000080  00000000  00000080  R   
  BSL_CONFIG            41c00100   00000080  00000000  00000080  R   


SEGMENT ALLOCATION MAP

run origin  load origin   length   init length attrs members
----------  ----------- ---------- ----------- ----- -------
00000000    00000000    00000678   00000678    r-x
  00000000    00000000    000000c0   000000c0    r-- .intvecs
  000000c0    000000c0    00000588   00000588    r-x .text
  00000648    00000648    00000030   00000030    r-- .cinit
20200000    20200000    00000008   00000000    rw-
  20200000    20200000    00000004   00000000    rw- .bss
  20200004    20200004    00000004   00000000    rw- .data
20207e00    20207e00    00000200   00000000    rw-
  20207e00    20207e00    00000200   00000000    rw- .stack


SECTION ALLOCATION MAP

 output                                  attributes/
section   page    origin      length       input sections
--------  ----  ----------  ----------   ----------------
.intvecs   0    00000000    000000c0     
                  00000000    000000c0     startup_mspm0g3507_ticlang.o (.intvecs)

.text      0    000000c0    00000588     
                  000000c0    00000134     Clock.o (.text.Clock_Init40MHz)
                  000001f4    000000a4     Timer.o (.text.TimerG0_IntArm)
                  00000298    0000007c     LaunchPad.o (.text.LaunchPad_Init)
                  00000314    0000007c     libc.a : copy_decompress_lzss.c.obj (.text:decompress:lzss)
                  00000390    0000003c     TimerPeriodicIntmain.o (.text.main)
                  000003cc    0000003c     libc.a : autoinit.c.obj (.text:__TI_auto_init_nobinit_nopinit)
                  00000408    00000038     LaunchPad.o (.text.ActivatePortA_B)
                  00000440    0000002c     TimerPeriodicIntmain.o (.text.TIMA0_IRQHandler)
                  0000046c    0000002c     TimerPeriodicIntmain.o (.text.TIMA1_IRQHandler)
                  00000498    0000002c     TimerPeriodicIntmain.o (.text.TIMG0_IRQHandler)
                  000004c4    0000002c     TimerPeriodicIntmain.o (.text.TIMG12_IRQHandler)
                  000004f0    0000002c     TimerPeriodicIntmain.o (.text.TIMG6_IRQHandler)
                  0000051c    0000002c     TimerPeriodicIntmain.o (.text.TIMG7_IRQHandler)
                  00000548    0000002c     TimerPeriodicIntmain.o (.text.TIMG8_IRQHandler)
                  00000574    00000028     libc.a : boot_cortex_m.c.obj (.text:_c_int00_noargs)
                  0000059c    0000001c     startup_mspm0g3507_ticlang.o (.text.Default_Handler)
                  000005b8    0000001c     startup_mspm0g3507_ticlang.o (.text.HardFault_Handler)
                  000005d4    00000016     libc.a : copy_zero_init.c.obj (.text:decompress:ZI:__TI_zero_init_nomemset)
                  000005ea    00000012            : memcpy16.S.obj (.text:TI_memcpy_small)
                  000005fc    00000012            : copy_decompress_none.c.obj (.text:decompress:none)
                  0000060e    00000010     Clock.o (.text.Clock_Delay)
                  0000061e    00000010     LaunchPad.o (.text.Delay)
                  0000062e    00000002     --HOLE-- [fill = 0]
                  00000630    00000008     libclang_rt.builtins.a : aeabi_memcpy.S.obj (.text.__aeabi_memcpy)
                  00000638    00000004     startup_mspm0g3507_ticlang.o (.text.Reset_Handler)
                  0000063c    00000004     libc.a : pre_init.c.obj (.text._system_pre_init)
                  00000640    00000004            : exit.c.obj (.text:abort)
                  00000644    00000004     --HOLE-- [fill = 0]

.cinit     0    00000648    00000030     
                  00000648    0000000c     (__TI_handler_table)
                  00000654    00000008     (.cinit..bss.load) [load image, compression = zero_init]
                  0000065c    00000008     (.cinit..data.load) [load image, compression = lzss]
                  00000664    00000010     (__TI_cinit_table)
                  00000674    00000004     --HOLE-- [fill = 0]

.init_array 
*          0    00000000    00000000     UNINITIALIZED

.binit     0    00000000    00000000     

.bss       0    20200000    00000004     UNINITIALIZED
                  20200000    00000004     (.common:count)

.data      0    20200004    00000004     UNINITIALIZED
                  20200004    00000004     Clock.o (.data.BusFreq)

.stack     0    20207e00    00000200     UNINITIALIZED
                  20207e00    00000004     libc.a : boot_cortex_m.c.obj (.stack)
                  20207e04    000001fc     --HOLE--

__llvm_prf_cnts 
*          0    20200000    00000000     UNINITIALIZED

__llvm_prf_bits 
*          0    20200000    00000000     UNINITIALIZED

MODULE SUMMARY

       Module                         code   ro data   rw data
       ------                         ----   -------   -------
    ./
       TimerPeriodicIntmain.o         368    0         4      
       Clock.o                        324    0         4      
       LaunchPad.o                    196    0         0      
       Timer.o                        164    0         0      
    +--+------------------------------+------+---------+---------+
       Total:                         1052   0         8      
                                                              
    ./ticlang/
       startup_mspm0g3507_ticlang.o   60     192       0      
    +--+------------------------------+------+---------+---------+
       Total:                         60     192       0      
                                                              
    /Applications/ti/ccs2000/ccs/tools/compiler/ti-cgt-armllvm_4.0.1.LTS/lib/armv6m-ti-none-eabi/c/libc.a
       copy_decompress_lzss.c.obj     124    0         0      
       autoinit.c.obj                 60     0         0      
       boot_cortex_m.c.obj            40     0         0      
       copy_zero_init.c.obj           22     0         0      
       copy_decompress_none.c.obj     18     0         0      
       memcpy16.S.obj                 18     0         0      
       exit.c.obj                     4      0         0      
       pre_init.c.obj                 4      0         0      
    +--+------------------------------+------+---------+---------+
       Total:                         290    0         0      
                                                              
    /Applications/ti/ccs2000/ccs/tools/compiler/ti-cgt-armllvm_4.0.1.LTS/lib/armv6m-ti-none-eabi/libclang_rt.builtins.a
       aeabi_memcpy.S.obj             8      0         0      
    +--+------------------------------+------+---------+---------+
       Total:                         8      0         0      
                                                              
       Stack:                         0      0         512    
       Linker Generated:              0      44        0      
    +--+------------------------------+------+---------+---------+
       Grand Total:                   1410   236       520    


LINKER GENERATED COPY TABLES

__TI_cinit_table @ 00000664 records: 2, size/record: 8, table size: 16
	.bss: load addr=00000654, load size=00000008 bytes, run addr=20200000, run size=00000004 bytes, compression=zero_init
	.data: load addr=0000065c, load size=00000008 bytes, run addr=20200004, run size=00000004 bytes, compression=lzss


LINKER GENERATED HANDLER TABLE

__TI_handler_table @ 00000648 records: 3, size/record: 4, table size: 12
	index: 0, handler: __TI_decompress_lzss
	index: 1, handler: __TI_decompress_none
	index: 2, handler: __TI_zero_init


GLOBAL SYMBOLS: SORTED ALPHABETICALLY BY Name 

address   name                          
-------   ----                          
0000059d  ADC0_IRQHandler               
0000059d  ADC1_IRQHandler               
0000059d  AES_IRQHandler                
00000409  ActivatePortA_B               
20200004  BusFreq                       
00000640  C$$EXIT                       
0000059d  CANFD0_IRQHandler             
0000060f  Clock_Delay                   
000000c1  Clock_Init40MHz               
0000059d  DAC0_IRQHandler               
0000059d  DMA_IRQHandler                
0000059d  Default_Handler               
0000061f  Delay                         
0000059d  GROUP0_IRQHandler             
0000059d  GROUP1_IRQHandler             
000005b9  HardFault_Handler             
0000059d  I2C0_IRQHandler               
0000059d  I2C1_IRQHandler               
00000299  LaunchPad_Init                
0000059d  NMI_Handler                   
0000059d  PendSV_Handler                
0000059d  RTC_IRQHandler                
00000639  Reset_Handler                 
0000059d  SPI0_IRQHandler               
0000059d  SPI1_IRQHandler               
0000059d  SVC_Handler                   
0000059d  SysTick_Handler               
00000441  TIMA0_IRQHandler              
0000046d  TIMA1_IRQHandler              
00000499  TIMG0_IRQHandler              
000004c5  TIMG12_IRQHandler             
000004f1  TIMG6_IRQHandler              
0000051d  TIMG7_IRQHandler              
00000549  TIMG8_IRQHandler              
000005eb  TI_memcpy_small               
000001f5  TimerG0_IntArm                
0000059d  UART0_IRQHandler              
0000059d  UART1_IRQHandler              
0000059d  UART2_IRQHandler              
0000059d  UART3_IRQHandler              
20208000  __STACK_END                   
00000200  __STACK_SIZE                  
00000000  __TI_ATRegion0_region_sz      
00000000  __TI_ATRegion0_src_addr       
00000000  __TI_ATRegion0_trg_addr       
00000000  __TI_ATRegion1_region_sz      
00000000  __TI_ATRegion1_src_addr       
00000000  __TI_ATRegion1_trg_addr       
00000000  __TI_ATRegion2_region_sz      
00000000  __TI_ATRegion2_src_addr       
00000000  __TI_ATRegion2_trg_addr       
00000664  __TI_CINIT_Base               
00000674  __TI_CINIT_Limit              
00000674  __TI_CINIT_Warm               
00000648  __TI_Handler_Table_Base       
00000654  __TI_Handler_Table_Limit      
000003cd  __TI_auto_init_nobinit_nopinit
00000315  __TI_decompress_lzss          
000005fd  __TI_decompress_none          
ffffffff  __TI_pprof_out_hndl           
ffffffff  __TI_prof_data_size           
ffffffff  __TI_prof_data_start          
00000000  __TI_static_base__            
000005d5  __TI_zero_init_nomemset       
00000631  __aeabi_memcpy                
00000631  __aeabi_memcpy4               
00000631  __aeabi_memcpy8               
ffffffff  __binit__                     
UNDEFED   __mpu_init                    
20207e00  __stack                       
20200000  __start___llvm_prf_bits       
20200000  __start___llvm_prf_cnts       
20200000  __stop___llvm_prf_bits        
20200000  __stop___llvm_prf_cnts        
00000575  _c_int00_noargs               
UNDEFED   _system_post_cinit            
0000063d  _system_pre_init              
00000641  abort                         
ffffffff  binit                         
20200000  count                         
00000000  interruptVectors              
00000391  main                          


GLOBAL SYMBOLS: SORTED BY Symbol Address 

address   name                          
-------   ----                          
00000000  __TI_ATRegion0_region_sz      
00000000  __TI_ATRegion0_src_addr       
00000000  __TI_ATRegion0_trg_addr       
00000000  __TI_ATRegion1_region_sz      
00000000  __TI_ATRegion1_src_addr       
00000000  __TI_ATRegion1_trg_addr       
00000000  __TI_ATRegion2_region_sz      
00000000  __TI_ATRegion2_src_addr       
00000000  __TI_ATRegion2_trg_addr       
00000000  __TI_static_base__            
00000000  interruptVectors              
000000c1  Clock_Init40MHz               
000001f5  TimerG0_IntArm                
00000200  __STACK_SIZE                  
00000299  LaunchPad_Init                
00000315  __TI_decompress_lzss          
00000391  main                          
000003cd  __TI_auto_init_nobinit_nopinit
00000409  ActivatePortA_B               
00000441  TIMA0_IRQHandler              
0000046d  TIMA1_IRQHandler              
00000499  TIMG0_IRQHandler              
000004c5  TIMG12_IRQHandler             
000004f1  TIMG6_IRQHandler              
0000051d  TIMG7_IRQHandler              
00000549  TIMG8_IRQHandler              
00000575  _c_int00_noargs               
0000059d  ADC0_IRQHandler               
0000059d  ADC1_IRQHandler               
0000059d  AES_IRQHandler                
0000059d  CANFD0_IRQHandler             
0000059d  DAC0_IRQHandler               
0000059d  DMA_IRQHandler                
0000059d  Default_Handler               
0000059d  GROUP0_IRQHandler             
0000059d  GROUP1_IRQHandler             
0000059d  I2C0_IRQHandler               
0000059d  I2C1_IRQHandler               
0000059d  NMI_Handler                   
0000059d  PendSV_Handler                
0000059d  RTC_IRQHandler                
0000059d  SPI0_IRQHandler               
0000059d  SPI1_IRQHandler               
0000059d  SVC_Handler                   
0000059d  SysTick_Handler               
0000059d  UART0_IRQHandler              
0000059d  UART1_IRQHandler              
0000059d  UART2_IRQHandler              
0000059d  UART3_IRQHandler              
000005b9  HardFault_Handler             
000005d5  __TI_zero_init_nomemset       
000005eb  TI_memcpy_small               
000005fd  __TI_decompress_none          
0000060f  Clock_Delay                   
0000061f  Delay                         
00000631  __aeabi_memcpy                
00000631  __aeabi_memcpy4               
00000631  __aeabi_memcpy8               
00000639  Reset_Handler                 
0000063d  _system_pre_init              
00000640  C$$EXIT                       
00000641  abort                         
00000648  __TI_Handler_Table_Base       
00000654  __TI_Handler_Table_Limit      
00000664  __TI_CINIT_Base               
00000674  __TI_CINIT_Limit              
00000674  __TI_CINIT_Warm               
20200000  __start___llvm_prf_bits       
20200000  __start___llvm_prf_cnts       
20200000  __stop___llvm_prf_bits        
20200000  __stop___llvm_prf_cnts        
20200000  count                         
20200004  BusFreq                       
20207e00  __stack                       
20208000  __STACK_END                   
ffffffff  __TI_pprof_out_hndl           
ffffffff  __TI_prof_data_size           
ffffffff  __TI_prof_data_start          
ffffffff  __binit__                     
ffffffff  binit                         
UNDEFED   __mpu_init                    
UNDEFED   _system_post_cinit            

[82 symbols]
