******************************************************************************
            TI ARM Clang Linker Unix v4.0.1                    
******************************************************************************
>> Linked Thu Jan 23 13:44:44 2025

OUTPUT FILE NAME:   <TrafficLightFSMasm.out>
ENTRY POINT SYMBOL: "_c_int00_noargs"  address: 00000521


MEMORY CONFIGURATION

         name            origin    length      used     unused   attr    fill
----------------------  --------  ---------  --------  --------  ----  --------
  FLASH                 00000000   00020000  00000600  0001fa00  R  X
  SRAM                  20200000   00008000  00000204  00007dfc  RW X
  BCR_CONFIG            41c00000   00000080  00000000  00000080  R   
  BSL_CONFIG            41c00100   00000080  00000000  00000080  R   


SEGMENT ALLOCATION MAP

run origin  load origin   length   init length attrs members
----------  ----------- ---------- ----------- ----- -------
00000000    00000000    00000600   00000600    r-x
  00000000    00000000    000000c0   000000c0    r-- .intvecs
  000000c0    000000c0    00000528   00000528    r-x .text
  000005e8    000005e8    00000018   00000018    r-- .cinit
20200000    20200000    00000004   00000000    rw-
  20200000    20200000    00000004   00000000    rw- .data
20207e00    20207e00    00000200   00000000    rw-
  20207e00    20207e00    00000200   00000000    rw- .stack


SECTION ALLOCATION MAP

 output                                  attributes/
section   page    origin      length       input sections
--------  ----  ----------  ----------   ----------------
.intvecs   0    00000000    000000c0     
                  00000000    000000c0     startup_mspm0g3507_ticlang.o (.intvecs)

.text      0    000000c0    00000528     
                  000000c0    000001b4     Clock.o (.text.Clock_Init80MHz)
                  00000274    0000010c     TrafficLightFSM.o (.text)
                  00000380    0000007c     LaunchPad.o (.text.LaunchPad_Init)
                  000003fc    0000007c     libc.a : copy_decompress_lzss.c.obj (.text:decompress:lzss)
                  00000478    0000003c            : autoinit.c.obj (.text:__TI_auto_init_nobinit_nopinit)
                  000004b4    00000038     LaunchPad.o (.text.ActivatePortA_B)
                  000004ec    00000034     Clock.o (.text.SysTick_Wait)
                  00000520    00000028     libc.a : boot_cortex_m.c.obj (.text:_c_int00_noargs)
                  00000548    00000020     Clock.o (.text.SysTick_Init)
                  00000568    0000001c     startup_mspm0g3507_ticlang.o (.text.Default_Handler)
                  00000584    0000001c     startup_mspm0g3507_ticlang.o (.text.HardFault_Handler)
                  000005a0    00000012     libc.a : memcpy16.S.obj (.text:TI_memcpy_small)
                  000005b2    00000012            : copy_decompress_none.c.obj (.text:decompress:none)
                  000005c4    00000010     LaunchPad.o (.text.Delay)
                  000005d4    00000008     libclang_rt.builtins.a : aeabi_memcpy.S.obj (.text.__aeabi_memcpy)
                  000005dc    00000004     startup_mspm0g3507_ticlang.o (.text.Reset_Handler)
                  000005e0    00000004     libc.a : pre_init.c.obj (.text._system_pre_init)
                  000005e4    00000004            : exit.c.obj (.text:abort)

.cinit     0    000005e8    00000018     
                  000005e8    00000008     (.cinit..data.load) [load image, compression = lzss]
                  000005f0    00000008     (__TI_handler_table)
                  000005f8    00000008     (__TI_cinit_table)

.init_array 
*          0    00000000    00000000     UNINITIALIZED

.binit     0    00000000    00000000     

.data      0    20200000    00000004     UNINITIALIZED
                  20200000    00000004     Clock.o (.data.BusFreq)

.stack     0    20207e00    00000200     UNINITIALIZED
                  20207e00    00000004     libc.a : boot_cortex_m.c.obj (.stack)
                  20207e04    000001fc     --HOLE--

__llvm_prf_cnts 
*          0    20200000    00000000     UNINITIALIZED

__llvm_prf_bits 
*          0    20200000    00000000     UNINITIALIZED

MODULE SUMMARY

       Module                         code   ro data   rw data
       ------                         ----   -------   -------
    ./
       Clock.o                        520    0         4      
       TrafficLightFSM.o              268    0         0      
       LaunchPad.o                    196    0         0      
    +--+------------------------------+------+---------+---------+
       Total:                         984    0         4      
                                                              
    ./ticlang/
       startup_mspm0g3507_ticlang.o   60     192       0      
    +--+------------------------------+------+---------+---------+
       Total:                         60     192       0      
                                                              
    /Applications/ti/ccs2000/ccs/tools/compiler/ti-cgt-armllvm_4.0.1.LTS/lib/armv6m-ti-none-eabi/c/libc.a
       copy_decompress_lzss.c.obj     124    0         0      
       autoinit.c.obj                 60     0         0      
       boot_cortex_m.c.obj            40     0         0      
       copy_decompress_none.c.obj     18     0         0      
       memcpy16.S.obj                 18     0         0      
       exit.c.obj                     4      0         0      
       pre_init.c.obj                 4      0         0      
    +--+------------------------------+------+---------+---------+
       Total:                         268    0         0      
                                                              
    /Applications/ti/ccs2000/ccs/tools/compiler/ti-cgt-armllvm_4.0.1.LTS/lib/armv6m-ti-none-eabi/libclang_rt.builtins.a
       aeabi_memcpy.S.obj             8      0         0      
    +--+------------------------------+------+---------+---------+
       Total:                         8      0         0      
                                                              
       Stack:                         0      0         512    
       Linker Generated:              0      24        0      
    +--+------------------------------+------+---------+---------+
       Grand Total:                   1320   216       516    


LINKER GENERATED COPY TABLES

__TI_cinit_table @ 000005f8 records: 1, size/record: 8, table size: 8
	.data: load addr=000005e8, load size=00000008 bytes, run addr=20200000, run size=00000004 bytes, compression=lzss


LINKER GENERATED HANDLER TABLE

__TI_handler_table @ 000005f0 records: 2, size/record: 4, table size: 8
	index: 0, handler: __TI_decompress_lzss
	index: 1, handler: __TI_decompress_none


GLOBAL SYMBOLS: SORTED ALPHABETICALLY BY Name 

address   name                          
-------   ----                          
00000569  ADC0_IRQHandler               
00000569  ADC1_IRQHandler               
00000569  AES_IRQHandler                
000004b5  ActivatePortA_B               
20200000  BusFreq                       
000005e4  C$$EXIT                       
00000569  CANFD0_IRQHandler             
000000c1  Clock_Init80MHz               
00000569  DAC0_IRQHandler               
00000569  DMA_IRQHandler                
00000569  Default_Handler               
000005c5  Delay                         
00000569  GROUP0_IRQHandler             
00000569  GROUP1_IRQHandler             
00000585  HardFault_Handler             
00000569  I2C0_IRQHandler               
00000569  I2C1_IRQHandler               
00000381  LaunchPad_Init                
00000569  NMI_Handler                   
00000569  PendSV_Handler                
00000569  RTC_IRQHandler                
000005dd  Reset_Handler                 
00000569  SPI0_IRQHandler               
00000569  SPI1_IRQHandler               
00000569  SVC_Handler                   
00000569  SysTick_Handler               
00000549  SysTick_Init                  
000004ed  SysTick_Wait                  
00000569  TIMA0_IRQHandler              
00000569  TIMA1_IRQHandler              
00000569  TIMG0_IRQHandler              
00000569  TIMG12_IRQHandler             
00000569  TIMG6_IRQHandler              
00000569  TIMG7_IRQHandler              
00000569  TIMG8_IRQHandler              
000005a1  TI_memcpy_small               
00000569  UART0_IRQHandler              
00000569  UART1_IRQHandler              
00000569  UART2_IRQHandler              
00000569  UART3_IRQHandler              
20208000  __STACK_END                   
00000200  __STACK_SIZE                  
00000000  __TI_ATRegion0_region_sz      
00000000  __TI_ATRegion0_src_addr       
00000000  __TI_ATRegion0_trg_addr       
00000000  __TI_ATRegion1_region_sz      
00000000  __TI_ATRegion1_src_addr       
00000000  __TI_ATRegion1_trg_addr       
00000000  __TI_ATRegion2_region_sz      
00000000  __TI_ATRegion2_src_addr       
00000000  __TI_ATRegion2_trg_addr       
000005f8  __TI_CINIT_Base               
00000600  __TI_CINIT_Limit              
00000600  __TI_CINIT_Warm               
000005f0  __TI_Handler_Table_Base       
000005f8  __TI_Handler_Table_Limit      
00000479  __TI_auto_init_nobinit_nopinit
000003fd  __TI_decompress_lzss          
000005b3  __TI_decompress_none          
ffffffff  __TI_pprof_out_hndl           
ffffffff  __TI_prof_data_size           
ffffffff  __TI_prof_data_start          
00000000  __TI_static_base__            
000005d5  __aeabi_memcpy                
000005d5  __aeabi_memcpy4               
000005d5  __aeabi_memcpy8               
ffffffff  __binit__                     
UNDEFED   __mpu_init                    
20207e00  __stack                       
20200000  __start___llvm_prf_bits       
20200000  __start___llvm_prf_cnts       
20200000  __stop___llvm_prf_bits        
20200000  __stop___llvm_prf_cnts        
00000521  _c_int00_noargs               
UNDEFED   _system_post_cinit            
000005e1  _system_pre_init              
000005e5  abort                         
ffffffff  binit                         
00000000  interruptVectors              
000002b4  main                          


GLOBAL SYMBOLS: SORTED BY Symbol Address 

address   name                          
-------   ----                          
00000000  __TI_ATRegion0_region_sz      
00000000  __TI_ATRegion0_src_addr       
00000000  __TI_ATRegion0_trg_addr       
00000000  __TI_ATRegion1_region_sz      
00000000  __TI_ATRegion1_src_addr       
00000000  __TI_ATRegion1_trg_addr       
00000000  __TI_ATRegion2_region_sz      
00000000  __TI_ATRegion2_src_addr       
00000000  __TI_ATRegion2_trg_addr       
00000000  __TI_static_base__            
00000000  interruptVectors              
000000c1  Clock_Init80MHz               
00000200  __STACK_SIZE                  
000002b4  main                          
00000381  LaunchPad_Init                
000003fd  __TI_decompress_lzss          
00000479  __TI_auto_init_nobinit_nopinit
000004b5  ActivatePortA_B               
000004ed  SysTick_Wait                  
00000521  _c_int00_noargs               
00000549  SysTick_Init                  
00000569  ADC0_IRQHandler               
00000569  ADC1_IRQHandler               
00000569  AES_IRQHandler                
00000569  CANFD0_IRQHandler             
00000569  DAC0_IRQHandler               
00000569  DMA_IRQHandler                
00000569  Default_Handler               
00000569  GROUP0_IRQHandler             
00000569  GROUP1_IRQHandler             
00000569  I2C0_IRQHandler               
00000569  I2C1_IRQHandler               
00000569  NMI_Handler                   
00000569  PendSV_Handler                
00000569  RTC_IRQHandler                
00000569  SPI0_IRQHandler               
00000569  SPI1_IRQHandler               
00000569  SVC_Handler                   
00000569  SysTick_Handler               
00000569  TIMA0_IRQHandler              
00000569  TIMA1_IRQHandler              
00000569  TIMG0_IRQHandler              
00000569  TIMG12_IRQHandler             
00000569  TIMG6_IRQHandler              
00000569  TIMG7_IRQHandler              
00000569  TIMG8_IRQHandler              
00000569  UART0_IRQHandler              
00000569  UART1_IRQHandler              
00000569  UART2_IRQHandler              
00000569  UART3_IRQHandler              
00000585  HardFault_Handler             
000005a1  TI_memcpy_small               
000005b3  __TI_decompress_none          
000005c5  Delay                         
000005d5  __aeabi_memcpy                
000005d5  __aeabi_memcpy4               
000005d5  __aeabi_memcpy8               
000005dd  Reset_Handler                 
000005e1  _system_pre_init              
000005e4  C$$EXIT                       
000005e5  abort                         
000005f0  __TI_Handler_Table_Base       
000005f8  __TI_CINIT_Base               
000005f8  __TI_Handler_Table_Limit      
00000600  __TI_CINIT_Limit              
00000600  __TI_CINIT_Warm               
20200000  BusFreq                       
20200000  __start___llvm_prf_bits       
20200000  __start___llvm_prf_cnts       
20200000  __stop___llvm_prf_bits        
20200000  __stop___llvm_prf_cnts        
20207e00  __stack                       
20208000  __STACK_END                   
ffffffff  __TI_pprof_out_hndl           
ffffffff  __TI_prof_data_size           
ffffffff  __TI_prof_data_start          
ffffffff  __binit__                     
ffffffff  binit                         
UNDEFED   __mpu_init                    
UNDEFED   _system_post_cinit            

[80 symbols]
