******************************************************************************
            TI ARM Clang Linker Unix v4.0.1                    
******************************************************************************
>> Linked Thu Jan 23 13:44:45 2025

OUTPUT FILE NAME:   <UART_ints.out>
ENTRY POINT SYMBOL: "_c_int00_noargs"  address: 0000223d


MEMORY CONFIGURATION

         name            origin    length      used     unused   attr    fill
----------------------  --------  ---------  --------  --------  ----  --------
  FLASH                 00000000   00020000  00002760  0001d8a0  R  X
  SRAM                  20200000   00008000  00000811  000077ef  RW X
  BCR_CONFIG            41c00000   00000080  00000000  00000080  R   
  BSL_CONFIG            41c00100   00000080  00000000  00000080  R   


SEGMENT ALLOCATION MAP

run origin  load origin   length   init length attrs members
----------  ----------- ---------- ----------- ----- -------
00000000    00000000    00002760   00002760    r-x
  00000000    00000000    000000c0   000000c0    r-- .intvecs
  000000c0    000000c0    00002470   00002470    r-x .text
  00002530    00002530    000001a0   000001a0    r-- .rodata
  000026d0    000026d0    00000090   00000090    r-- .cinit
20200000    20200000    00000615   00000000    rw-
  20200000    20200000    00000234   00000000    rw- .bss
  20200238    20200238    00000200   00000000    rw- .sysmem
  20200438    20200438    000001dd   00000000    rw- .data
20207e00    20207e00    00000200   00000000    rw-
  20207e00    20207e00    00000200   00000000    rw- .stack


SECTION ALLOCATION MAP

 output                                  attributes/
section   page    origin      length       input sections
--------  ----  ----------  ----------   ----------------
.intvecs   0    00000000    000000c0     
                  00000000    000000c0     startup_mspm0g3507_ticlang.o (.intvecs)

.text      0    000000c0    00002470     
                  000000c0    00000868     libc.a : _printfi.c.obj (.text:__TI_printfi_nofloat)
                  00000928    00000154            : fopen.c.obj (.text._openfile)
                  00000a7c    00000134     Clock.o (.text.Clock_Init40MHz)
                  00000bb0    00000130     UARTints.o (.text.UART_Init)
                  00000ce0    00000114     libc.a : memory.c.obj (.text.aligned_alloc)
                  00000df4    000000f8            : fputs.c.obj (.text.fputs)
                  00000eec    000000ec     libsysbm.a : add_device.c.obj (.text.add_device)
                  00000fd8    000000e8     libc.a : memory.c.obj (.text.free)
                  000010c0    000000e0            : setvbuf.c.obj (.text.setvbuf)
                  000011a0    000000a2     libclang_rt.builtins.a : udivmoddi4.S.obj (.text)
                  00001242    00000002                            : aeabi_div0.c.obj (.text.__aeabi_idiv0)
                  00001244    000000a0     libsysbm.a : open.c.obj (.text.open)
                  000012e4    0000009c     libc.a : fputc.c.obj (.text.fputc)
                  00001380    00000094     UART.o (.text.UART_InitPrintf)
                  00001414    0000008e     UART.o (.text.UART_InUDec)
                  000014a2    0000000e     libc.a : memory.c.obj (.text.OUTLINED_FUNCTION_0)
                  000014b0    00000088            : strcmp-armv6m.S.obj (.text:strcmp)
                  00001538    0000007c     LaunchPad.o (.text.LaunchPad_Init)
                  000015b4    0000007c     libc.a : fclose.c.obj (.text.__TI_closefile)
                  00001630    0000007c            : copy_decompress_lzss.c.obj (.text:decompress:lzss)
                  000016ac    0000006c     libsysbm.a : hostlseek.c.obj (.text.HOSTlseek)
                  00001718    0000006c                : hostrename.c.obj (.text.HOSTrename)
                  00001784    0000006c     libc.a : fseek.c.obj (.text.fseeko)
                  000017f0    0000006c            : getdevice.c.obj (.text.getdevice)
                  0000185c    00000064            : _io_perm.c.obj (.text.__TI_wrt_ok)
                  000018c0    00000064            : memory.c.obj (.text.split)
                  00001924    00000060     libsysbm.a : hostopen.c.obj (.text.HOSTopen)
                  00001984    0000005c     UARTints.o (.text.UART0_IRQHandler)
                  000019e0    0000005c     libc.a : printf.c.obj (.text.printf)
                  00001a3c    00000058     libsysbm.a : hostread.c.obj (.text.HOSTread)
                  00001a94    00000058                : hostwrite.c.obj (.text.HOSTwrite)
                  00001aec    00000058     UARTints.o (.text.copyHardwareToSoftware)
                  00001b44    00000058     UARTintsTestmain.o (.text.main)
                  00001b9c    00000052     libc.a : fflush.c.obj (.text.__TI_doflush)
                  00001bee    00000002     libclang_rt.builtins.a : aeabi_div0.c.obj (.text.__aeabi_ldiv0)
                  00001bf0    00000050     libsysbm.a : close.c.obj (.text.close)
                  00001c40    0000004c     FIFO.o (.text.RxFifo_Get)
                  00001c8c    0000004c     FIFO.o (.text.RxFifo_Put)
                  00001cd8    0000004c     FIFO.o (.text.TxFifo_Get)
                  00001d24    0000004c     FIFO.o (.text.TxFifo_Put)
                  00001d70    0000004c     UARTints.o (.text.copySoftwareToHardware)
                  00001dbc    00000048     libsysbm.a : hostclose.c.obj (.text.HOSTclose)
                  00001e04    00000048                : hostunlink.c.obj (.text.HOSTunlink)
                  00001e4c    00000040     UARTints.o (.text.UART_OutChar)
                  00001e8c    00000040     libclang_rt.builtins.a : aeabi_uidivmod.S.obj (.text.__aeabi_uidivmod)
                  00001ecc    00000040     libc.a : fopen.c.obj (.text._search_fp)
                  00001f0c    00000040            : atoi.c.obj (.text.atoi)
                  00001f4c    0000003c            : autoinit.c.obj (.text:__TI_auto_init_nobinit_nopinit)
                  00001f88    0000003a     libclang_rt.builtins.a : muldsi3.S.obj (.text.__muldsi3)
                  00001fc2    00000002     libc.a : _lock.c.obj (.text._nop)
                  00001fc4    00000038     LaunchPad.o (.text.ActivatePortA_B)
                  00001ffc    00000034     libc.a : fopen.c.obj (.text.__TI_cleanup)
                  00002030    00000034     libsysbm.a : trgmsg.c.obj (.text.__TI_readmsg)
                  00002064    00000034                : trgmsg.c.obj (.text.__TI_writemsg)
                  00002098    00000034     libc.a : exit.c.obj (.text.exit)
                  000020cc    00000034            : getdevice.c.obj (.text.finddevice)
                  00002100    00000034            : fopen.c.obj (.text.freopen)
                  00002134    00000034     UART.o (.text.uart_write)
                  00002168    00000030     libc.a : fopen.c.obj (.text.fopen)
                  00002198    0000002c     libsysbm.a : unlink.c.obj (.text.unlink)
                  000021c4    00000028     libc.a : memory.c.obj (.text.free_list_insert)
                  000021ec    00000028     libsysbm.a : lseek.c.obj (.text.lseek)
                  00002214    00000028                : write.c.obj (.text.write)
                  0000223c    00000028     libc.a : boot_cortex_m.c.obj (.text:_c_int00_noargs)
                  00002264    00000026     UART.o (.text.uart_read)
                  0000228a    00000002     --HOLE-- [fill = 0]
                  0000228c    00000024     libclang_rt.builtins.a : muldi3.S.obj (.text.__muldi3)
                  000022b0    00000022     UARTints.o (.text.UART_InChar)
                  000022d2    00000022     libc.a : memccpy.c.obj (.text.memccpy)
                  000022f4    0000001e     libclang_rt.builtins.a : ashldi3.S.obj (.text.__ashldi3)
                  00002312    00000002     --HOLE-- [fill = 0]
                  00002314    0000001c     startup_mspm0g3507_ticlang.o (.text.Default_Handler)
                  00002330    0000001c     startup_mspm0g3507_ticlang.o (.text.HardFault_Handler)
                  0000234c    0000001c     libc.a : memory.c.obj (.text.free_list_remove)
                  00002368    00000018     FIFO.o (.text.RxFifo_Size)
                  00002380    00000018     FIFO.o (.text.TxFifo_Size)
                  00002398    00000016     libc.a : copy_zero_init.c.obj (.text:decompress:ZI:__TI_zero_init_nomemset)
                  000023ae    00000002     --HOLE-- [fill = 0]
                  000023b0    00000014     FIFO.o (.text.RxFifo_Init)
                  000023c4    00000014     FIFO.o (.text.TxFifo_Init)
                  000023d8    00000014     libclang_rt.builtins.a : aeabi_uldivmod.S.obj (.text.__aeabi_uldivmod)
                  000023ec    00000014     UART.o (.text.uart_open)
                  00002400    00000012     libc.a : memcpy16.S.obj (.text:TI_memcpy_small)
                  00002412    00000012            : copy_decompress_none.c.obj (.text:decompress:none)
                  00002424    00000010     Clock.o (.text.Clock_Delay)
                  00002434    00000010     LaunchPad.o (.text.Delay)
                  00002444    00000010     libc.a : wcslen.c.obj (.text.wcslen)
                  00002454    0000000e     libclang_rt.builtins.a : aeabi_memset.S.obj (.text.__aeabi_memset)
                  00002462    0000000e     libsysbm.a : hostrename.c.obj (.text.strcpy)
                  00002470    0000000e     libc.a : _printfi.c.obj (.text.strlen)
                  0000247e    0000000e     libsysbm.a : hostrename.c.obj (.text.strlen)
                  0000248c    0000000e     UART.o (.text.uart_lseek)
                  0000249a    0000000e     libc.a : memset16.S.obj (.text:TI_memset_small)
                  000024a8    0000000c     Clock.o (.text.Clock_Freq)
                  000024b4    0000000c     libclang_rt.builtins.a : aeabi_memset.S.obj (.text.__aeabi_memclr)
                  000024c0    0000000c     libc.a : memory.c.obj (.text.malloc)
                  000024cc    0000000c     UART.o (.text.uart_rename)
                  000024d8    0000000a     UART.o (.text.uart_close)
                  000024e2    0000000a     UART.o (.text.uart_unlink)
                  000024ec    00000008     libc.a : aeabi_portable.c.obj (.text.__aeabi_errno_addr)
                  000024f4    00000008     libclang_rt.builtins.a : aeabi_memcpy.S.obj (.text.__aeabi_memcpy)
                  000024fc    00000008     libc.a : printf.c.obj (.text._outc)
                  00002504    00000008            : printf.c.obj (.text._outs)
                  0000250c    00000008            : fseek.c.obj (.text.fseek)
                  00002514    00000008     libsysbm.a : remove.c.obj (.text.remove)
                  0000251c    00000004     startup_mspm0g3507_ticlang.o (.text.Reset_Handler)
                  00002520    00000004     libc.a : pre_init.c.obj (.text._system_pre_init)
                  00002524    00000004            : exit.c.obj (.text:abort)
                  00002528    00000008     --HOLE-- [fill = 0]

.cinit     0    000026d0    00000090     
                  000026d0    00000068     (.cinit..data.load) [load image, compression = lzss]
                  00002738    0000000c     (__TI_handler_table)
                  00002744    00000008     (.cinit..bss.load) [load image, compression = zero_init]
                  0000274c    00000010     (__TI_cinit_table)
                  0000275c    00000004     --HOLE-- [fill = 0]

.rodata    0    00002530    000001a0     
                  00002530    00000101     libc.a : aeabi_ctype.S.obj (.rodata:__aeabi_ctype_table_)
                  00002631    00000039     UARTintsTestmain.o (.rodata.str1.150090799376123501881)
                  0000266a    00000021     UARTintsTestmain.o (.rodata.str1.17321296579030194931)
                  0000268b    00000011     libc.a : _printfi.c.obj (.rodata.str1.103488685894817597201)
                  0000269c    00000011            : _printfi.c.obj (.rodata.str1.153638888446227384661)
                  000026ad    00000011     UARTintsTestmain.o (.rodata.str1.36611827487911654311)
                  000026be    00000006     UART.o (.rodata.str1.21568822358977361881)
                  000026c4    00000005     UART.o (.rodata.str1.89896698754139231731)
                  000026c9    00000002     UART.o (.rodata.str1.89113112096950938821)
                  000026cb    00000005     --HOLE-- [fill = 0]

.init_array 
*          0    00000000    00000000     UNINITIALIZED

.binit     0    00000000    00000000     

.bss       0    20200000    00000234     UNINITIALIZED
                  20200000    00000120     libsysbm.a : trgmsg.c.obj (.bss:_CIOBUF_)
                  20200120    000000a0     libc.a : defs.c.obj (.bss.__TI_tmpnams)
                  202001c0    00000040     FIFO.o (.bss.TxFifo)
                  20200200    00000010     FIFO.o (.bss.RxFifo)
                  20200210    00000008     libsysbm.a : hostopen.c.obj (.bss.parmbuf)
                  20200218    00000004     libc.a : memory.c.obj (.bss.sys_free)
                  2020021c    00000004     (.common:RxGetI)
                  20200220    00000004     (.common:RxPutI)
                  20200224    00000004     (.common:TxGetI)
                  20200228    00000004     (.common:TxPutI)
                  2020022c    00000004     (.common:area)
                  20200230    00000004     (.common:side)

.sysmem    0    20200238    00000200     UNINITIALIZED
                  20200238    00000010     libc.a : memory.c.obj (.sysmem)
                  20200248    000001f0     --HOLE--

.data      0    20200438    000001dd     UNINITIALIZED
                  20200438    000000f0     libc.a : defs.c.obj (.data._ftable)
                  20200528    00000078     libsysbm.a : host_device.c.obj (.data._device)
                  202005a0    00000050                : host_device.c.obj (.data._stream)
                  202005f0    00000008     libc.a : exit.c.obj (.data..L_MergedGlobals)
                  202005f8    00000004     Clock.o (.data.BusFreq)
                  202005fc    00000004     libc.a : defs.c.obj (.data.__TI_ft_end)
                  20200600    00000004            : aeabi_portable.c.obj (.data.__aeabi_errno)
                  20200604    00000004            : _lock.c.obj (.data._lock)
                  20200608    00000004            : _lock.c.obj (.data._unlock)
                  2020060c    00000001     libsysbm.a : add_device.c.obj (.data.add_device.device_init)
                  2020060d    00000003     --HOLE--
                  20200610    00000001     libc.a : memory.c.obj (.data.memory_is_initialized)
                  20200611    00000003     --HOLE--
                  20200614    00000001     libsysbm.a : open.c.obj (.data.open.stream_init)

.stack     0    20207e00    00000200     UNINITIALIZED
                  20207e00    00000004     libc.a : boot_cortex_m.c.obj (.stack)
                  20207e04    000001fc     --HOLE--

__llvm_prf_cnts 
*          0    20200000    00000000     UNINITIALIZED

__llvm_prf_bits 
*          0    20200000    00000000     UNINITIALIZED

MODULE SUMMARY

       Module                         code   ro data   rw data
       ------                         ----   -------   -------
    ./
       UARTints.o                     658    0         0      
       FIFO.o                         392    0         96     
       UART.o                         446    13        0      
       Clock.o                        336    0         4      
       UARTintsTestmain.o             88     107       8      
       LaunchPad.o                    196    0         0      
    +--+------------------------------+------+---------+---------+
       Total:                         2116   120       108    
                                                              
    ./ticlang/
       startup_mspm0g3507_ticlang.o   60     192       0      
    +--+------------------------------+------+---------+---------+
       Total:                         60     192       0      
                                                              
    /Applications/ti/ccs2000/ccs/tools/compiler/ti-cgt-armllvm_4.0.1.LTS/lib/armv6m-ti-none-eabi/c/libc.a
       _printfi.c.obj                 2166   34        0      
       memory.c.obj                   702    0         5      
       fopen.c.obj                    556    0         0      
       defs.c.obj                     0      0         404    
       aeabi_ctype.S.obj              0      257       0      
       fputs.c.obj                    248    0         0      
       setvbuf.c.obj                  224    0         0      
       getdevice.c.obj                160    0         0      
       fputc.c.obj                    156    0         0      
       strcmp-armv6m.S.obj            136    0         0      
       copy_decompress_lzss.c.obj     124    0         0      
       fclose.c.obj                   124    0         0      
       fseek.c.obj                    116    0         0      
       printf.c.obj                   108    0         0      
       _io_perm.c.obj                 100    0         0      
       fflush.c.obj                   82     0         0      
       atoi.c.obj                     64     0         0      
       exit.c.obj                     56     0         8      
       autoinit.c.obj                 60     0         0      
       boot_cortex_m.c.obj            40     0         0      
       memccpy.c.obj                  34     0         0      
       copy_zero_init.c.obj           22     0         0      
       copy_decompress_none.c.obj     18     0         0      
       memcpy16.S.obj                 18     0         0      
       wcslen.c.obj                   16     0         0      
       memset16.S.obj                 14     0         0      
       aeabi_portable.c.obj           8      0         4      
       _lock.c.obj                    2      0         8      
       pre_init.c.obj                 4      0         0      
    +--+------------------------------+------+---------+---------+
       Total:                         5358   291       429    
                                                              
    /Applications/ti/ccs2000/ccs/tools/compiler/ti-cgt-armllvm_4.0.1.LTS/lib/armv6m-ti-none-eabi/c/libsysbm.a
       trgmsg.c.obj                   104    0         288    
       add_device.c.obj               236    0         1      
       host_device.c.obj              0      0         200    
       open.c.obj                     160    0         1      
       hostrename.c.obj               136    0         0      
       hostlseek.c.obj                108    0         0      
       hostopen.c.obj                 96     0         8      
       hostread.c.obj                 88     0         0      
       hostwrite.c.obj                88     0         0      
       close.c.obj                    80     0         0      
       hostclose.c.obj                72     0         0      
       hostunlink.c.obj               72     0         0      
       unlink.c.obj                   44     0         0      
       lseek.c.obj                    40     0         0      
       write.c.obj                    40     0         0      
       remove.c.obj                   8      0         0      
    +--+------------------------------+------+---------+---------+
       Total:                         1372   0         498    
                                                              
    /Applications/ti/ccs2000/ccs/tools/compiler/ti-cgt-armllvm_4.0.1.LTS/lib/armv6m-ti-none-eabi/libclang_rt.builtins.a
       udivmoddi4.S.obj               162    0         0      
       aeabi_uidivmod.S.obj           64     0         0      
       muldsi3.S.obj                  58     0         0      
       muldi3.S.obj                   36     0         0      
       ashldi3.S.obj                  30     0         0      
       aeabi_memset.S.obj             26     0         0      
       aeabi_uldivmod.S.obj           20     0         0      
       aeabi_memcpy.S.obj             8      0         0      
       aeabi_div0.c.obj               4      0         0      
    +--+------------------------------+------+---------+---------+
       Total:                         408    0         0      
                                                              
       Heap:                          0      0         512    
       Stack:                         0      0         512    
       Linker Generated:              0      140       0      
    +--+------------------------------+------+---------+---------+
       Grand Total:                   9314   743       2059   


LINKER GENERATED COPY TABLES

__TI_cinit_table @ 0000274c records: 2, size/record: 8, table size: 16
	.data: load addr=000026d0, load size=00000068 bytes, run addr=20200438, run size=000001dd bytes, compression=lzss
	.bss: load addr=00002744, load size=00000008 bytes, run addr=20200000, run size=00000234 bytes, compression=zero_init


LINKER GENERATED HANDLER TABLE

__TI_handler_table @ 00002738 records: 3, size/record: 4, table size: 12
	index: 0, handler: __TI_decompress_lzss
	index: 1, handler: __TI_decompress_none
	index: 2, handler: __TI_zero_init


GLOBAL SYMBOLS: SORTED ALPHABETICALLY BY Name 

address   name                          
-------   ----                          
00002315  ADC0_IRQHandler               
00002315  ADC1_IRQHandler               
00002315  AES_IRQHandler                
00001fc5  ActivatePortA_B               
202005f8  BusFreq                       
00002524  C$$EXIT                       
00002091  C$$IO$$                       
00002315  CANFD0_IRQHandler             
00002425  Clock_Delay                   
000024a9  Clock_Freq                    
00000a7d  Clock_Init40MHz               
00002315  DAC0_IRQHandler               
00002315  DMA_IRQHandler                
00002315  Default_Handler               
00002435  Delay                         
00002315  GROUP0_IRQHandler             
00002315  GROUP1_IRQHandler             
00001dbd  HOSTclose                     
000016ad  HOSTlseek                     
00001925  HOSTopen                      
00001a3d  HOSTread                      
00001719  HOSTrename                    
00001e05  HOSTunlink                    
00001a95  HOSTwrite                     
00002331  HardFault_Handler             
00002315  I2C0_IRQHandler               
00002315  I2C1_IRQHandler               
00001539  LaunchPad_Init                
00002315  NMI_Handler                   
00002315  PendSV_Handler                
00002315  RTC_IRQHandler                
0000251d  Reset_Handler                 
00001c41  RxFifo_Get                    
000023b1  RxFifo_Init                   
00001c8d  RxFifo_Put                    
00002369  RxFifo_Size                   
2020021c  RxGetI                        
20200220  RxPutI                        
00002315  SPI0_IRQHandler               
00002315  SPI1_IRQHandler               
00002315  SVC_Handler                   
00002315  SysTick_Handler               
00002315  TIMA0_IRQHandler              
00002315  TIMA1_IRQHandler              
00002315  TIMG0_IRQHandler              
00002315  TIMG12_IRQHandler             
00002315  TIMG6_IRQHandler              
00002315  TIMG7_IRQHandler              
00002315  TIMG8_IRQHandler              
00002401  TI_memcpy_small               
0000249b  TI_memset_small               
00001cd9  TxFifo_Get                    
000023c5  TxFifo_Init                   
00001d25  TxFifo_Put                    
00002381  TxFifo_Size                   
20200224  TxGetI                        
20200228  TxPutI                        
00001985  UART0_IRQHandler              
00002315  UART1_IRQHandler              
00002315  UART2_IRQHandler              
00002315  UART3_IRQHandler              
000022b1  UART_InChar                   
00001415  UART_InUDec                   
00000bb1  UART_Init                     
00001381  UART_InitPrintf               
00001e4d  UART_OutChar                  
20200000  _CIOBUF_                      
20200000  __CIOBUF_                     
20208000  __STACK_END                   
00000200  __STACK_SIZE                  
00000200  __SYSMEM_SIZE                 
00000000  __TI_ATRegion0_region_sz      
00000000  __TI_ATRegion0_src_addr       
00000000  __TI_ATRegion0_trg_addr       
00000000  __TI_ATRegion1_region_sz      
00000000  __TI_ATRegion1_src_addr       
00000000  __TI_ATRegion1_trg_addr       
00000000  __TI_ATRegion2_region_sz      
00000000  __TI_ATRegion2_src_addr       
00000000  __TI_ATRegion2_trg_addr       
0000274c  __TI_CINIT_Base               
0000275c  __TI_CINIT_Limit              
0000275c  __TI_CINIT_Warm               
00002738  __TI_Handler_Table_Base       
00002744  __TI_Handler_Table_Limit      
00001f4d  __TI_auto_init_nobinit_nopinit
00001ffd  __TI_cleanup                  
202005f0  __TI_cleanup_ptr              
000015b5  __TI_closefile                
00001631  __TI_decompress_lzss          
00002413  __TI_decompress_none          
00001b9d  __TI_doflush                  
202005f4  __TI_dtors_ptr                
202005fc  __TI_ft_end                   
ffffffff  __TI_pprof_out_hndl           
000000c1  __TI_printfi_nofloat          
ffffffff  __TI_prof_data_size           
ffffffff  __TI_prof_data_start          
00002031  __TI_readmsg                  
00000000  __TI_static_base__            
20200120  __TI_tmpnams                  
00002065  __TI_writemsg                 
0000185d  __TI_wrt_ok                   
00002399  __TI_zero_init_nomemset       
00002530  __aeabi_ctype_table_          
00002530  __aeabi_ctype_table_C         
20200600  __aeabi_errno                 
000024ed  __aeabi_errno_addr            
00001243  __aeabi_idiv0                 
00001bef  __aeabi_ldiv0                 
000022f5  __aeabi_llsl                  
0000228d  __aeabi_lmul                  
000024b5  __aeabi_memclr                
000024b5  __aeabi_memclr4               
000024b5  __aeabi_memclr8               
000024f5  __aeabi_memcpy                
000024f5  __aeabi_memcpy4               
000024f5  __aeabi_memcpy8               
00002455  __aeabi_memset                
00002455  __aeabi_memset4               
00002455  __aeabi_memset8               
00001e8d  __aeabi_uidiv                 
00001e8d  __aeabi_uidivmod              
000023d9  __aeabi_uldivmod              
000022f5  __ashldi3                     
ffffffff  __binit__                     
UNDEFED   __mpu_init                    
0000228d  __muldi3                      
00001f89  __muldsi3                     
20207e00  __stack                       
20200000  __start___llvm_prf_bits       
20200000  __start___llvm_prf_cnts       
20200000  __stop___llvm_prf_bits        
20200000  __stop___llvm_prf_cnts        
000011a1  __udivmoddi4                  
0000223d  _c_int00_noargs               
20200528  _device                       
20200438  _ftable                       
20200604  _lock                         
00001fc3  _nop                          
202005a0  _stream                       
20200238  _sys_memory                   
UNDEFED   _system_post_cinit            
00002521  _system_pre_init              
20200608  _unlock                       
00002525  abort                         
00000eed  add_device                    
00000ce1  aligned_alloc                 
2020022c  area                          
00001f0d  atoi                          
ffffffff  binit                         
00001bf1  close                         
00002099  exit                          
000020cd  finddevice                    
00002169  fopen                         
000012e5  fputc                         
00000df5  fputs                         
00000fd9  free                          
00002101  freopen                       
0000250d  fseek                         
00001785  fseeko                        
000017f1  getdevice                     
00000000  interruptVectors              
000021ed  lseek                         
00001b45  main                          
000024c1  malloc                        
00000ce1  memalign                      
000022d3  memccpy                       
00001245  open                          
20200210  parmbuf                       
000019e1  printf                        
00002515  remove                        
000010c1  setvbuf                       
20200230  side                          
000014b1  strcmp                        
000024d9  uart_close                    
0000248d  uart_lseek                    
000023ed  uart_open                     
00002265  uart_read                     
000024cd  uart_rename                   
000024e3  uart_unlink                   
00002135  uart_write                    
00002199  unlink                        
00002445  wcslen                        
00002215  write                         


GLOBAL SYMBOLS: SORTED BY Symbol Address 

address   name                          
-------   ----                          
00000000  __TI_ATRegion0_region_sz      
00000000  __TI_ATRegion0_src_addr       
00000000  __TI_ATRegion0_trg_addr       
00000000  __TI_ATRegion1_region_sz      
00000000  __TI_ATRegion1_src_addr       
00000000  __TI_ATRegion1_trg_addr       
00000000  __TI_ATRegion2_region_sz      
00000000  __TI_ATRegion2_src_addr       
00000000  __TI_ATRegion2_trg_addr       
00000000  __TI_static_base__            
00000000  interruptVectors              
000000c1  __TI_printfi_nofloat          
00000200  __STACK_SIZE                  
00000200  __SYSMEM_SIZE                 
00000a7d  Clock_Init40MHz               
00000bb1  UART_Init                     
00000ce1  aligned_alloc                 
00000ce1  memalign                      
00000df5  fputs                         
00000eed  add_device                    
00000fd9  free                          
000010c1  setvbuf                       
000011a1  __udivmoddi4                  
00001243  __aeabi_idiv0                 
00001245  open                          
000012e5  fputc                         
00001381  UART_InitPrintf               
00001415  UART_InUDec                   
000014b1  strcmp                        
00001539  LaunchPad_Init                
000015b5  __TI_closefile                
00001631  __TI_decompress_lzss          
000016ad  HOSTlseek                     
00001719  HOSTrename                    
00001785  fseeko                        
000017f1  getdevice                     
0000185d  __TI_wrt_ok                   
00001925  HOSTopen                      
00001985  UART0_IRQHandler              
000019e1  printf                        
00001a3d  HOSTread                      
00001a95  HOSTwrite                     
00001b45  main                          
00001b9d  __TI_doflush                  
00001bef  __aeabi_ldiv0                 
00001bf1  close                         
00001c41  RxFifo_Get                    
00001c8d  RxFifo_Put                    
00001cd9  TxFifo_Get                    
00001d25  TxFifo_Put                    
00001dbd  HOSTclose                     
00001e05  HOSTunlink                    
00001e4d  UART_OutChar                  
00001e8d  __aeabi_uidiv                 
00001e8d  __aeabi_uidivmod              
00001f0d  atoi                          
00001f4d  __TI_auto_init_nobinit_nopinit
00001f89  __muldsi3                     
00001fc3  _nop                          
00001fc5  ActivatePortA_B               
00001ffd  __TI_cleanup                  
00002031  __TI_readmsg                  
00002065  __TI_writemsg                 
00002091  C$$IO$$                       
00002099  exit                          
000020cd  finddevice                    
00002101  freopen                       
00002135  uart_write                    
00002169  fopen                         
00002199  unlink                        
000021ed  lseek                         
00002215  write                         
0000223d  _c_int00_noargs               
00002265  uart_read                     
0000228d  __aeabi_lmul                  
0000228d  __muldi3                      
000022b1  UART_InChar                   
000022d3  memccpy                       
000022f5  __aeabi_llsl                  
000022f5  __ashldi3                     
00002315  ADC0_IRQHandler               
00002315  ADC1_IRQHandler               
00002315  AES_IRQHandler                
00002315  CANFD0_IRQHandler             
00002315  DAC0_IRQHandler               
00002315  DMA_IRQHandler                
00002315  Default_Handler               
00002315  GROUP0_IRQHandler             
00002315  GROUP1_IRQHandler             
00002315  I2C0_IRQHandler               
00002315  I2C1_IRQHandler               
00002315  NMI_Handler                   
00002315  PendSV_Handler                
00002315  RTC_IRQHandler                
00002315  SPI0_IRQHandler               
00002315  SPI1_IRQHandler               
00002315  SVC_Handler                   
00002315  SysTick_Handler               
00002315  TIMA0_IRQHandler              
00002315  TIMA1_IRQHandler              
00002315  TIMG0_IRQHandler              
00002315  TIMG12_IRQHandler             
00002315  TIMG6_IRQHandler              
00002315  TIMG7_IRQHandler              
00002315  TIMG8_IRQHandler              
00002315  UART1_IRQHandler              
00002315  UART2_IRQHandler              
00002315  UART3_IRQHandler              
00002331  HardFault_Handler             
00002369  RxFifo_Size                   
00002381  TxFifo_Size                   
00002399  __TI_zero_init_nomemset       
000023b1  RxFifo_Init                   
000023c5  TxFifo_Init                   
000023d9  __aeabi_uldivmod              
000023ed  uart_open                     
00002401  TI_memcpy_small               
00002413  __TI_decompress_none          
00002425  Clock_Delay                   
00002435  Delay                         
00002445  wcslen                        
00002455  __aeabi_memset                
00002455  __aeabi_memset4               
00002455  __aeabi_memset8               
0000248d  uart_lseek                    
0000249b  TI_memset_small               
000024a9  Clock_Freq                    
000024b5  __aeabi_memclr                
000024b5  __aeabi_memclr4               
000024b5  __aeabi_memclr8               
000024c1  malloc                        
000024cd  uart_rename                   
000024d9  uart_close                    
000024e3  uart_unlink                   
000024ed  __aeabi_errno_addr            
000024f5  __aeabi_memcpy                
000024f5  __aeabi_memcpy4               
000024f5  __aeabi_memcpy8               
0000250d  fseek                         
00002515  remove                        
0000251d  Reset_Handler                 
00002521  _system_pre_init              
00002524  C$$EXIT                       
00002525  abort                         
00002530  __aeabi_ctype_table_          
00002530  __aeabi_ctype_table_C         
00002738  __TI_Handler_Table_Base       
00002744  __TI_Handler_Table_Limit      
0000274c  __TI_CINIT_Base               
0000275c  __TI_CINIT_Limit              
0000275c  __TI_CINIT_Warm               
20200000  _CIOBUF_                      
20200000  __CIOBUF_                     
20200000  __start___llvm_prf_bits       
20200000  __start___llvm_prf_cnts       
20200000  __stop___llvm_prf_bits        
20200000  __stop___llvm_prf_cnts        
20200120  __TI_tmpnams                  
20200210  parmbuf                       
2020021c  RxGetI                        
20200220  RxPutI                        
20200224  TxGetI                        
20200228  TxPutI                        
2020022c  area                          
20200230  side                          
20200238  _sys_memory                   
20200438  _ftable                       
20200528  _device                       
202005a0  _stream                       
202005f0  __TI_cleanup_ptr              
202005f4  __TI_dtors_ptr                
202005f8  BusFreq                       
202005fc  __TI_ft_end                   
20200600  __aeabi_errno                 
20200604  _lock                         
20200608  _unlock                       
20207e00  __stack                       
20208000  __STACK_END                   
ffffffff  __TI_pprof_out_hndl           
ffffffff  __TI_prof_data_size           
ffffffff  __TI_prof_data_start          
ffffffff  __binit__                     
ffffffff  binit                         
UNDEFED   __mpu_init                    
UNDEFED   _system_post_cinit            

[185 symbols]
