******************************************************************************
            TI ARM Clang Linker Unix v4.0.1                    
******************************************************************************
>> Linked Thu Jan 23 13:44:11 2025

OUTPUT FILE NAME:   <CrystalfontzLCD.out>
ENTRY POINT SYMBOL: "_c_int00_noargs"  address: 00001175


MEMORY CONFIGURATION

         name            origin    length      used     unused   attr    fill
----------------------  --------  ---------  --------  --------  ----  --------
  FLASH                 00000000   00020000  00001848  0001e7b8  R  X
  SRAM                  20200000   00008000  00000226  00007dda  RW X
  BCR_CONFIG            41c00000   00000080  00000000  00000080  R   
  BSL_CONFIG            41c00100   00000080  00000000  00000080  R   


SEGMENT ALLOCATION MAP

run origin  load origin   length   init length attrs members
----------  ----------- ---------- ----------- ----- -------
00000000    00000000    00001848   00001848    r-x
  00000000    00000000    000000c0   000000c0    r-- .intvecs
  000000c0    000000c0    000011c0   000011c0    r-x .text
  00001280    00001280    00000590   00000590    r-- .rodata
  00001810    00001810    00000038   00000038    r-- .cinit
20200000    20200000    00000026   00000000    rw-
  20200000    20200000    00000014   00000000    rw- .bss
  20200014    20200014    00000012   00000000    rw- .data
20207e00    20207e00    00000200   00000000    rw-
  20207e00    20207e00    00000200   00000000    rw- .stack


SECTION ALLOCATION MAP

 output                                  attributes/
section   page    origin      length       input sections
--------  ----  ----------  ----------   ----------------
.intvecs   0    00000000    000000c0     
                  00000000    000000c0     startup_mspm0g3507_ticlang.o (.intvecs)

.text      0    000000c0    000011c0     
                  000000c0    00000218     LCD.o (.text.LCD_Drawaxes)
                  000002d8    000001a8     LCD.o (.text.LCD_DrawChar)
                  00000480    00000134     Clock.o (.text.Clock_Init40MHz)
                  000005b4    00000118     LCD.o (.text.LCD_FillRect)
                  000006cc    000000f8     SPI.o (.text.SPI_Init)
                  000007c4    000000f4     ADC.o (.text.ADC0_Init)
                  000008b8    000000b0     LCD.o (.text.LCD_DrawFastHLine)
                  00000968    000000b0     LCD.o (.text.LCD_DrawFastVLine)
                  00000a18    000000a2     LCD.o (.text.commandList)
                  00000aba    00000002     libclang_rt.builtins.a : aeabi_div0.c.obj (.text.__aeabi_idiv0)
                  00000abc    0000009c     LCDtestmain.o (.text.main)
                  00000b58    00000090     LCD.o (.text.LCD_PlotPoint)
                  00000be8    00000090     LCD.o (.text.ST7735_InitR)
                  00000c78    00000088     LCD.o (.text.setAddrWindow)
                  00000d00    0000007c     LaunchPad.o (.text.LaunchPad_Init)
                  00000d7c    0000007c     libc.a : copy_decompress_lzss.c.obj (.text:decompress:lzss)
                  00000df8    00000070     LCD.o (.text.LCD_DrawPixel)
                  00000e68    00000056     libclang_rt.builtins.a : aeabi_idivmod.S.obj (.text.__aeabi_idivmod)
                  00000ebe    00000002     --HOLE-- [fill = 0]
                  00000ec0    00000048     SPI.o (.text.SPI_OutCommand)
                  00000f08    00000044     ADC.o (.text.ADC0_In)
                  00000f4c    00000040     SPI.o (.text.SPI_Reset)
                  00000f8c    00000040     libclang_rt.builtins.a : aeabi_uidivmod.S.obj (.text.__aeabi_uidivmod)
                  00000fcc    0000003c     libc.a : autoinit.c.obj (.text:__TI_auto_init_nobinit_nopinit)
                  00001008    00000038     LaunchPad.o (.text.ActivatePortA_B)
                  00001040    00000038     LCD.o (.text.LCD_PlotIncrement)
                  00001078    00000038     SPI.o (.text.SPI_OutData)
                  000010b0    00000034     Clock.o (.text.Clock_Delay1ms)
                  000010e4    00000034     LCD.o (.text.LCD_SetCursor)
                  00001118    00000030     LCD.o (.text.commonInit)
                  00001148    0000002c     LCD.o (.text.LCD_FillScreen)
                  00001174    00000028     libc.a : boot_cortex_m.c.obj (.text:_c_int00_noargs)
                  0000119c    0000001e     LCD.o (.text.pushColor)
                  000011ba    00000002     --HOLE-- [fill = 0]
                  000011bc    0000001c     startup_mspm0g3507_ticlang.o (.text.Default_Handler)
                  000011d8    0000001c     startup_mspm0g3507_ticlang.o (.text.HardFault_Handler)
                  000011f4    00000016     libc.a : copy_zero_init.c.obj (.text:decompress:ZI:__TI_zero_init_nomemset)
                  0000120a    00000012            : memcpy16.S.obj (.text:TI_memcpy_small)
                  0000121c    00000012            : copy_decompress_none.c.obj (.text:decompress:none)
                  0000122e    00000010     Clock.o (.text.Clock_Delay)
                  0000123e    00000010     LaunchPad.o (.text.Delay)
                  0000124e    00000002     --HOLE-- [fill = 0]
                  00001250    0000000c     Clock.o (.text.Clock_Freq)
                  0000125c    0000000a     LCD.o (.text.LCD_Init)
                  00001266    00000002     --HOLE-- [fill = 0]
                  00001268    00000008     libclang_rt.builtins.a : aeabi_memcpy.S.obj (.text.__aeabi_memcpy)
                  00001270    00000004     startup_mspm0g3507_ticlang.o (.text.Reset_Handler)
                  00001274    00000004     libc.a : pre_init.c.obj (.text._system_pre_init)
                  00001278    00000004            : exit.c.obj (.text:abort)
                  0000127c    00000004     --HOLE-- [fill = 0]

.cinit     0    00001810    00000038     
                  00001810    00000012     (.cinit..data.load) [load image, compression = lzss]
                  00001822    00000002     --HOLE-- [fill = 0]
                  00001824    0000000c     (__TI_handler_table)
                  00001830    00000008     (.cinit..bss.load) [load image, compression = zero_init]
                  00001838    00000010     (__TI_cinit_table)

.rodata    0    00001280    00000590     
                  00001280    00000500     LCD.o (.rodata.Font)
                  00001780    0000003b     LCD.o (.rodata.Rcmd1)
                  000017bb    0000002b     LCD.o (.rodata.Rcmd3)
                  000017e6    0000000d     LCD.o (.rodata.Rcmd2green)
                  000017f3    0000000d     LCD.o (.rodata.Rcmd2red)
                  00001800    00000006     LCDtestmain.o (.rodata.str1.95149033700199818561)
                  00001806    00000005     LCDtestmain.o (.rodata.str1.31437481795592975091)
                  0000180b    00000001     LCDtestmain.o (.rodata.str1.157754708458654815961)
                  0000180c    00000004     --HOLE-- [fill = 0]

.init_array 
*          0    00000000    00000000     UNINITIALIZED

.binit     0    00000000    00000000     

.bss       0    20200000    00000014     UNINITIALIZED
                  20200000    00000004     (.common:TimeIndex)
                  20200004    00000004     (.common:Ymax)
                  20200008    00000004     (.common:Ymin)
                  2020000c    00000004     (.common:Yrange)
                  20200010    00000002     (.common:PlotBGColor)
                  20200012    00000001     LCD.o (.bss.ColStart)
                  20200013    00000001     LCD.o (.bss.RowStart)

.data      0    20200014    00000012     UNINITIALIZED
                  20200014    00000004     Clock.o (.data.BusFreq)
                  20200018    00000004     LCD.o (.data.StX)
                  2020001c    00000004     LCD.o (.data.StY)
                  20200020    00000002     LCD.o (.data.StTextColor)
                  20200022    00000002     LCD.o (.data._height)
                  20200024    00000002     LCD.o (.data._width)

.stack     0    20207e00    00000200     UNINITIALIZED
                  20207e00    00000004     libc.a : boot_cortex_m.c.obj (.stack)
                  20207e04    000001fc     --HOLE--

__llvm_prf_cnts 
*          0    20200000    00000000     UNINITIALIZED

__llvm_prf_bits 
*          0    20200000    00000000     UNINITIALIZED

MODULE SUMMARY

       Module                         code   ro data   rw data
       ------                         ----   -------   -------
    ./
       LCD.o                          2530   1408      34     
       SPI.o                          440    0         0      
       Clock.o                        388    0         4      
       ADC.o                          312    0         0      
       LaunchPad.o                    196    0         0      
       LCDtestmain.o                  156    12        0      
    +--+------------------------------+------+---------+---------+
       Total:                         4022   1420      38     
                                                              
    ./ticlang/
       startup_mspm0g3507_ticlang.o   60     192       0      
    +--+------------------------------+------+---------+---------+
       Total:                         60     192       0      
                                                              
    /Applications/ti/ccs2000/ccs/tools/compiler/ti-cgt-armllvm_4.0.1.LTS/lib/armv6m-ti-none-eabi/c/libc.a
       copy_decompress_lzss.c.obj     124    0         0      
       autoinit.c.obj                 60     0         0      
       boot_cortex_m.c.obj            40     0         0      
       copy_zero_init.c.obj           22     0         0      
       copy_decompress_none.c.obj     18     0         0      
       memcpy16.S.obj                 18     0         0      
       exit.c.obj                     4      0         0      
       pre_init.c.obj                 4      0         0      
    +--+------------------------------+------+---------+---------+
       Total:                         290    0         0      
                                                              
    /Applications/ti/ccs2000/ccs/tools/compiler/ti-cgt-armllvm_4.0.1.LTS/lib/armv6m-ti-none-eabi/libclang_rt.builtins.a
       aeabi_idivmod.S.obj            86     0         0      
       aeabi_uidivmod.S.obj           64     0         0      
       aeabi_memcpy.S.obj             8      0         0      
       aeabi_div0.c.obj               2      0         0      
    +--+------------------------------+------+---------+---------+
       Total:                         160    0         0      
                                                              
       Stack:                         0      0         512    
       Linker Generated:              0      54        0      
    +--+------------------------------+------+---------+---------+
       Grand Total:                   4532   1666      550    


LINKER GENERATED COPY TABLES

__TI_cinit_table @ 00001838 records: 2, size/record: 8, table size: 16
	.data: load addr=00001810, load size=00000012 bytes, run addr=20200014, run size=00000012 bytes, compression=lzss
	.bss: load addr=00001830, load size=00000008 bytes, run addr=20200000, run size=00000014 bytes, compression=zero_init


LINKER GENERATED HANDLER TABLE

__TI_handler_table @ 00001824 records: 3, size/record: 4, table size: 12
	index: 0, handler: __TI_decompress_lzss
	index: 1, handler: __TI_decompress_none
	index: 2, handler: __TI_zero_init


GLOBAL SYMBOLS: SORTED ALPHABETICALLY BY Name 

address   name                          
-------   ----                          
000011bd  ADC0_IRQHandler               
00000f09  ADC0_In                       
000007c5  ADC0_Init                     
000011bd  ADC1_IRQHandler               
000011bd  AES_IRQHandler                
00001009  ActivatePortA_B               
20200014  BusFreq                       
00001278  C$$EXIT                       
000011bd  CANFD0_IRQHandler             
0000122f  Clock_Delay                   
000010b1  Clock_Delay1ms                
00001251  Clock_Freq                    
00000481  Clock_Init40MHz               
000011bd  DAC0_IRQHandler               
000011bd  DMA_IRQHandler                
000011bd  Default_Handler               
0000123f  Delay                         
000011bd  GROUP0_IRQHandler             
000011bd  GROUP1_IRQHandler             
000011d9  HardFault_Handler             
000011bd  I2C0_IRQHandler               
000011bd  I2C1_IRQHandler               
000002d9  LCD_DrawChar                  
000008b9  LCD_DrawFastHLine             
00000969  LCD_DrawFastVLine             
00000df9  LCD_DrawPixel                 
000000c1  LCD_Drawaxes                  
000005b5  LCD_FillRect                  
00001149  LCD_FillScreen                
0000125d  LCD_Init                      
00001041  LCD_PlotIncrement             
00000b59  LCD_PlotPoint                 
000010e5  LCD_SetCursor                 
00000d01  LaunchPad_Init                
000011bd  NMI_Handler                   
000011bd  PendSV_Handler                
20200010  PlotBGColor                   
000011bd  RTC_IRQHandler                
00001271  Reset_Handler                 
000011bd  SPI0_IRQHandler               
000011bd  SPI1_IRQHandler               
000006cd  SPI_Init                      
00000ec1  SPI_OutCommand                
00001079  SPI_OutData                   
00000f4d  SPI_Reset                     
000011bd  SVC_Handler                   
20200020  StTextColor                   
20200018  StX                           
2020001c  StY                           
000011bd  SysTick_Handler               
000011bd  TIMA0_IRQHandler              
000011bd  TIMA1_IRQHandler              
000011bd  TIMG0_IRQHandler              
000011bd  TIMG12_IRQHandler             
000011bd  TIMG6_IRQHandler              
000011bd  TIMG7_IRQHandler              
000011bd  TIMG8_IRQHandler              
0000120b  TI_memcpy_small               
20200000  TimeIndex                     
000011bd  UART0_IRQHandler              
000011bd  UART1_IRQHandler              
000011bd  UART2_IRQHandler              
000011bd  UART3_IRQHandler              
20200004  Ymax                          
20200008  Ymin                          
2020000c  Yrange                        
20208000  __STACK_END                   
00000200  __STACK_SIZE                  
00000000  __TI_ATRegion0_region_sz      
00000000  __TI_ATRegion0_src_addr       
00000000  __TI_ATRegion0_trg_addr       
00000000  __TI_ATRegion1_region_sz      
00000000  __TI_ATRegion1_src_addr       
00000000  __TI_ATRegion1_trg_addr       
00000000  __TI_ATRegion2_region_sz      
00000000  __TI_ATRegion2_src_addr       
00000000  __TI_ATRegion2_trg_addr       
00001838  __TI_CINIT_Base               
00001848  __TI_CINIT_Limit              
00001848  __TI_CINIT_Warm               
00001824  __TI_Handler_Table_Base       
00001830  __TI_Handler_Table_Limit      
00000fcd  __TI_auto_init_nobinit_nopinit
00000d7d  __TI_decompress_lzss          
0000121d  __TI_decompress_none          
ffffffff  __TI_pprof_out_hndl           
ffffffff  __TI_prof_data_size           
ffffffff  __TI_prof_data_start          
00000000  __TI_static_base__            
000011f5  __TI_zero_init_nomemset       
00000e69  __aeabi_idiv                  
00000abb  __aeabi_idiv0                 
00000e69  __aeabi_idivmod               
00001269  __aeabi_memcpy                
00001269  __aeabi_memcpy4               
00001269  __aeabi_memcpy8               
00000f8d  __aeabi_uidiv                 
00000f8d  __aeabi_uidivmod              
ffffffff  __binit__                     
UNDEFED   __mpu_init                    
20207e00  __stack                       
20200000  __start___llvm_prf_bits       
20200000  __start___llvm_prf_cnts       
20200000  __stop___llvm_prf_bits        
20200000  __stop___llvm_prf_cnts        
00001175  _c_int00_noargs               
UNDEFED   _system_post_cinit            
00001275  _system_pre_init              
00001279  abort                         
ffffffff  binit                         
00000000  interruptVectors              
00000abd  main                          


GLOBAL SYMBOLS: SORTED BY Symbol Address 

address   name                          
-------   ----                          
00000000  __TI_ATRegion0_region_sz      
00000000  __TI_ATRegion0_src_addr       
00000000  __TI_ATRegion0_trg_addr       
00000000  __TI_ATRegion1_region_sz      
00000000  __TI_ATRegion1_src_addr       
00000000  __TI_ATRegion1_trg_addr       
00000000  __TI_ATRegion2_region_sz      
00000000  __TI_ATRegion2_src_addr       
00000000  __TI_ATRegion2_trg_addr       
00000000  __TI_static_base__            
00000000  interruptVectors              
000000c1  LCD_Drawaxes                  
00000200  __STACK_SIZE                  
000002d9  LCD_DrawChar                  
00000481  Clock_Init40MHz               
000005b5  LCD_FillRect                  
000006cd  SPI_Init                      
000007c5  ADC0_Init                     
000008b9  LCD_DrawFastHLine             
00000969  LCD_DrawFastVLine             
00000abb  __aeabi_idiv0                 
00000abd  main                          
00000b59  LCD_PlotPoint                 
00000d01  LaunchPad_Init                
00000d7d  __TI_decompress_lzss          
00000df9  LCD_DrawPixel                 
00000e69  __aeabi_idiv                  
00000e69  __aeabi_idivmod               
00000ec1  SPI_OutCommand                
00000f09  ADC0_In                       
00000f4d  SPI_Reset                     
00000f8d  __aeabi_uidiv                 
00000f8d  __aeabi_uidivmod              
00000fcd  __TI_auto_init_nobinit_nopinit
00001009  ActivatePortA_B               
00001041  LCD_PlotIncrement             
00001079  SPI_OutData                   
000010b1  Clock_Delay1ms                
000010e5  LCD_SetCursor                 
00001149  LCD_FillScreen                
00001175  _c_int00_noargs               
000011bd  ADC0_IRQHandler               
000011bd  ADC1_IRQHandler               
000011bd  AES_IRQHandler                
000011bd  CANFD0_IRQHandler             
000011bd  DAC0_IRQHandler               
000011bd  DMA_IRQHandler                
000011bd  Default_Handler               
000011bd  GROUP0_IRQHandler             
000011bd  GROUP1_IRQHandler             
000011bd  I2C0_IRQHandler               
000011bd  I2C1_IRQHandler               
000011bd  NMI_Handler                   
000011bd  PendSV_Handler                
000011bd  RTC_IRQHandler                
000011bd  SPI0_IRQHandler               
000011bd  SPI1_IRQHandler               
000011bd  SVC_Handler                   
000011bd  SysTick_Handler               
000011bd  TIMA0_IRQHandler              
000011bd  TIMA1_IRQHandler              
000011bd  TIMG0_IRQHandler              
000011bd  TIMG12_IRQHandler             
000011bd  TIMG6_IRQHandler              
000011bd  TIMG7_IRQHandler              
000011bd  TIMG8_IRQHandler              
000011bd  UART0_IRQHandler              
000011bd  UART1_IRQHandler              
000011bd  UART2_IRQHandler              
000011bd  UART3_IRQHandler              
000011d9  HardFault_Handler             
000011f5  __TI_zero_init_nomemset       
0000120b  TI_memcpy_small               
0000121d  __TI_decompress_none          
0000122f  Clock_Delay                   
0000123f  Delay                         
00001251  Clock_Freq                    
0000125d  LCD_Init                      
00001269  __aeabi_memcpy                
00001269  __aeabi_memcpy4               
00001269  __aeabi_memcpy8               
00001271  Reset_Handler                 
00001275  _system_pre_init              
00001278  C$$EXIT                       
00001279  abort                         
00001824  __TI_Handler_Table_Base       
00001830  __TI_Handler_Table_Limit      
00001838  __TI_CINIT_Base               
00001848  __TI_CINIT_Limit              
00001848  __TI_CINIT_Warm               
20200000  TimeIndex                     
20200000  __start___llvm_prf_bits       
20200000  __start___llvm_prf_cnts       
20200000  __stop___llvm_prf_bits        
20200000  __stop___llvm_prf_cnts        
20200004  Ymax                          
20200008  Ymin                          
2020000c  Yrange                        
20200010  PlotBGColor                   
20200014  BusFreq                       
20200018  StX                           
2020001c  StY                           
20200020  StTextColor                   
20207e00  __stack                       
20208000  __STACK_END                   
ffffffff  __TI_pprof_out_hndl           
ffffffff  __TI_prof_data_size           
ffffffff  __TI_prof_data_start          
ffffffff  __binit__                     
ffffffff  binit                         
UNDEFED   __mpu_init                    
UNDEFED   _system_post_cinit            

[112 symbols]
