******************************************************************************
            TI ARM Clang Linker Unix v4.0.1                    
******************************************************************************
>> Linked Thu Jan 23 13:44:38 2025

OUTPUT FILE NAME:   <ScratchAsm.out>
ENTRY POINT SYMBOL: "_c_int00_noinit_noargs"  address: 000000c1


MEMORY CONFIGURATION

         name            origin    length      used     unused   attr    fill
----------------------  --------  ---------  --------  --------  ----  --------
  FLASH                 00000000   00020000  00000128  0001fed8  R  X
  SRAM                  20200000   00008000  00000200  00007e00  RW X
  BCR_CONFIG            41c00000   00000080  00000000  00000080  R   
  BSL_CONFIG            41c00100   00000080  00000000  00000080  R   


SEGMENT ALLOCATION MAP

run origin  load origin   length   init length attrs members
----------  ----------- ---------- ----------- ----- -------
00000000    00000000    00000128   00000128    r-x
  00000000    00000000    000000c0   000000c0    r-- .intvecs
  000000c0    000000c0    00000068   00000068    r-x .text
20207e00    20207e00    00000200   00000000    rw-
  20207e00    20207e00    00000200   00000000    rw- .stack


SECTION ALLOCATION MAP

 output                                  attributes/
section   page    origin      length       input sections
--------  ----  ----------  ----------   ----------------
.intvecs   0    00000000    000000c0     
                  00000000    000000c0     startup_mspm0g3507_ticlang.o (.intvecs)

.text      0    000000c0    00000068     
                  000000c0    00000020     libc.a : boot_cortex_m.c.obj (.text:_c_int00_noinit_noargs)
                  000000e0    0000001c     startup_mspm0g3507_ticlang.o (.text.Default_Handler)
                  000000fc    0000001c     startup_mspm0g3507_ticlang.o (.text.HardFault_Handler)
                  00000118    00000004     startup_mspm0g3507_ticlang.o (.text.Reset_Handler)
                  0000011c    00000004     libc.a : pre_init.c.obj (.text._system_pre_init)
                  00000120    00000004            : exit.c.obj (.text:abort)
                  00000124    00000002     Scratch.o (.text)
                  00000126    00000002     --HOLE-- [fill = 0]

.cinit     0    00000000    00000000     

.init_array 
*          0    00000000    00000000     UNINITIALIZED

.binit     0    00000000    00000000     

.stack     0    20207e00    00000200     UNINITIALIZED
                  20207e00    00000004     libc.a : boot_cortex_m.c.obj (.stack)
                  20207e04    000001fc     --HOLE--

__llvm_prf_cnts 
*          0    20200000    00000000     UNINITIALIZED

__llvm_prf_bits 
*          0    20200000    00000000     UNINITIALIZED

MODULE SUMMARY

       Module                         code   ro data   rw data
       ------                         ----   -------   -------
    ./
       Scratch.o                      2      0         0      
    +--+------------------------------+------+---------+---------+
       Total:                         2      0         0      
                                                              
    ./ticlang/
       startup_mspm0g3507_ticlang.o   60     192       0      
    +--+------------------------------+------+---------+---------+
       Total:                         60     192       0      
                                                              
    /Applications/ti/ccs2000/ccs/tools/compiler/ti-cgt-armllvm_4.0.1.LTS/lib/armv6m-ti-none-eabi/c/libc.a
       boot_cortex_m.c.obj            32     0         0      
       exit.c.obj                     4      0         0      
       pre_init.c.obj                 4      0         0      
    +--+------------------------------+------+---------+---------+
       Total:                         40     0         0      
                                                              
       Stack:                         0      0         512    
    +--+------------------------------+------+---------+---------+
       Grand Total:                   102    192       512    


GLOBAL SYMBOLS: SORTED ALPHABETICALLY BY Name 

address   name                    
-------   ----                    
000000e1  ADC0_IRQHandler         
000000e1  ADC1_IRQHandler         
000000e1  AES_IRQHandler          
00000120  C$$EXIT                 
000000e1  CANFD0_IRQHandler       
000000e1  DAC0_IRQHandler         
000000e1  DMA_IRQHandler          
000000e1  Default_Handler         
000000e1  GROUP0_IRQHandler       
000000e1  GROUP1_IRQHandler       
000000fd  HardFault_Handler       
000000e1  I2C0_IRQHandler         
000000e1  I2C1_IRQHandler         
000000e1  NMI_Handler             
000000e1  PendSV_Handler          
000000e1  RTC_IRQHandler          
00000119  Reset_Handler           
000000e1  SPI0_IRQHandler         
000000e1  SPI1_IRQHandler         
000000e1  SVC_Handler             
000000e1  SysTick_Handler         
000000e1  TIMA0_IRQHandler        
000000e1  TIMA1_IRQHandler        
000000e1  TIMG0_IRQHandler        
000000e1  TIMG12_IRQHandler       
000000e1  TIMG6_IRQHandler        
000000e1  TIMG7_IRQHandler        
000000e1  TIMG8_IRQHandler        
000000e1  UART0_IRQHandler        
000000e1  UART1_IRQHandler        
000000e1  UART2_IRQHandler        
000000e1  UART3_IRQHandler        
20208000  __STACK_END             
00000200  __STACK_SIZE            
00000000  __TI_ATRegion0_region_sz
00000000  __TI_ATRegion0_src_addr 
00000000  __TI_ATRegion0_trg_addr 
00000000  __TI_ATRegion1_region_sz
00000000  __TI_ATRegion1_src_addr 
00000000  __TI_ATRegion1_trg_addr 
00000000  __TI_ATRegion2_region_sz
00000000  __TI_ATRegion2_src_addr 
00000000  __TI_ATRegion2_trg_addr 
00000000  __TI_CINIT_Base         
00000000  __TI_CINIT_Limit        
00000000  __TI_CINIT_Warm         
ffffffff  __TI_pprof_out_hndl     
ffffffff  __TI_prof_data_size     
ffffffff  __TI_prof_data_start    
00000000  __TI_static_base__      
ffffffff  __binit__               
UNDEFED   __mpu_init              
20207e00  __stack                 
20200000  __start___llvm_prf_bits 
20200000  __start___llvm_prf_cnts 
20200000  __stop___llvm_prf_bits  
20200000  __stop___llvm_prf_cnts  
000000c1  _c_int00_noinit_noargs  
0000011d  _system_pre_init        
00000121  abort                   
ffffffff  binit                   
00000000  interruptVectors        
00000124  main                    


GLOBAL SYMBOLS: SORTED BY Symbol Address 

address   name                    
-------   ----                    
00000000  __TI_ATRegion0_region_sz
00000000  __TI_ATRegion0_src_addr 
00000000  __TI_ATRegion0_trg_addr 
00000000  __TI_ATRegion1_region_sz
00000000  __TI_ATRegion1_src_addr 
00000000  __TI_ATRegion1_trg_addr 
00000000  __TI_ATRegion2_region_sz
00000000  __TI_ATRegion2_src_addr 
00000000  __TI_ATRegion2_trg_addr 
00000000  __TI_CINIT_Base         
00000000  __TI_CINIT_Limit        
00000000  __TI_CINIT_Warm         
00000000  __TI_static_base__      
00000000  interruptVectors        
000000c1  _c_int00_noinit_noargs  
000000e1  ADC0_IRQHandler         
000000e1  ADC1_IRQHandler         
000000e1  AES_IRQHandler          
000000e1  CANFD0_IRQHandler       
000000e1  DAC0_IRQHandler         
000000e1  DMA_IRQHandler          
000000e1  Default_Handler         
000000e1  GROUP0_IRQHandler       
000000e1  GROUP1_IRQHandler       
000000e1  I2C0_IRQHandler         
000000e1  I2C1_IRQHandler         
000000e1  NMI_Handler             
000000e1  PendSV_Handler          
000000e1  RTC_IRQHandler          
000000e1  SPI0_IRQHandler         
000000e1  SPI1_IRQHandler         
000000e1  SVC_Handler             
000000e1  SysTick_Handler         
000000e1  TIMA0_IRQHandler        
000000e1  TIMA1_IRQHandler        
000000e1  TIMG0_IRQHandler        
000000e1  TIMG12_IRQHandler       
000000e1  TIMG6_IRQHandler        
000000e1  TIMG7_IRQHandler        
000000e1  TIMG8_IRQHandler        
000000e1  UART0_IRQHandler        
000000e1  UART1_IRQHandler        
000000e1  UART2_IRQHandler        
000000e1  UART3_IRQHandler        
000000fd  HardFault_Handler       
00000119  Reset_Handler           
0000011d  _system_pre_init        
00000120  C$$EXIT                 
00000121  abort                   
00000124  main                    
00000200  __STACK_SIZE            
20200000  __start___llvm_prf_bits 
20200000  __start___llvm_prf_cnts 
20200000  __stop___llvm_prf_bits  
20200000  __stop___llvm_prf_cnts  
20207e00  __stack                 
20208000  __STACK_END             
ffffffff  __TI_pprof_out_hndl     
ffffffff  __TI_prof_data_size     
ffffffff  __TI_prof_data_start    
ffffffff  __binit__               
ffffffff  binit                   
UNDEFED   __mpu_init              

[63 symbols]
