******************************************************************************
            TI ARM Clang Linker Unix v4.0.1                    
******************************************************************************
>> Linked Thu Apr 17 16:29:54 2025

OUTPUT FILE NAME:   <ECE319K_Lab6.out>
ENTRY POINT SYMBOL: "_c_int00_noargs"  address: 000066c9


MEMORY CONFIGURATION

         name            origin    length      used     unused   attr    fill
----------------------  --------  ---------  --------  --------  ----  --------
  FLASH                 00000000   00020000  00006a68  00019598  R  X
  SRAM                  20200000   00008000  000007e6  0000781a  RW X
  BCR_CONFIG            41c00000   00000080  00000000  00000080  R   
  BSL_CONFIG            41c00100   00000080  00000000  00000080  R   


SEGMENT ALLOCATION MAP

run origin  load origin   length   init length attrs members
----------  ----------- ---------- ----------- ----- -------
00000000    00000000    00006a68   00006a68    r-x
  00000000    00000000    000000c0   000000c0    r-- .intvecs
  000000c0    000000c0    00003990   00003990    r-- .rodata
  00003a50    00003a50    00002f80   00002f80    r-x .text
  000069d0    000069d0    00000098   00000098    r-- .cinit
20200000    20200000    000005e9   00000000    rw-
  20200000    20200000    00000200   00000000    rw- .sysmem
  20200200    20200200    000001f1   00000000    rw- .bss
  202003f4    202003f4    000001f5   00000000    rw- .data
20207e00    20207e00    00000200   00000000    rw-
  20207e00    20207e00    00000200   00000000    rw- .stack


SECTION ALLOCATION MAP

 output                                  attributes/
section   page    origin      length       input sections
--------  ----  ----------  ----------   ----------------
.intvecs   0    00000000    000000c0     
                  00000000    000000c0     startup_mspm0g3507_ticlang.o (.intvecs)

.text      0    00003a50    00002f80     
                  00003a50    00000868     libc.a : _printfi.c.obj (.text:__TI_printfi_nofloat)
                  000042b8    00000210     ST7735.o (.text.ST7735_DrawBitmap)
                  000044c8    000001b4     Clock.o (.text.Clock_Init80MHz)
                  0000467c    000001a8     ST7735.o (.text.ST7735_DrawChar)
                  00004824    00000188     Lab6GraderWrapper.o (.text)
                  000049ac    00000164     Lab6Main.o (.text.main)
                  00004b10    00000154     libc.a : fopen.c.obj (.text._openfile)
                  00004c64    00000118     ST7735.o (.text.ST7735_FillRect)
                  00004d7c    00000114     libc.a : memory.c.obj (.text.aligned_alloc)
                  00004e90    000000f8     SPI.o (.text.SPI_Init)
                  00004f88    000000f8     libc.a : fputs.c.obj (.text.fputs)
                  00005080    000000ec     libsysbm.a : add_device.c.obj (.text.add_device)
                  0000516c    000000e8     ST7735.o (.text.ST7735_OutChar)
                  00005254    000000e8     libc.a : memory.c.obj (.text.free)
                  0000533c    000000e0            : setvbuf.c.obj (.text.setvbuf)
                  0000541c    000000a2     ST7735.o (.text.commandList)
                  000054be    00000002     libclang_rt.builtins.a : aeabi_div0.c.obj (.text.__aeabi_idiv0)
                  000054c0    000000a2                            : udivmoddi4.S.obj (.text)
                  00005562    00000002                            : aeabi_div0.c.obj (.text.__aeabi_ldiv0)
                  00005564    000000a0     ST7735.o (.text.ST7735_InitPrintf)
                  00005604    000000a0     ST7735.o (.text.ST7735_InitR)
                  000056a4    000000a0     libsysbm.a : open.c.obj (.text.open)
                  00005744    0000009c     libc.a : fputc.c.obj (.text.fputc)
                  000057e0    00000088     ST7735.o (.text.setAddrWindow)
                  00005868    00000008     libc.a : aeabi_portable.c.obj (.text.__aeabi_errno_addr)
                  00005870    00000088            : strcmp-armv6m.S.obj (.text:strcmp)
                  000058f8    00000084     ST7735.o (.text.ST7735_DrawString)
                  0000597c    00000084     Lab6Grader.o (.text.TIMG7_IRQHandler)
                  00005a00    0000007c     LaunchPad.o (.text.LaunchPad_Init)
                  00005a7c    0000007c     libc.a : fclose.c.obj (.text.__TI_closefile)
                  00005af8    0000007c            : copy_decompress_lzss.c.obj (.text:decompress:lzss)
                  00005b74    00000070     StringConversion.o (.text)
                  00005be4    0000006c     libsysbm.a : hostlseek.c.obj (.text.HOSTlseek)
                  00005c50    0000006c                : hostrename.c.obj (.text.HOSTrename)
                  00005cbc    0000006c     libc.a : fseek.c.obj (.text.fseeko)
                  00005d28    0000006c            : getdevice.c.obj (.text.getdevice)
                  00005d94    00000064            : _io_perm.c.obj (.text.__TI_wrt_ok)
                  00005df8    00000064            : memory.c.obj (.text.split)
                  00005e5c    00000060     libsysbm.a : hostopen.c.obj (.text.HOSTopen)
                  00005ebc    0000005c     libc.a : printf.c.obj (.text.printf)
                  00005f18    00000058     libsysbm.a : hostread.c.obj (.text.HOSTread)
                  00005f70    00000058                : hostwrite.c.obj (.text.HOSTwrite)
                  00005fc8    00000052     libc.a : fflush.c.obj (.text.__TI_doflush)
                  0000601a    00000002            : _lock.c.obj (.text._nop)
                  0000601c    00000050     libsysbm.a : close.c.obj (.text.close)
                  0000606c    00000048                : hostclose.c.obj (.text.HOSTclose)
                  000060b4    00000048                : hostunlink.c.obj (.text.HOSTunlink)
                  000060fc    00000048     SPI.o (.text.SPI_OutCommand)
                  00006144    00000040     SPI.o (.text.SPI_Reset)
                  00006184    00000040     libclang_rt.builtins.a : aeabi_uidivmod.S.obj (.text.__aeabi_uidivmod)
                  000061c4    00000040     libc.a : fopen.c.obj (.text._search_fp)
                  00006204    00000040            : atoi.c.obj (.text.atoi)
                  00006244    0000003c            : autoinit.c.obj (.text:__TI_auto_init_nobinit_nopinit)
                  00006280    0000003a     libclang_rt.builtins.a : muldsi3.S.obj (.text.__muldsi3)
                  000062ba    00000002     --HOLE-- [fill = 0]
                  000062bc    00000038     LaunchPad.o (.text.ActivatePortA_B)
                  000062f4    00000038     SPI.o (.text.SPI_OutData)
                  0000632c    00000036     BusyWait.o (.text)
                  00006362    00000002     --HOLE-- [fill = 0]
                  00006364    00000034     Clock.o (.text.Clock_Delay1ms)
                  00006398    00000034     ST7735.o (.text.ST7735_SetCursor)
                  000063cc    00000034     ST7735.o (.text.ST7735_write)
                  00006400    00000034     libc.a : fopen.c.obj (.text.__TI_cleanup)
                  00006434    00000034     libsysbm.a : trgmsg.c.obj (.text.__TI_readmsg)
                  00006468    00000034                : trgmsg.c.obj (.text.__TI_writemsg)
                  0000649c    00000034     libc.a : exit.c.obj (.text.exit)
                  000064d0    00000034            : getdevice.c.obj (.text.finddevice)
                  00006504    00000034            : fopen.c.obj (.text.freopen)
                  00006538    00000032     ST7735.o (.text.ST7735_Color565)
                  0000656a    00000002     --HOLE-- [fill = 0]
                  0000656c    00000030     ST7735.o (.text.commonInit)
                  0000659c    00000030     libc.a : fopen.c.obj (.text.fopen)
                  000065cc    0000002c     ST7735.o (.text.ST7735_FillScreen)
                  000065f8    0000002c     UARTbusywait.o (.text.UART_OutChar)
                  00006624    0000002c     libsysbm.a : unlink.c.obj (.text.unlink)
                  00006650    00000028     libc.a : memory.c.obj (.text.free_list_insert)
                  00006678    00000028     libsysbm.a : lseek.c.obj (.text.lseek)
                  000066a0    00000028                : write.c.obj (.text.write)
                  000066c8    00000028     libc.a : boot_cortex_m.c.obj (.text:_c_int00_noargs)
                  000066f0    00000026     ST7735.o (.text.ST7735_OutString)
                  00006716    00000026     UART.o (.text.UART_OutString)
                  0000673c    00000024     libclang_rt.builtins.a : muldi3.S.obj (.text.__muldi3)
                  00006760    00000022     libc.a : memccpy.c.obj (.text.memccpy)
                  00006782    00000002     --HOLE-- [fill = 0]
                  00006784    0000001e     libclang_rt.builtins.a : ashldi3.S.obj (.text.__ashldi3)
                  000067a2    0000001e     ST7735.o (.text.pushColor)
                  000067c0    0000001c     startup_mspm0g3507_ticlang.o (.text.Default_Handler)
                  000067dc    0000001c     startup_mspm0g3507_ticlang.o (.text.HardFault_Handler)
                  000067f8    0000001c     LaunchPad.o (.text.LaunchPad_InS2)
                  00006814    0000001c     ST7735.o (.text.ST7735_open)
                  00006830    0000001c     libc.a : memory.c.obj (.text.free_list_remove)
                  0000684c    00000016     ST7735.o (.text.ST7735_read)
                  00006862    00000016     libc.a : copy_zero_init.c.obj (.text:decompress:ZI:__TI_zero_init_nomemset)
                  00006878    00000014     libclang_rt.builtins.a : aeabi_uldivmod.S.obj (.text.__aeabi_uldivmod)
                  0000688c    00000012     libc.a : memcpy16.S.obj (.text:TI_memcpy_small)
                  0000689e    00000012            : copy_decompress_none.c.obj (.text:decompress:none)
                  000068b0    00000010     Clock.o (.text.Clock_Delay)
                  000068c0    00000010     LaunchPad.o (.text.Delay)
                  000068d0    00000010     libc.a : wcslen.c.obj (.text.wcslen)
                  000068e0    0000000e            : memory.c.obj (.text.OUTLINED_FUNCTION_0)
                  000068ee    0000000e     ST7735.o (.text.ST7735_lseek)
                  000068fc    0000000e     libclang_rt.builtins.a : aeabi_memset.S.obj (.text.__aeabi_memset)
                  0000690a    0000000e     libsysbm.a : hostrename.c.obj (.text.strcpy)
                  00006918    0000000e     libc.a : _printfi.c.obj (.text.strlen)
                  00006926    0000000e     libsysbm.a : hostrename.c.obj (.text.strlen)
                  00006934    0000000e     libc.a : memset16.S.obj (.text:TI_memset_small)
                  00006942    00000002     --HOLE-- [fill = 0]
                  00006944    0000000c     Clock.o (.text.Clock_Freq)
                  00006950    0000000c     ST7735.o (.text.ST7735_rename)
                  0000695c    0000000c     Lab6Grader.o (.text.TimerG7_Stop)
                  00006968    0000000c     libclang_rt.builtins.a : aeabi_memset.S.obj (.text.__aeabi_memclr)
                  00006974    0000000c     libc.a : memory.c.obj (.text.malloc)
                  00006980    0000000a     ST7735.o (.text.ST7735_close)
                  0000698a    0000000a     ST7735.o (.text.ST7735_unlink)
                  00006994    00000008     libclang_rt.builtins.a : aeabi_memcpy.S.obj (.text.__aeabi_memcpy)
                  0000699c    00000008     libc.a : printf.c.obj (.text._outc)
                  000069a4    00000008            : printf.c.obj (.text._outs)
                  000069ac    00000008            : fseek.c.obj (.text.fseek)
                  000069b4    00000008     libsysbm.a : remove.c.obj (.text.remove)
                  000069bc    00000004     startup_mspm0g3507_ticlang.o (.text.Reset_Handler)
                  000069c0    00000004     libc.a : pre_init.c.obj (.text._system_pre_init)
                  000069c4    00000004            : exit.c.obj (.text:abort)
                  000069c8    00000008     --HOLE-- [fill = 0]

.cinit     0    000069d0    00000098     
                  000069d0    0000006d     (.cinit..data.load) [load image, compression = lzss]
                  00006a3d    00000003     --HOLE-- [fill = 0]
                  00006a40    0000000c     (__TI_handler_table)
                  00006a4c    00000008     (.cinit..bss.load) [load image, compression = zero_init]
                  00006a54    00000010     (__TI_cinit_table)
                  00006a64    00000004     --HOLE-- [fill = 0]

.rodata    0    000000c0    00003990     
                  000000c0    00003200     Lab6Main.o (.rodata.Logo)
                  000032c0    000004fb     ST7735.o (.rodata.Font)
                  000037bb    00000003     Lab6Main.o (.rodata.str1.65024354797169010891)
                  000037be    00000002     ST7735.o (.rodata.str1.148211936385158013411)
                  000037c0    00000101     libc.a : aeabi_ctype.S.obj (.rodata:__aeabi_ctype_table_)
                  000038c1    0000003b     ST7735.o (.rodata.Rcmd1)
                  000038fc    00000030     Lab6Main.o (.rodata.TestData)
                  0000392c    0000002e     Lab6Main.o (.rodata.str1.158318044442960487381)
                  0000395a    0000002b     ST7735.o (.rodata.Rcmd3)
                  00003985    00000027     Lab6Grader.o (.rodata.str1.29392462771983453771)
                  000039ac    00000027     Lab6Grader.o (.rodata.str1.86854943644442302081)
                  000039d3    00000016     ST7735.o (.rodata.str1.73095474420347218781)
                  000039e9    00000011     libc.a : _printfi.c.obj (.rodata.str1.103488685894817597201)
                  000039fa    00000011            : _printfi.c.obj (.rodata.str1.153638888446227384661)
                  00003a0b    0000000e     Lab6Main.o (.rodata.str1.50469372644308648981)
                  00003a19    0000000d     ST7735.o (.rodata.Rcmd2green)
                  00003a26    0000000d     ST7735.o (.rodata.Rcmd2red)
                  00003a33    00000008     ST7735.o (.rodata.str1.130667516320998864821)
                  00003a3b    00000007     ST7735.o (.rodata.str1.141735596511136204671)
                  00003a42    00000007     ST7735.o (.rodata.str1.3667504851981887091)
                  00003a49    00000007     --HOLE-- [fill = 0]

.init_array 
*          0    00000000    00000000     UNINITIALIZED

.binit     0    00000000    00000000     

.sysmem    0    20200000    00000200     UNINITIALIZED
                  20200000    00000010     libc.a : memory.c.obj (.sysmem)
                  20200010    000001f0     --HOLE--

.bss       0    20200200    000001f1     UNINITIALIZED
                  20200200    00000120     libsysbm.a : trgmsg.c.obj (.bss:_CIOBUF_)
                  20200320    000000a0     libc.a : defs.c.obj (.bss.__TI_tmpnams)
                  202003c0    00000014     (.common:test)
                  202003d4    00000008     libsysbm.a : hostopen.c.obj (.bss.parmbuf)
                  202003dc    00000004     libc.a : memory.c.obj (.bss.sys_free)
                  202003e0    00000004     (.common:GraderStatus)
                  202003e4    00000004     (.common:GraderTime)
                  202003e8    00000004     (.common:whichbit)
                  202003ec    00000002     (.common:StTextColor)
                  202003ee    00000001     ST7735.o (.bss.ColStart)
                  202003ef    00000001     ST7735.o (.bss.RowStart)
                  202003f0    00000001     ST7735.o (.bss.TabColor)

.data      0    202003f4    000001f5     UNINITIALIZED
                  202003f4    000000f0     libc.a : defs.c.obj (.data._ftable)
                  202004e4    00000078     libsysbm.a : host_device.c.obj (.data._device)
                  2020055c    00000050                : host_device.c.obj (.data._stream)
                  202005ac    00000008     libc.a : exit.c.obj (.data..L_MergedGlobals)
                  202005b4    00000008     Lab6GraderWrapper.o (.data)
                  202005bc    00000004     Clock.o (.data.BusFreq)
                  202005c0    00000004     Lab6Grader.o (.data.Fail)
                  202005c4    00000004     ST7735.o (.data.StX)
                  202005c8    00000004     ST7735.o (.data.StY)
                  202005cc    00000004     libc.a : defs.c.obj (.data.__TI_ft_end)
                  202005d0    00000004            : aeabi_portable.c.obj (.data.__aeabi_errno)
                  202005d4    00000004            : _lock.c.obj (.data._lock)
                  202005d8    00000004            : _lock.c.obj (.data._unlock)
                  202005dc    00000002     ST7735.o (.data._height)
                  202005de    00000002     ST7735.o (.data._width)
                  202005e0    00000001     libsysbm.a : add_device.c.obj (.data.add_device.device_init)
                  202005e1    00000003     --HOLE--
                  202005e4    00000001     libc.a : memory.c.obj (.data.memory_is_initialized)
                  202005e5    00000003     --HOLE--
                  202005e8    00000001     libsysbm.a : open.c.obj (.data.open.stream_init)

.stack     0    20207e00    00000200     UNINITIALIZED
                  20207e00    00000004     libc.a : boot_cortex_m.c.obj (.stack)
                  20207e04    000001fc     --HOLE--

__llvm_prf_cnts 
*          0    20200000    00000000     UNINITIALIZED

__llvm_prf_bits 
*          0    20200000    00000000     UNINITIALIZED

MODULE SUMMARY

       Module                         code    ro data   rw data
       ------                         ----    -------   -------
    ../
       Lab6GraderWrapper.o            392     0         8      
    +--+------------------------------+-------+---------+---------+
       Total:                         392     0         8      
                                                               
    ./
       Lab6Main.o                     356     12911     20     
       ST7735.o                       2624    1449      17     
       Clock.o                        516     0         4      
       SPI.o                          440     0         0      
       Lab6Grader.o                   144     78        16     
       LaunchPad.o                    224     0         0      
       StringConversion.o             112     0         0      
       BusyWait.o                     54      0         0      
       UARTbusywait.o                 44      0         0      
       UART.o                         38      0         0      
    +--+------------------------------+-------+---------+---------+
       Total:                         4552    14438     57     
                                                               
    ./ticlang/
       startup_mspm0g3507_ticlang.o   60      192       0      
    +--+------------------------------+-------+---------+---------+
       Total:                         60      192       0      
                                                               
    /Applications/ti/ccs2000/ccs/tools/compiler/ti-cgt-armllvm_4.0.1.LTS/lib/armv6m-ti-none-eabi/c/libc.a
       _printfi.c.obj                 2166    34        0      
       memory.c.obj                   702     0         5      
       fopen.c.obj                    556     0         0      
       defs.c.obj                     0       0         404    
       aeabi_ctype.S.obj              0       257       0      
       fputs.c.obj                    248     0         0      
       setvbuf.c.obj                  224     0         0      
       getdevice.c.obj                160     0         0      
       fputc.c.obj                    156     0         0      
       strcmp-armv6m.S.obj            136     0         0      
       copy_decompress_lzss.c.obj     124     0         0      
       fclose.c.obj                   124     0         0      
       fseek.c.obj                    116     0         0      
       printf.c.obj                   108     0         0      
       _io_perm.c.obj                 100     0         0      
       fflush.c.obj                   82      0         0      
       atoi.c.obj                     64      0         0      
       exit.c.obj                     56      0         8      
       autoinit.c.obj                 60      0         0      
       boot_cortex_m.c.obj            40      0         0      
       memccpy.c.obj                  34      0         0      
       copy_zero_init.c.obj           22      0         0      
       copy_decompress_none.c.obj     18      0         0      
       memcpy16.S.obj                 18      0         0      
       wcslen.c.obj                   16      0         0      
       memset16.S.obj                 14      0         0      
       aeabi_portable.c.obj           8       0         4      
       _lock.c.obj                    2       0         8      
       pre_init.c.obj                 4       0         0      
    +--+------------------------------+-------+---------+---------+
       Total:                         5358    291       429    
                                                               
    /Applications/ti/ccs2000/ccs/tools/compiler/ti-cgt-armllvm_4.0.1.LTS/lib/armv6m-ti-none-eabi/c/libsysbm.a
       trgmsg.c.obj                   104     0         288    
       add_device.c.obj               236     0         1      
       host_device.c.obj              0       0         200    
       open.c.obj                     160     0         1      
       hostrename.c.obj               136     0         0      
       hostlseek.c.obj                108     0         0      
       hostopen.c.obj                 96      0         8      
       hostread.c.obj                 88      0         0      
       hostwrite.c.obj                88      0         0      
       close.c.obj                    80      0         0      
       hostclose.c.obj                72      0         0      
       hostunlink.c.obj               72      0         0      
       unlink.c.obj                   44      0         0      
       lseek.c.obj                    40      0         0      
       write.c.obj                    40      0         0      
       remove.c.obj                   8       0         0      
    +--+------------------------------+-------+---------+---------+
       Total:                         1372    0         498    
                                                               
    /Applications/ti/ccs2000/ccs/tools/compiler/ti-cgt-armllvm_4.0.1.LTS/lib/armv6m-ti-none-eabi/libclang_rt.builtins.a
       udivmoddi4.S.obj               162     0         0      
       aeabi_uidivmod.S.obj           64      0         0      
       muldsi3.S.obj                  58      0         0      
       muldi3.S.obj                   36      0         0      
       ashldi3.S.obj                  30      0         0      
       aeabi_memset.S.obj             26      0         0      
       aeabi_uldivmod.S.obj           20      0         0      
       aeabi_memcpy.S.obj             8       0         0      
       aeabi_div0.c.obj               4       0         0      
    +--+------------------------------+-------+---------+---------+
       Total:                         408     0         0      
                                                               
       Heap:                          0       0         512    
       Stack:                         0       0         512    
       Linker Generated:              0       145       0      
    +--+------------------------------+-------+---------+---------+
       Grand Total:                   12142   15066     2016   


LINKER GENERATED COPY TABLES

__TI_cinit_table @ 00006a54 records: 2, size/record: 8, table size: 16
	.data: load addr=000069d0, load size=0000006d bytes, run addr=202003f4, run size=000001f5 bytes, compression=lzss
	.bss: load addr=00006a4c, load size=00000008 bytes, run addr=20200200, run size=000001f1 bytes, compression=zero_init


LINKER GENERATED HANDLER TABLE

__TI_handler_table @ 00006a40 records: 3, size/record: 4, table size: 12
	index: 0, handler: __TI_decompress_lzss
	index: 1, handler: __TI_decompress_none
	index: 2, handler: __TI_zero_init


GLOBAL SYMBOLS: SORTED ALPHABETICALLY BY Name 

address   name                          
-------   ----                          
000067c1  ADC0_IRQHandler               
000067c1  ADC1_IRQHandler               
000067c1  AES_IRQHandler                
000062bd  ActivatePortA_B               
202005bc  BusFreq                       
000069c4  C$$EXIT                       
00006495  C$$IO$$                       
000067c1  CANFD0_IRQHandler             
000068b1  Clock_Delay                   
00006365  Clock_Delay1ms                
00006945  Clock_Freq                    
000044c9  Clock_Init80MHz               
000067c1  DAC0_IRQHandler               
000067c1  DMA_IRQHandler                
00004958  Dec2String                    
000067c1  Default_Handler               
000068c1  Delay                         
000067c1  GROUP0_IRQHandler             
000067c1  GROUP1_IRQHandler             
202003e0  GraderStatus                  
202003e4  GraderTime                    
0000606d  HOSTclose                     
00005be5  HOSTlseek                     
00005e5d  HOSTopen                      
00005f19  HOSTread                      
00005c51  HOSTrename                    
000060b5  HOSTunlink                    
00005f71  HOSTwrite                     
000067dd  HardFault_Handler             
000067c1  I2C0_IRQHandler               
000067c1  I2C1_IRQHandler               
000067f9  LaunchPad_InS2                
00005a01  LaunchPad_Init                
000000c0  Logo                          
000067c1  NMI_Handler                   
0000496c  OutChar                       
00005bb4  OutDec                        
000067c1  PendSV_Handler                
000067c1  RTC_IRQHandler                
000069bd  Reset_Handler                 
000067c1  SPI0_IRQHandler               
000067c1  SPI1_IRQHandler               
0000632c  SPIOutCommand                 
0000634c  SPIOutData                    
00004e91  SPI_Init                      
000060fd  SPI_OutCommand                
000062f5  SPI_OutData                   
00006145  SPI_Reset                     
00006539  ST7735_Color565               
000042b9  ST7735_DrawBitmap             
0000467d  ST7735_DrawChar               
000058f9  ST7735_DrawString             
00004c65  ST7735_FillRect               
000065cd  ST7735_FillScreen             
00005565  ST7735_InitPrintf             
00005605  ST7735_InitR                  
0000516d  ST7735_OutChar                
000066f1  ST7735_OutString              
00006399  ST7735_SetCursor              
00006981  ST7735_close                  
000068ef  ST7735_lseek                  
00006815  ST7735_open                   
0000684d  ST7735_read                   
00006951  ST7735_rename                 
0000698b  ST7735_unlink                 
000063cd  ST7735_write                  
000067c1  SVC_Handler                   
202003ec  StTextColor                   
202005c4  StX                           
202005c8  StY                           
000067c1  SysTick_Handler               
000067c1  TIMA0_IRQHandler              
000067c1  TIMA1_IRQHandler              
000067c1  TIMG0_IRQHandler              
000067c1  TIMG12_IRQHandler             
000067c1  TIMG6_IRQHandler              
0000597d  TIMG7_IRQHandler              
000067c1  TIMG8_IRQHandler              
0000688d  TI_memcpy_small               
00006935  TI_memset_small               
000038fc  TestData                      
00005b74  Test_udivby10                 
0000695d  TimerG7_Stop                  
000067c1  UART0_IRQHandler              
000067c1  UART1_IRQHandler              
000067c1  UART2_IRQHandler              
000067c1  UART3_IRQHandler              
000065f9  UART_OutChar                  
00006717  UART_OutString                
20200200  _CIOBUF_                      
20200200  __CIOBUF_                     
20208000  __STACK_END                   
00000200  __STACK_SIZE                  
00000200  __SYSMEM_SIZE                 
00000000  __TI_ATRegion0_region_sz      
00000000  __TI_ATRegion0_src_addr       
00000000  __TI_ATRegion0_trg_addr       
00000000  __TI_ATRegion1_region_sz      
00000000  __TI_ATRegion1_src_addr       
00000000  __TI_ATRegion1_trg_addr       
00000000  __TI_ATRegion2_region_sz      
00000000  __TI_ATRegion2_src_addr       
00000000  __TI_ATRegion2_trg_addr       
00006a54  __TI_CINIT_Base               
00006a64  __TI_CINIT_Limit              
00006a64  __TI_CINIT_Warm               
00006a40  __TI_Handler_Table_Base       
00006a4c  __TI_Handler_Table_Limit      
00006245  __TI_auto_init_nobinit_nopinit
00006401  __TI_cleanup                  
202005ac  __TI_cleanup_ptr              
00005a7d  __TI_closefile                
00005af9  __TI_decompress_lzss          
0000689f  __TI_decompress_none          
00005fc9  __TI_doflush                  
202005b0  __TI_dtors_ptr                
202005cc  __TI_ft_end                   
ffffffff  __TI_pprof_out_hndl           
00003a51  __TI_printfi_nofloat          
ffffffff  __TI_prof_data_size           
ffffffff  __TI_prof_data_start          
00006435  __TI_readmsg                  
00000000  __TI_static_base__            
20200320  __TI_tmpnams                  
00006469  __TI_writemsg                 
00005d95  __TI_wrt_ok                   
00006863  __TI_zero_init_nomemset       
000037c0  __aeabi_ctype_table_          
000037c0  __aeabi_ctype_table_C         
202005d0  __aeabi_errno                 
00005869  __aeabi_errno_addr            
000054bf  __aeabi_idiv0                 
00005563  __aeabi_ldiv0                 
00006785  __aeabi_llsl                  
0000673d  __aeabi_lmul                  
00006969  __aeabi_memclr                
00006969  __aeabi_memclr4               
00006969  __aeabi_memclr8               
00006995  __aeabi_memcpy                
00006995  __aeabi_memcpy4               
00006995  __aeabi_memcpy8               
000068fd  __aeabi_memset                
000068fd  __aeabi_memset4               
000068fd  __aeabi_memset8               
00006185  __aeabi_uidiv                 
00006185  __aeabi_uidivmod              
00006879  __aeabi_uldivmod              
00006785  __ashldi3                     
ffffffff  __binit__                     
UNDEFED   __mpu_init                    
0000673d  __muldi3                      
00006281  __muldsi3                     
20207e00  __stack                       
20200000  __start___llvm_prf_bits       
20200000  __start___llvm_prf_cnts       
20200000  __stop___llvm_prf_bits        
20200000  __stop___llvm_prf_cnts        
000054c1  __udivmoddi4                  
000066c9  _c_int00_noargs               
202004e4  _device                       
202003f4  _ftable                       
202005d4  _lock                         
0000601b  _nop                          
2020055c  _stream                       
20200000  _sys_memory                   
UNDEFED   _system_post_cinit            
000069c1  _system_pre_init              
202005d8  _unlock                       
000069c5  abort                         
00005081  add_device                    
00004d7d  aligned_alloc                 
00006205  atoi                          
ffffffff  binit                         
0000601d  close                         
0000649d  exit                          
000064d1  finddevice                    
0000659d  fopen                         
00005745  fputc                         
00004f89  fputs                         
00005255  free                          
00006505  freopen                       
000069ad  fseek                         
00005cbd  fseeko                        
00005d29  getdevice                     
00000000  interruptVectors              
00006679  lseek                         
000049ad  main                          
00006975  malloc                        
00004d7d  memalign                      
00006761  memccpy                       
00004904  myDec2String                  
000056a5  open                          
202003d4  parmbuf                       
00005ebd  printf                        
000069b5  remove                        
0000533d  setvbuf                       
00005871  strcmp                        
202003c0  test                          
0000489c  testDec2String                
00004824  testSPIOutCommand             
00004860  testSPIOutData                
00006625  unlink                        
000068d1  wcslen                        
202003e8  whichbit                      
000066a1  write                         


GLOBAL SYMBOLS: SORTED BY Symbol Address 

address   name                          
-------   ----                          
00000000  __TI_ATRegion0_region_sz      
00000000  __TI_ATRegion0_src_addr       
00000000  __TI_ATRegion0_trg_addr       
00000000  __TI_ATRegion1_region_sz      
00000000  __TI_ATRegion1_src_addr       
00000000  __TI_ATRegion1_trg_addr       
00000000  __TI_ATRegion2_region_sz      
00000000  __TI_ATRegion2_src_addr       
00000000  __TI_ATRegion2_trg_addr       
00000000  __TI_static_base__            
00000000  interruptVectors              
000000c0  Logo                          
00000200  __STACK_SIZE                  
00000200  __SYSMEM_SIZE                 
000037c0  __aeabi_ctype_table_          
000037c0  __aeabi_ctype_table_C         
000038fc  TestData                      
00003a51  __TI_printfi_nofloat          
000042b9  ST7735_DrawBitmap             
000044c9  Clock_Init80MHz               
0000467d  ST7735_DrawChar               
00004824  testSPIOutCommand             
00004860  testSPIOutData                
0000489c  testDec2String                
00004904  myDec2String                  
00004958  Dec2String                    
0000496c  OutChar                       
000049ad  main                          
00004c65  ST7735_FillRect               
00004d7d  aligned_alloc                 
00004d7d  memalign                      
00004e91  SPI_Init                      
00004f89  fputs                         
00005081  add_device                    
0000516d  ST7735_OutChar                
00005255  free                          
0000533d  setvbuf                       
000054bf  __aeabi_idiv0                 
000054c1  __udivmoddi4                  
00005563  __aeabi_ldiv0                 
00005565  ST7735_InitPrintf             
00005605  ST7735_InitR                  
000056a5  open                          
00005745  fputc                         
00005869  __aeabi_errno_addr            
00005871  strcmp                        
000058f9  ST7735_DrawString             
0000597d  TIMG7_IRQHandler              
00005a01  LaunchPad_Init                
00005a7d  __TI_closefile                
00005af9  __TI_decompress_lzss          
00005b74  Test_udivby10                 
00005bb4  OutDec                        
00005be5  HOSTlseek                     
00005c51  HOSTrename                    
00005cbd  fseeko                        
00005d29  getdevice                     
00005d95  __TI_wrt_ok                   
00005e5d  HOSTopen                      
00005ebd  printf                        
00005f19  HOSTread                      
00005f71  HOSTwrite                     
00005fc9  __TI_doflush                  
0000601b  _nop                          
0000601d  close                         
0000606d  HOSTclose                     
000060b5  HOSTunlink                    
000060fd  SPI_OutCommand                
00006145  SPI_Reset                     
00006185  __aeabi_uidiv                 
00006185  __aeabi_uidivmod              
00006205  atoi                          
00006245  __TI_auto_init_nobinit_nopinit
00006281  __muldsi3                     
000062bd  ActivatePortA_B               
000062f5  SPI_OutData                   
0000632c  SPIOutCommand                 
0000634c  SPIOutData                    
00006365  Clock_Delay1ms                
00006399  ST7735_SetCursor              
000063cd  ST7735_write                  
00006401  __TI_cleanup                  
00006435  __TI_readmsg                  
00006469  __TI_writemsg                 
00006495  C$$IO$$                       
0000649d  exit                          
000064d1  finddevice                    
00006505  freopen                       
00006539  ST7735_Color565               
0000659d  fopen                         
000065cd  ST7735_FillScreen             
000065f9  UART_OutChar                  
00006625  unlink                        
00006679  lseek                         
000066a1  write                         
000066c9  _c_int00_noargs               
000066f1  ST7735_OutString              
00006717  UART_OutString                
0000673d  __aeabi_lmul                  
0000673d  __muldi3                      
00006761  memccpy                       
00006785  __aeabi_llsl                  
00006785  __ashldi3                     
000067c1  ADC0_IRQHandler               
000067c1  ADC1_IRQHandler               
000067c1  AES_IRQHandler                
000067c1  CANFD0_IRQHandler             
000067c1  DAC0_IRQHandler               
000067c1  DMA_IRQHandler                
000067c1  Default_Handler               
000067c1  GROUP0_IRQHandler             
000067c1  GROUP1_IRQHandler             
000067c1  I2C0_IRQHandler               
000067c1  I2C1_IRQHandler               
000067c1  NMI_Handler                   
000067c1  PendSV_Handler                
000067c1  RTC_IRQHandler                
000067c1  SPI0_IRQHandler               
000067c1  SPI1_IRQHandler               
000067c1  SVC_Handler                   
000067c1  SysTick_Handler               
000067c1  TIMA0_IRQHandler              
000067c1  TIMA1_IRQHandler              
000067c1  TIMG0_IRQHandler              
000067c1  TIMG12_IRQHandler             
000067c1  TIMG6_IRQHandler              
000067c1  TIMG8_IRQHandler              
000067c1  UART0_IRQHandler              
000067c1  UART1_IRQHandler              
000067c1  UART2_IRQHandler              
000067c1  UART3_IRQHandler              
000067dd  HardFault_Handler             
000067f9  LaunchPad_InS2                
00006815  ST7735_open                   
0000684d  ST7735_read                   
00006863  __TI_zero_init_nomemset       
00006879  __aeabi_uldivmod              
0000688d  TI_memcpy_small               
0000689f  __TI_decompress_none          
000068b1  Clock_Delay                   
000068c1  Delay                         
000068d1  wcslen                        
000068ef  ST7735_lseek                  
000068fd  __aeabi_memset                
000068fd  __aeabi_memset4               
000068fd  __aeabi_memset8               
00006935  TI_memset_small               
00006945  Clock_Freq                    
00006951  ST7735_rename                 
0000695d  TimerG7_Stop                  
00006969  __aeabi_memclr                
00006969  __aeabi_memclr4               
00006969  __aeabi_memclr8               
00006975  malloc                        
00006981  ST7735_close                  
0000698b  ST7735_unlink                 
00006995  __aeabi_memcpy                
00006995  __aeabi_memcpy4               
00006995  __aeabi_memcpy8               
000069ad  fseek                         
000069b5  remove                        
000069bd  Reset_Handler                 
000069c1  _system_pre_init              
000069c4  C$$EXIT                       
000069c5  abort                         
00006a40  __TI_Handler_Table_Base       
00006a4c  __TI_Handler_Table_Limit      
00006a54  __TI_CINIT_Base               
00006a64  __TI_CINIT_Limit              
00006a64  __TI_CINIT_Warm               
20200000  __start___llvm_prf_bits       
20200000  __start___llvm_prf_cnts       
20200000  __stop___llvm_prf_bits        
20200000  __stop___llvm_prf_cnts        
20200000  _sys_memory                   
20200200  _CIOBUF_                      
20200200  __CIOBUF_                     
20200320  __TI_tmpnams                  
202003c0  test                          
202003d4  parmbuf                       
202003e0  GraderStatus                  
202003e4  GraderTime                    
202003e8  whichbit                      
202003ec  StTextColor                   
202003f4  _ftable                       
202004e4  _device                       
2020055c  _stream                       
202005ac  __TI_cleanup_ptr              
202005b0  __TI_dtors_ptr                
202005bc  BusFreq                       
202005c4  StX                           
202005c8  StY                           
202005cc  __TI_ft_end                   
202005d0  __aeabi_errno                 
202005d4  _lock                         
202005d8  _unlock                       
20207e00  __stack                       
20208000  __STACK_END                   
ffffffff  __TI_pprof_out_hndl           
ffffffff  __TI_prof_data_size           
ffffffff  __TI_prof_data_start          
ffffffff  __binit__                     
ffffffff  binit                         
UNDEFED   __mpu_init                    
UNDEFED   _system_post_cinit            

[205 symbols]
